Archive member included to satisfy reference by file (symbol)

C:/ST/STM32CubeIDE_2.0.0/STM32CubeIDE/plugins/com.st.stm32cube.ide.mcu.externaltools.gnu-tools-for-stm32.13.3.rel1.win32_1.0.100.202509120712/tools/bin/../lib/gcc/arm-none-eabi/13.3.1/../../../../arm-none-eabi/lib/thumb/v7e-m+fp/hard\libc_nano.a(libc_a-atof.o)
                              ./USB_DEVICE/App/usbd_cdc_if.o (atof)
C:/ST/STM32CubeIDE_2.0.0/STM32CubeIDE/plugins/com.st.stm32cube.ide.mcu.externaltools.gnu-tools-for-stm32.13.3.rel1.win32_1.0.100.202509120712/tools/bin/../lib/gcc/arm-none-eabi/13.3.1/../../../../arm-none-eabi/lib/thumb/v7e-m+fp/hard\libc_nano.a(libc_a-atoi.o)
                              ./USB_DEVICE/App/usbd_cdc_if.o (atoi)
C:/ST/STM32CubeIDE_2.0.0/STM32CubeIDE/plugins/com.st.stm32cube.ide.mcu.externaltools.gnu-tools-for-stm32.13.3.rel1.win32_1.0.100.202509120712/tools/bin/../lib/gcc/arm-none-eabi/13.3.1/../../../../arm-none-eabi/lib/thumb/v7e-m+fp/hard\libc_nano.a(libc_a-exit.o)
                              C:/ST/STM32CubeIDE_2.0.0/STM32CubeIDE/plugins/com.st.stm32cube.ide.mcu.externaltools.gnu-tools-for-stm32.13.3.rel1.win32_1.0.100.202509120712/tools/bin/../lib/gcc/arm-none-eabi/13.3.1/../../../../arm-none-eabi/lib/thumb/v7e-m+fp/hard/crt0.o (exit)
C:/ST/STM32CubeIDE_2.0.0/STM32CubeIDE/plugins/com.st.stm32cube.ide.mcu.externaltools.gnu-tools-for-stm32.13.3.rel1.win32_1.0.100.202509120712/tools/bin/../lib/gcc/arm-none-eabi/13.3.1/../../../../arm-none-eabi/lib/thumb/v7e-m+fp/hard\libc_nano.a(libc_a-strtod.o)
                              C:/ST/STM32CubeIDE_2.0.0/STM32CubeIDE/plugins/com.st.stm32cube.ide.mcu.externaltools.gnu-tools-for-stm32.13.3.rel1.win32_1.0.100.202509120712/tools/bin/../lib/gcc/arm-none-eabi/13.3.1/../../../../arm-none-eabi/lib/thumb/v7e-m+fp/hard\libc_nano.a(libc_a-atof.o) (strtod)
C:/ST/STM32CubeIDE_2.0.0/STM32CubeIDE/plugins/com.st.stm32cube.ide.mcu.externaltools.gnu-tools-for-stm32.13.3.rel1.win32_1.0.100.202509120712/tools/bin/../lib/gcc/arm-none-eabi/13.3.1/../../../../arm-none-eabi/lib/thumb/v7e-m+fp/hard\libc_nano.a(libc_a-strtol.o)
                              C:/ST/STM32CubeIDE_2.0.0/STM32CubeIDE/plugins/com.st.stm32cube.ide.mcu.externaltools.gnu-tools-for-stm32.13.3.rel1.win32_1.0.100.202509120712/tools/bin/../lib/gcc/arm-none-eabi/13.3.1/../../../../arm-none-eabi/lib/thumb/v7e-m+fp/hard\libc_nano.a(libc_a-atoi.o) (_strtol_r)
C:/ST/STM32CubeIDE_2.0.0/STM32CubeIDE/plugins/com.st.stm32cube.ide.mcu.externaltools.gnu-tools-for-stm32.13.3.rel1.win32_1.0.100.202509120712/tools/bin/../lib/gcc/arm-none-eabi/13.3.1/../../../../arm-none-eabi/lib/thumb/v7e-m+fp/hard\libc_nano.a(libc_a-ctype_.o)
                              C:/ST/STM32CubeIDE_2.0.0/STM32CubeIDE/plugins/com.st.stm32cube.ide.mcu.externaltools.gnu-tools-for-stm32.13.3.rel1.win32_1.0.100.202509120712/tools/bin/../lib/gcc/arm-none-eabi/13.3.1/../../../../arm-none-eabi/lib/thumb/v7e-m+fp/hard\libc_nano.a(libc_a-strtol.o) (_ctype_)
C:/ST/STM32CubeIDE_2.0.0/STM32CubeIDE/plugins/com.st.stm32cube.ide.mcu.externaltools.gnu-tools-for-stm32.13.3.rel1.win32_1.0.100.202509120712/tools/bin/../lib/gcc/arm-none-eabi/13.3.1/../../../../arm-none-eabi/lib/thumb/v7e-m+fp/hard\libc_nano.a(libc_a-nano-vfprintf_float.o)
                              (_printf_float)
C:/ST/STM32CubeIDE_2.0.0/STM32CubeIDE/plugins/com.st.stm32cube.ide.mcu.externaltools.gnu-tools-for-stm32.13.3.rel1.win32_1.0.100.202509120712/tools/bin/../lib/gcc/arm-none-eabi/13.3.1/../../../../arm-none-eabi/lib/thumb/v7e-m+fp/hard\libc_nano.a(libc_a-nano-vfprintf_i.o)
                              C:/ST/STM32CubeIDE_2.0.0/STM32CubeIDE/plugins/com.st.stm32cube.ide.mcu.externaltools.gnu-tools-for-stm32.13.3.rel1.win32_1.0.100.202509120712/tools/bin/../lib/gcc/arm-none-eabi/13.3.1/../../../../arm-none-eabi/lib/thumb/v7e-m+fp/hard\libc_nano.a(libc_a-nano-vfprintf_float.o) (_printf_common)
C:/ST/STM32CubeIDE_2.0.0/STM32CubeIDE/plugins/com.st.stm32cube.ide.mcu.externaltools.gnu-tools-for-stm32.13.3.rel1.win32_1.0.100.202509120712/tools/bin/../lib/gcc/arm-none-eabi/13.3.1/../../../../arm-none-eabi/lib/thumb/v7e-m+fp/hard\libc_nano.a(libc_a-nano-vfscanf_float.o)
                              (_scanf_float)
C:/ST/STM32CubeIDE_2.0.0/STM32CubeIDE/plugins/com.st.stm32cube.ide.mcu.externaltools.gnu-tools-for-stm32.13.3.rel1.win32_1.0.100.202509120712/tools/bin/../lib/gcc/arm-none-eabi/13.3.1/../../../../arm-none-eabi/lib/thumb/v7e-m+fp/hard\libc_nano.a(libc_a-findfp.o)
                              C:/ST/STM32CubeIDE_2.0.0/STM32CubeIDE/plugins/com.st.stm32cube.ide.mcu.externaltools.gnu-tools-for-stm32.13.3.rel1.win32_1.0.100.202509120712/tools/bin/../lib/gcc/arm-none-eabi/13.3.1/../../../../arm-none-eabi/lib/thumb/v7e-m+fp/hard\libc_nano.a(libc_a-exit.o) (__stdio_exit_handler)
[...]
Memory Configuration

Name             Origin             Length             Attributes
RAM              0x20000000         0x00020000         xrw
FLASH            0x08000000         0x00080000         xr
*default*        0x00000000         0xffffffff

Linker script and memory map

LOAD C:/ST/STM32CubeIDE_2.0.0/STM32CubeIDE/plugins/com.st.stm32cube.ide.mcu.externaltools.gnu-tools-for-stm32.13.3.rel1.win32_1.0.100.202509120712/tools/bin/../lib/gcc/arm-none-eabi/13.3.1/thumb/v7e-m+fp/hard/crti.o
LOAD C:/ST/STM32CubeIDE_2.0.0/STM32CubeIDE/plugins/com.st.stm32cube.ide.mcu.externaltools.gnu-tools-for-stm32.13.3.rel1.win32_1.0.100.202509120712/tools/bin/../lib/gcc/arm-none-eabi/13.3.1/thumb/v7e-m+fp/hard/crtbegin.o
LOAD C:/ST/STM32CubeIDE_2.0.0/STM32CubeIDE/plugins/com.st.stm32cube.ide.mcu.externaltools.gnu-tools-for-stm32.13.3.rel1.win32_1.0.100.202509120712/tools/bin/../lib/gcc/arm-none-eabi/13.3.1/../../../../arm-none-eabi/lib/thumb/v7e-m+fp/hard/crt0.o
LOAD ./Core/Src/fonts.o
LOAD ./Core/Src/main.o
LOAD ./Core/Src/ssd1306.o
LOAD ./Core/Src/stm32f4xx_hal_msp.o
LOAD ./Core/Src/stm32f4xx_it.o
LOAD ./Core/Src/syscalls.o
LOAD ./Core/Src/sysmem.o
LOAD ./Core/Src/system_stm32f4xx.o
LOAD ./Core/Startup/startup_stm32f411ceux.o
LOAD ./Drivers/STM32F4xx_HAL_Driver/Src/stm32f4xx_hal.o
LOAD ./Drivers/STM32F4xx_HAL_Driver/Src/stm32f4xx_hal_adc.o
LOAD ./Drivers/STM32F4xx_HAL_Driver/Src/stm32f4xx_hal_adc_ex.o
LOAD ./Drivers/STM32F4xx_HAL_Driver/Src/stm32f4xx_hal_cortex.o
LOAD ./Drivers/STM32F4xx_HAL_Driver/Src/stm32f4xx_hal_dma.o
LOAD ./Drivers/STM32F4xx_HAL_Driver/Src/stm32f4xx_hal_dma_ex.o
LOAD ./Drivers/STM32F4xx_HAL_Driver/Src/stm32f4xx_hal_exti.o
LOAD ./Drivers/STM32F4xx_HAL_Driver/Src/stm32f4xx_hal_flash.o
LOAD ./Drivers/STM32F4xx_HAL_Driver/Src/stm32f4xx_hal_flash_ex.o
LOAD ./Drivers/STM32F4xx_HAL_Driver/Src/stm32f4xx_hal_flash_ramfunc.o
LOAD ./Drivers/STM32F4xx_HAL_Driver/Src/stm32f4xx_hal_gpio.o
LOAD ./Drivers/STM32F4xx_HAL_Driver/Src/stm32f4xx_hal_i2c.o
LOAD ./Drivers/STM32F4xx_HAL_Driver/Src/stm32f4xx_hal_i2c_ex.o
LOAD ./Drivers/STM32F4xx_HAL_Driver/Src/stm32f4xx_hal_pcd.o
LOAD ./Drivers/STM32F4xx_HAL_Driver/Src/stm32f4xx_hal_pcd_ex.o
LOAD ./Drivers/STM32F4xx_HAL_Driver/Src/stm32f4xx_hal_pwr.o
LOAD ./Drivers/STM32F4xx_HAL_Driver/Src/stm32f4xx_hal_pwr_ex.o
LOAD ./Drivers/STM32F4xx_HAL_Driver/Src/stm32f4xx_hal_rcc.o
LOAD ./Drivers/STM32F4xx_HAL_Driver/Src/stm32f4xx_hal_rcc_ex.o
LOAD ./Drivers/STM32F4xx_HAL_Driver/Src/stm32f4xx_hal_tim.o
LOAD ./Drivers/STM32F4xx_HAL_Driver/Src/stm32f4xx_hal_tim_ex.o
LOAD ./Drivers/STM32F4xx_HAL_Driver/Src/stm32f4xx_hal_uart.o
LOAD ./Drivers/STM32F4xx_HAL_Driver/Src/stm32f4xx_ll_adc.o
LOAD ./Drivers/STM32F4xx_HAL_Driver/Src/stm32f4xx_ll_usb.o
LOAD ./Middlewares/ST/STM32_USB_Device_Library/Class/CDC/Src/usbd_cdc.o
LOAD ./Middlewares/ST/STM32_USB_Device_Library/Core/Src/usbd_core.o
LOAD ./Middlewares/ST/STM32_USB_Device_Library/Core/Src/usbd_ctlreq.o
LOAD ./Middlewares/ST/STM32_USB_Device_Library/Core/Src/usbd_ioreq.o
LOAD ./USB_DEVICE/App/usb_device.o
LOAD ./USB_DEVICE/App/usbd_cdc_if.o
LOAD ./USB_DEVICE/App/usbd_desc.o
LOAD ./USB_DEVICE/Target/usbd_conf.o
START GROUP
LOAD C:/ST/STM32CubeIDE_2.0.0/STM32CubeIDE/plugins/com.st.stm32cube.ide.mcu.externaltools.gnu-tools-for-stm32.13.3.rel1.win32_1.0.100.202509120712/tools/bin/../lib/gcc/arm-none-eabi/13.3.1/../../../../arm-none-eabi/lib/thumb/v7e-m+fp/hard\libc_nano.a
LOAD C:/ST/STM32CubeIDE_2.0.0/STM32CubeIDE/plugins/com.st.stm32cube.ide.mcu.externaltools.gnu-tools-for-stm32.13.3.rel1.win32_1.0.100.202509120712/tools/bin/../lib/gcc/arm-none-eabi/13.3.1/../../../../arm-none-eabi/lib/thumb/v7e-m+fp/hard\libm.a
END GROUP
START GROUP
LOAD C:/ST/STM32CubeIDE_2.0.0/STM32CubeIDE/plugins/com.st.stm32cube.ide.mcu.externaltools.gnu-tools-for-stm32.13.3.rel1.win32_1.0.100.202509120712/tools/bin/../lib/gcc/arm-none-eabi/13.3.1/thumb/v7e-m+fp/hard\libgcc.a
LOAD C:/ST/STM32CubeIDE_2.0.0/STM32CubeIDE/plugins/com.st.stm32cube.ide.mcu.externaltools.gnu-tools-for-stm32.13.3.rel1.win32_1.0.100.202509120712/tools/bin/../lib/gcc/arm-none-eabi/13.3.1/../../../../arm-none-eabi/lib/thumb/v7e-m+fp/hard\libc_nano.a
END GROUP
START GROUP
LOAD C:/ST/STM32CubeIDE_2.0.0/STM32CubeIDE/plugins/com.st.stm32cube.ide.mcu.externaltools.gnu-tools-for-stm32.13.3.rel1.win32_1.0.100.202509120712/tools/bin/../lib/gcc/arm-none-eabi/13.3.1/thumb/v7e-m+fp/hard\libgcc.a
LOAD C:/ST/STM32CubeIDE_2.0.0/STM32CubeIDE/plugins/com.st.stm32cube.ide.mcu.externaltools.gnu-tools-for-stm32.13.3.rel1.win32_1.0.100.202509120712/tools/bin/../lib/gcc/arm-none-eabi/13.3.1/../../../../arm-none-eabi/lib/thumb/v7e-m+fp/hard\libc_nano.a
LOAD C:/ST/STM32CubeIDE_2.0.0/STM32CubeIDE/plugins/com.st.stm32cube.ide.mcu.externaltools.gnu-tools-for-stm32.13.3.rel1.win32_1.0.100.202509120712/tools/bin/../lib/gcc/arm-none-eabi/13.3.1/../../../../arm-none-eabi/lib/thumb/v7e-m+fp/hard\libnosys.a
END GROUP
START GROUP
LOAD C:/ST/STM32CubeIDE_2.0.0/STM32CubeIDE/plugins/com.st.stm32cube.ide.mcu.externaltools.gnu-tools-for-stm32.13.3.rel1.win32_1.0.100.202509120712/tools/bin/../lib/gcc/arm-none-eabi/13.3.1/thumb/v7e-m+fp/hard\libgcc.a
LOAD C:/ST/STM32CubeIDE_2.0.0/STM32CubeIDE/plugins/com.st.stm32cube.ide.mcu.externaltools.gnu-tools-for-stm32.13.3.rel1.win32_1.0.100.202509120712/tools/bin/../lib/gcc/arm-none-eabi/13.3.1/../../../../arm-none-eabi/lib/thumb/v7e-m+fp/hard\libc_nano.a
LOAD C:/ST/STM32CubeIDE_2.0.0/STM32CubeIDE/plugins/com.st.stm32cube.ide.mcu.externaltools.gnu-tools-for-stm32.13.3.rel1.win32_1.0.100.202509120712/tools/bin/../lib/gcc/arm-none-eabi/13.3.1/../../../../arm-none-eabi/lib/thumb/v7e-m+fp/hard\libnosys.a
END GROUP
LOAD C:/ST/STM32CubeIDE_2.0.0/STM32CubeIDE/plugins/com.st.stm32cube.ide.mcu.externaltools.gnu-tools-for-stm32.13.3.rel1.win32_1.0.100.202509120712/tools/bin/../lib/gcc/arm-none-eabi/13.3.1/thumb/v7e-m+fp/hard/crtend.o
LOAD C:/ST/STM32CubeIDE_2.0.0/STM32CubeIDE/plugins/com.st.stm32cube.ide.mcu.externaltools.gnu-tools-for-stm32.13.3.rel1.win32_1.0.100.202509120712/tools/bin/../lib/gcc/arm-none-eabi/13.3.1/thumb/v7e-m+fp/hard/crtn.o
                0x20020000                        _estack = (ORIGIN (RAM) + LENGTH (RAM))
                0x00000200                        _Min_Heap_Size = 0x200
                0x00000400                        _Min_Stack_Size = 0x400

.isr_vector     0x08000000      0x198
                0x08000000                        . = ALIGN (0x4)
 *(.isr_vector)
 .isr_vector    0x08000000      0x198 ./Core/Startup/startup_stm32f411ceux.o
                0x08000000                g_pfnVectors
                0x08000198                        . = ALIGN (0x4)

.text           0x080001a0    0x16500
                0x080001a0                        . = ALIGN (0x4)
 *(.text)
 .text          0x080001a0       0x40 C:/ST/STM32CubeIDE_2.0.0/STM32CubeIDE/plugins/com.st.stm32cube.ide.mcu.externaltools.gnu-tools-for-stm32.13.3.rel1.win32_1.0.100.202509120712/tools/bin/../lib/gcc/arm-none-eabi/13.3.1/thumb/v7e-m+fp/hard/crtbegin.o
 .text          0x080001e0       0xa0 C:/ST/STM32CubeIDE_2.0.0/STM32CubeIDE/plugins/com.st.stm32cube.ide.mcu.externaltools.gnu-tools-for-stm32.13.3.rel1.win32_1.0.100.202509120712/tools/bin/../lib/gcc/arm-none-eabi/13.3.1/../../../../arm-none-eabi/lib/thumb/v7e-m+fp/hard\libc_nano.a(libc_a-memchr.o)
                0x080001e0                memchr
 .text          0x08000280       0x10 C:/ST/STM32CubeIDE_2.0.0/STM32CubeIDE/plugins/com.st.stm32cube.ide.mcu.externaltools.gnu-tools-for-stm32.13.3.rel1.win32_1.0.100.202509120712/tools/bin/../lib/gcc/arm-none-eabi/13.3.1/../../../../arm-none-eabi/lib/thumb/v7e-m+fp/hard\libc_nano.a(libc_a-strlen.o)
                0x08000280                strlen
 .text          0x08000290      0x378 C:/ST/STM32CubeIDE_2.0.0/STM32CubeIDE/plugins/com.st.stm32cube.ide.mcu.externaltools.gnu-tools-for-stm32.13.3.rel1.win32_1.0.100.202509120712/tools/bin/../lib/gcc/arm-none-eabi/13.3.1/thumb/v7e-m+fp/hard\libgcc.a(_arm_addsubdf3.o)
                0x08000290                __aeabi_drsub
                0x08000298                __aeabi_dsub
                0x08000298                __subdf3
                0x0800029c                __aeabi_dadd
                0x0800029c                __adddf3
                0x08000514                __floatunsidf
                0x08000514                __aeabi_ui2d
                0x08000534                __floatsidf
                0x08000534                __aeabi_i2d
                0x08000558                __aeabi_f2d
                0x08000558                __extendsfdf2
                0x0800059c                __floatundidf
                0x0800059c                __aeabi_ul2d
                0x080005ac                __floatdidf
                0x080005ac                __aeabi_l2d
 .text          0x08000608      0x424 C:/ST/STM32CubeIDE_2.0.0/STM32CubeIDE/plugins/com.st.stm32cube.ide.mcu.externaltools.gnu-tools-for-stm32.13.3.rel1.win32_1.0.100.202509120712/tools/bin/../lib/gcc/arm-none-eabi/13.3.1/thumb/v7e-m+fp/hard\libgcc.a(_arm_muldivdf3.o)
                0x08000608                __aeabi_dmul
                0x08000608                __muldf3
                0x0800085c                __divdf3
                0x0800085c                __aeabi_ddiv
 .text          0x08000a2c      0x110 C:/ST/STM32CubeIDE_2.0.0/STM32CubeIDE/plugins/com.st.stm32cube.ide.mcu.externaltools.gnu-tools-for-stm32.13.3.rel1.win32_1.0.100.202509120712/tools/bin/../lib/gcc/arm-none-eabi/13.3.1/thumb/v7e-m+fp/hard\libgcc.a(_arm_cmpdf2.o)
                0x08000a2c                __gtdf2
                0x08000a2c                __gedf2
                0x08000a34                __ltdf2
                0x08000a34                __ledf2
                0x08000a3c                __nedf2
                0x08000a3c                __eqdf2
                0x08000a3c                __cmpdf2
                0x08000ab8                __aeabi_cdrcmple
                0x08000ac8                __aeabi_cdcmpeq
                0x08000ac8                __aeabi_cdcmple
                0x08000ad8                __aeabi_dcmpeq
                0x08000aec                __aeabi_dcmplt
                0x08000b00                __aeabi_dcmple
                0x08000b14                __aeabi_dcmpge
                0x08000b28                __aeabi_dcmpgt
 .text          0x08000b3c       0x2c C:/ST/STM32CubeIDE_2.0.0/STM32CubeIDE/plugins/com.st.stm32cube.ide.mcu.externaltools.gnu-tools-for-stm32.13.3.rel1.win32_1.0.100.202509120712/tools/bin/../lib/gcc/arm-none-eabi/13.3.1/thumb/v7e-m+fp/hard\libgcc.a(_arm_unorddf2.o)
                0x08000b3c                __unorddf2
                0x08000b3c                __aeabi_dcmpun
 .text          0x08000b68       0x50 C:/ST/STM32CubeIDE_2.0.0/STM32CubeIDE/plugins/com.st.stm32cube.ide.mcu.externaltools.gnu-tools-for-stm32.13.3.rel1.win32_1.0.100.202509120712/tools/bin/../lib/gcc/arm-none-eabi/13.3.1/thumb/v7e-m+fp/hard\libgcc.a(_arm_fixdfsi.o)
                0x08000b68                __aeabi_d2iz
                0x08000b68                __fixdfsi
 .text          0x08000bb8       0x40 C:/ST/STM32CubeIDE_2.0.0/STM32CubeIDE/plugins/com.st.stm32cube.ide.mcu.externaltools.gnu-tools-for-stm32.13.3.rel1.win32_1.0.100.202509120712/tools/bin/../lib/gcc/arm-none-eabi/13.3.1/thumb/v7e-m+fp/hard\libgcc.a(_arm_fixunsdfsi.o)
                0x08000bb8                __aeabi_d2uiz
                0x08000bb8                __fixunsdfsi
 .text          0x08000bf8       0xa0 C:/ST/STM32CubeIDE_2.0.0/STM32CubeIDE/plugins/com.st.stm32cube.ide.mcu.externaltools.gnu-tools-for-stm32.13.3.rel1.win32_1.0.100.202509120712/tools/bin/../lib/gcc/arm-none-eabi/13.3.1/thumb/v7e-m+fp/hard\libgcc.a(_arm_truncdfsf2.o)
                0x08000bf8                __truncdfsf2
                0x08000bf8                __aeabi_d2f
 .text          0x08000c98       0x30 C:/ST/STM32CubeIDE_2.0.0/STM32CubeIDE/plugins/com.st.stm32cube.ide.mcu.externaltools.gnu-tools-for-stm32.13.3.rel1.win32_1.0.100.202509120712/tools/bin/../lib/gcc/arm-none-eabi/13.3.1/thumb/v7e-m+fp/hard\libgcc.a(_aeabi_uldivmod.o)
                0x08000c98                __aeabi_uldivmod
 .text          0x08000cc8       0x30 C:/ST/STM32CubeIDE_2.0.0/STM32CubeIDE/plugins/com.st.stm32cube.ide.mcu.externaltools.gnu-tools-for-stm32.13.3.rel1.win32_1.0.100.202509120712/tools/bin/../lib/gcc/arm-none-eabi/13.3.1/thumb/v7e-m+fp/hard\libgcc.a(_fixdfdi.o)
                0x08000cc8                __fixdfdi
                0x08000cc8                __aeabi_d2lz
 .text          0x08000cf8       0x3c C:/ST/STM32CubeIDE_2.0.0/STM32CubeIDE/plugins/com.st.stm32cube.ide.mcu.externaltools.gnu-tools-for-stm32.13.3.rel1.win32_1.0.100.202509120712/tools/bin/../lib/gcc/arm-none-eabi/13.3.1/thumb/v7e-m+fp/hard\libgcc.a(_fixunsdfdi.o)
                0x08000cf8                __fixunsdfdi
                0x08000cf8                __aeabi_d2ulz
 .text          0x08000d34      0x2f8 C:/ST/STM32CubeIDE_2.0.0/STM32CubeIDE/plugins/com.st.stm32cube.ide.mcu.externaltools.gnu-tools-for-stm32.13.3.rel1.win32_1.0.100.202509120712/tools/bin/../lib/gcc/arm-none-eabi/13.3.1/thumb/v7e-m+fp/hard\libgcc.a(_udivmoddi4.o)
                0x08000d34                __udivmoddi4
 .text          0x0800102c        0x4 C:/ST/STM32CubeIDE_2.0.0/STM32CubeIDE/plugins/com.st.stm32cube.ide.mcu.externaltools.gnu-tools-for-stm32.13.3.rel1.win32_1.0.100.202509120712/tools/bin/../lib/gcc/arm-none-eabi/13.3.1/thumb/v7e-m+fp/hard\libgcc.a(_dvmd_tls.o)
                0x0800102c                __aeabi_idiv0
                0x0800102c                __aeabi_ldiv0
 *(.text*)
 .text.buzzerSecuence
                0x08001030       0x9c ./Core/Src/main.o
                0x08001030                buzzerSecuence
 .text.BS_tcpConnectSecuence
                0x080010cc       0x30 ./Core/Src/main.o
                0x080010cc                BS_tcpConnectSecuence
 .text.BS_Error
                0x080010fc       0x30 ./Core/Src/main.o
                0x080010fc                BS_Error
 .text.BS_NEWPARAM_OK
                0x0800112c       0x30 ./Core/Src/main.o
                0x0800112c                BS_NEWPARAM_OK
 .text.screenScheduler
                0x0800115c      0x4cc ./Core/Src/main.o
                0x0800115c                screenScheduler
 .text.Filtrar_Sensores_IR
                0x08001628       0x64 ./Core/Src/main.o
                0x08001628                Filtrar_Sensores_IR
 .text.Iniciar_Calibracion_Linea
                0x0800168c       0x50 ./Core/Src/main.o
                0x0800168c                Iniciar_Calibracion_Linea
 .text.Procesar_Calibracion_Linea
                0x080016dc       0x94 ./Core/Src/main.o
                0x080016dc                Procesar_Calibracion_Linea
 .text.Leer_Linea_Digital
                0x08001770       0x60 ./Core/Src/main.o
                0x08001770                Leer_Linea_Digital
 .text.Finalizar_Calibracion_Linea
                0x080017d0       0x3c ./Core/Src/main.o
                0x080017d0                Finalizar_Calibracion_Linea
 .text.PID_PITCH
                0x0800180c      0x488 ./Core/Src/main.o
                0x0800180c                PID_PITCH
 .text.calcularErrorYawContinuo
                0x08001c94      0x17c ./Core/Src/main.o
                0x08001c94                calcularErrorYawContinuo
 .text.Calcular_PID_YAW
                0x08001e10       0xbc ./Core/Src/main.o
                0x08001e10                Calcular_PID_YAW
 .text.sendCMD  0x08001ecc       0x84 ./Core/Src/main.o
                0x08001ecc                sendCMD
 .text.DataToQt
                0x08001f50      0x174 ./Core/Src/main.o
                0x08001f50                DataToQt
 .text.Robot_Drive
                0x080020c4      0x1b0 ./Core/Src/main.o
                0x080020c4                Robot_Drive
 .text.MPU6050_Init
                0x08002274       0xc6 ./Core/Src/main.o
                0x08002274                MPU6050_Init
 *fill*         0x0800233a        0x2 
 .text.MPU6050_Calibrate
                0x0800233c      0x1a4 ./Core/Src/main.o
                0x0800233c                MPU6050_Calibrate
 .text.HAL_TIM_PeriodElapsedCallback
                0x080024e0       0xac ./Core/Src/main.o
                0x080024e0                HAL_TIM_PeriodElapsedCallback
 .text.HAL_I2C_MemRxCpltCallback
                0x0800258c      0x104 ./Core/Src/main.o
                0x0800258c                HAL_I2C_MemRxCpltCallback
 .text.HAL_I2C_MasterTxCpltCallback
                0x08002690       0x48 ./Core/Src/main.o
                0x08002690                HAL_I2C_MasterTxCpltCallback
 .text.HAL_UARTEx_RxEventCallback
                0x080026d8      0x588 ./Core/Src/main.o
                0x080026d8                HAL_UARTEx_RxEventCallback
 .text.HAL_UART_ErrorCallback
                0x08002c60       0x34 ./Core/Src/main.o
                0x08002c60                HAL_UART_ErrorCallback
 .text.main     0x08002c94      0x328 ./Core/Src/main.o
                0x08002c94                main
 .text.SystemClock_Config
                0x08002fbc       0xd0 ./Core/Src/main.o
                0x08002fbc                SystemClock_Config
 .text.MX_ADC1_Init
                0x0800308c      0x168 ./Core/Src/main.o
 .text.MX_I2C1_Init
                0x080031f4       0x5c ./Core/Src/main.o
 .text.MX_TIM2_Init
                0x08003250       0xec ./Core/Src/main.o
 .text.MX_TIM3_Init
                0x0800333c       0xb4 ./Core/Src/main.o
 .text.MX_TIM4_Init
                0x080033f0       0x9c ./Core/Src/main.o
 .text.MX_USART1_UART_Init
                0x0800348c       0x54 ./Core/Src/main.o
 .text.MX_DMA_Init
                0x080034e0       0x9c ./Core/Src/main.o
 .text.MX_GPIO_Init
                0x0800357c      0x11c ./Core/Src/main.o
 .text.Error_Handler
                0x08003698        0xc ./Core/Src/main.o
                0x08003698                Error_Handler
 .text.SSD1306_Init
                0x080036a4      0x188 ./Core/Src/ssd1306.o
                0x080036a4                SSD1306_Init
 .text.SSD1306_UpdateScreen
                0x0800382c       0x5c ./Core/Src/ssd1306.o
                0x0800382c                SSD1306_UpdateScreen
 .text.SSD1306_Fill
                0x08003888       0x30 ./Core/Src/ssd1306.o
                0x08003888                SSD1306_Fill
 .text.SSD1306_DrawPixel
                0x080038b8       0xc0 ./Core/Src/ssd1306.o
                0x080038b8                SSD1306_DrawPixel
 .text.SSD1306_GotoXY
                0x08003978       0x2c ./Core/Src/ssd1306.o
                0x08003978                SSD1306_GotoXY
 .text.SSD1306_Putc
                0x080039a4       0xfc ./Core/Src/ssd1306.o
                0x080039a4                SSD1306_Putc
 .text.SSD1306_Puts
                0x08003aa0       0x4a ./Core/Src/ssd1306.o
                0x08003aa0                SSD1306_Puts
 .text.SSD1306_DrawLine
                0x08003aea      0x1f6 ./Core/Src/ssd1306.o
                0x08003aea                SSD1306_DrawLine
 .text.SSD1306_DrawRectangle
                0x08003ce0       0xd4 ./Core/Src/ssd1306.o
                0x08003ce0                SSD1306_DrawRectangle
 .text.SSD1306_DrawFilledRectangle
                0x08003db4       0x9a ./Core/Src/ssd1306.o
                0x08003db4                SSD1306_DrawFilledRectangle
 *fill*         0x08003e4e        0x2 
 .text.ssd1306_I2C_Init
                0x08003e50       0x2c ./Core/Src/ssd1306.o
                0x08003e50                ssd1306_I2C_Init
 .text.ssd1306_I2C_WriteMulti
                0x08003e7c       0xcc ./Core/Src/ssd1306.o
                0x08003e7c                ssd1306_I2C_WriteMulti
 .text.ssd1306_I2C_Write
                0x08003f48       0x3c ./Core/Src/ssd1306.o
                0x08003f48                ssd1306_I2C_Write
 .text.SSD1306_UpdatePage_DMA
                0x08003f84       0xac ./Core/Src/ssd1306.o
                0x08003f84                SSD1306_UpdatePage_DMA
 .text.HAL_MspInit
                0x08004030       0x94 ./Core/Src/stm32f4xx_hal_msp.o
                0x08004030                HAL_MspInit
 .text.HAL_ADC_MspInit
                0x080040c4      0x138 ./Core/Src/stm32f4xx_hal_msp.o
                0x080040c4                HAL_ADC_MspInit
 .text.HAL_I2C_MspInit
                0x080041fc      0x17c ./Core/Src/stm32f4xx_hal_msp.o
                0x080041fc                HAL_I2C_MspInit
 .text.HAL_TIM_Base_MspInit
                0x08004378       0x88 ./Core/Src/stm32f4xx_hal_msp.o
                0x08004378                HAL_TIM_Base_MspInit
 .text.HAL_TIM_PWM_MspInit
                0x08004400       0x44 ./Core/Src/stm32f4xx_hal_msp.o
                0x08004400                HAL_TIM_PWM_MspInit
 .text.HAL_TIM_MspPostInit
                0x08004444       0xbc ./Core/Src/stm32f4xx_hal_msp.o
                0x08004444                HAL_TIM_MspPostInit
 .text.HAL_UART_MspInit
                0x08004500      0x16c ./Core/Src/stm32f4xx_hal_msp.o
                0x08004500                HAL_UART_MspInit
 .text.NMI_Handler
                0x0800466c        0x8 ./Core/Src/stm32f4xx_it.o
                0x0800466c                NMI_Handler
 .text.HardFault_Handler
                0x08004674        0x8 ./Core/Src/stm32f4xx_it.o
                0x08004674                HardFault_Handler
 .text.MemManage_Handler
                0x0800467c        0x8 ./Core/Src/stm32f4xx_it.o
                0x0800467c                MemManage_Handler
 .text.BusFault_Handler
                0x08004684        0x8 ./Core/Src/stm32f4xx_it.o
                0x08004684                BusFault_Handler
 .text.UsageFault_Handler
                0x0800468c        0x8 ./Core/Src/stm32f4xx_it.o
                0x0800468c                UsageFault_Handler
 .text.SVC_Handler
                0x08004694        0xe ./Core/Src/stm32f4xx_it.o
                0x08004694                SVC_Handler
 .text.DebugMon_Handler
                0x080046a2        0xe ./Core/Src/stm32f4xx_it.o
                0x080046a2                DebugMon_Handler
 .text.PendSV_Handler
                0x080046b0        0xe ./Core/Src/stm32f4xx_it.o
                0x080046b0                PendSV_Handler
 .text.SysTick_Handler
                0x080046be        0xc ./Core/Src/stm32f4xx_it.o
                0x080046be                SysTick_Handler
 *fill*         0x080046ca        0x2 
 .text.DMA1_Stream0_IRQHandler
                0x080046cc       0x14 ./Core/Src/stm32f4xx_it.o
                0x080046cc                DMA1_Stream0_IRQHandler
 .text.DMA1_Stream6_IRQHandler
                0x080046e0       0x14 ./Core/Src/stm32f4xx_it.o
                0x080046e0                DMA1_Stream6_IRQHandler
 .text.ADC_IRQHandler
                0x080046f4       0x14 ./Core/Src/stm32f4xx_it.o
                0x080046f4                ADC_IRQHandler
 .text.TIM2_IRQHandler
                0x08004708       0x14 ./Core/Src/stm32f4xx_it.o
                0x08004708                TIM2_IRQHandler
 .text.TIM4_IRQHandler
                0x0800471c       0x14 ./Core/Src/stm32f4xx_it.o
                0x0800471c                TIM4_IRQHandler
 .text.I2C1_EV_IRQHandler
                0x08004730       0x14 ./Core/Src/stm32f4xx_it.o
                0x08004730                I2C1_EV_IRQHandler
 .text.I2C1_ER_IRQHandler
                0x08004744       0x14 ./Core/Src/stm32f4xx_it.o
                0x08004744                I2C1_ER_IRQHandler
 .text.USART1_IRQHandler
                0x08004758       0x14 ./Core/Src/stm32f4xx_it.o
                0x08004758                USART1_IRQHandler
 .text.DMA2_Stream0_IRQHandler
                0x0800476c       0x14 ./Core/Src/stm32f4xx_it.o
                0x0800476c                DMA2_Stream0_IRQHandler
 .text.DMA2_Stream2_IRQHandler
                0x08004780       0x14 ./Core/Src/stm32f4xx_it.o
                0x08004780                DMA2_Stream2_IRQHandler
 .text.OTG_FS_IRQHandler
                0x08004794       0x14 ./Core/Src/stm32f4xx_it.o
                0x08004794                OTG_FS_IRQHandler
 .text.DMA2_Stream7_IRQHandler
                0x080047a8       0x14 ./Core/Src/stm32f4xx_it.o
                0x080047a8                DMA2_Stream7_IRQHandler
 .text._getpid  0x080047bc       0x10 ./Core/Src/syscalls.o
                0x080047bc                _getpid
 .text._kill    0x080047cc       0x20 ./Core/Src/syscalls.o
                0x080047cc                _kill
 .text._exit    0x080047ec       0x16 ./Core/Src/syscalls.o
                0x080047ec                _exit
 .text._read    0x08004802       0x3a ./Core/Src/syscalls.o
                0x08004802                _read
 .text._write   0x0800483c       0x38 ./Core/Src/syscalls.o
                0x0800483c                _write
 .text._close   0x08004874       0x18 ./Core/Src/syscalls.o
                0x08004874                _close
 .text._fstat   0x0800488c       0x20 ./Core/Src/syscalls.o
                0x0800488c                _fstat
 .text._isatty  0x080048ac       0x16 ./Core/Src/syscalls.o
                0x080048ac                _isatty
 .text._lseek   0x080048c2       0x1a ./Core/Src/syscalls.o
                0x080048c2                _lseek
 .text._sbrk    0x080048dc       0x6c ./Core/Src/sysmem.o
                0x080048dc                _sbrk
 .text.SystemInit
                0x08004948       0x24 ./Core/Src/system_stm32f4xx.o
                0x08004948                SystemInit
 .text.Reset_Handler
                0x0800496c       0x50 ./Core/Startup/startup_stm32f411ceux.o
                0x0800496c                Reset_Handler
 .text.Default_Handler
                0x080049bc        0x2 ./Core/Startup/startup_stm32f411ceux.o
                0x080049bc                RTC_Alarm_IRQHandler
                0x080049bc                EXTI2_IRQHandler
                0x080049bc                SPI4_IRQHandler
                0x080049bc                TIM1_CC_IRQHandler
                0x080049bc                DMA2_Stream5_IRQHandler
                0x080049bc                DMA1_Stream5_IRQHandler
                0x080049bc                PVD_IRQHandler
                0x080049bc                SDIO_IRQHandler
                0x080049bc                TAMP_STAMP_IRQHandler
                0x080049bc                EXTI3_IRQHandler
                0x080049bc                TIM1_UP_TIM10_IRQHandler
                0x080049bc                I2C3_ER_IRQHandler
                0x080049bc                EXTI0_IRQHandler
                0x080049bc                I2C2_EV_IRQHandler
                0x080049bc                DMA1_Stream2_IRQHandler
                0x080049bc                FPU_IRQHandler
                0x080049bc                SPI1_IRQHandler
                0x080049bc                TIM1_BRK_TIM9_IRQHandler
                0x080049bc                DMA2_Stream3_IRQHandler
                0x080049bc                USART6_IRQHandler
                0x080049bc                DMA1_Stream1_IRQHandler
                0x080049bc                TIM3_IRQHandler
                0x080049bc                RCC_IRQHandler
                0x080049bc                Default_Handler
                0x080049bc                EXTI15_10_IRQHandler
                0x080049bc                DMA1_Stream7_IRQHandler
                0x080049bc                SPI5_IRQHandler
                0x080049bc                TIM5_IRQHandler
                0x080049bc                I2C3_EV_IRQHandler
                0x080049bc                EXTI9_5_IRQHandler
                0x080049bc                RTC_WKUP_IRQHandler
                0x080049bc                SPI2_IRQHandler
                0x080049bc                EXTI4_IRQHandler
                0x080049bc                WWDG_IRQHandler
                0x080049bc                OTG_FS_WKUP_IRQHandler
                0x080049bc                TIM1_TRG_COM_TIM11_IRQHandler
                0x080049bc                EXTI1_IRQHandler
                0x080049bc                USART2_IRQHandler
                0x080049bc                I2C2_ER_IRQHandler
                0x080049bc                DMA2_Stream1_IRQHandler
                0x080049bc                FLASH_IRQHandler
                0x080049bc                DMA2_Stream4_IRQHandler
                0x080049bc                SPI3_IRQHandler
                0x080049bc                DMA1_Stream4_IRQHandler
                0x080049bc                DMA2_Stream6_IRQHandler
                0x080049bc                DMA1_Stream3_IRQHandler
 *fill*         0x080049be        0x2 
 .text.HAL_Init
                0x080049c0       0x44 ./Drivers/STM32F4xx_HAL_Driver/Src/stm32f4xx_hal.o
                0x080049c0                HAL_Init
 .text.HAL_InitTick
                0x08004a04       0x60 ./Drivers/STM32F4xx_HAL_Driver/Src/stm32f4xx_hal.o
                0x08004a04                HAL_InitTick
 .text.HAL_IncTick
                0x08004a64       0x28 ./Drivers/STM32F4xx_HAL_Driver/Src/stm32f4xx_hal.o
                0x08004a64                HAL_IncTick
 .text.HAL_GetTick
                0x08004a8c       0x18 ./Drivers/STM32F4xx_HAL_Driver/Src/stm32f4xx_hal.o
                0x08004a8c                HAL_GetTick
 .text.HAL_Delay
                0x08004aa4       0x48 ./Drivers/STM32F4xx_HAL_Driver/Src/stm32f4xx_hal.o
                0x08004aa4                HAL_Delay
 .text.HAL_ADC_Init
                0x08004aec       0x86 ./Drivers/STM32F4xx_HAL_Driver/Src/stm32f4xx_hal_adc.o
                0x08004aec                HAL_ADC_Init
 .text.HAL_ADC_IRQHandler
                0x08004b72      0x220 ./Drivers/STM32F4xx_HAL_Driver/Src/stm32f4xx_hal_adc.o
                0x08004b72                HAL_ADC_IRQHandler
 *fill*         0x08004d92        0x2 
 .text.HAL_ADC_Start_DMA
                0x08004d94      0x1e8 ./Drivers/STM32F4xx_HAL_Driver/Src/stm32f4xx_hal_adc.o
                0x08004d94                HAL_ADC_Start_DMA
 .text.HAL_ADC_ConvCpltCallback
                0x08004f7c       0x14 ./Drivers/STM32F4xx_HAL_Driver/Src/stm32f4xx_hal_adc.o
                0x08004f7c                HAL_ADC_ConvCpltCallback
 .text.HAL_ADC_ConvHalfCpltCallback
                0x08004f90       0x14 ./Drivers/STM32F4xx_HAL_Driver/Src/stm32f4xx_hal_adc.o
                0x08004f90                HAL_ADC_ConvHalfCpltCallback
 .text.HAL_ADC_LevelOutOfWindowCallback
                0x08004fa4       0x14 ./Drivers/STM32F4xx_HAL_Driver/Src/stm32f4xx_hal_adc.o
                0x08004fa4                HAL_ADC_LevelOutOfWindowCallback
 .text.HAL_ADC_ErrorCallback
                0x08004fb8       0x14 ./Drivers/STM32F4xx_HAL_Driver/Src/stm32f4xx_hal_adc.o
                0x08004fb8                HAL_ADC_ErrorCallback
 .text.HAL_ADC_ConfigChannel
                0x08004fcc      0x264 ./Drivers/STM32F4xx_HAL_Driver/Src/stm32f4xx_hal_adc.o
                0x08004fcc                HAL_ADC_ConfigChannel
 .text.ADC_Init
                0x08005230      0x1f8 ./Drivers/STM32F4xx_HAL_Driver/Src/stm32f4xx_hal_adc.o
 .text.ADC_DMAConvCplt
                0x08005428       0xba ./Drivers/STM32F4xx_HAL_Driver/Src/stm32f4xx_hal_adc.o
 .text.ADC_DMAHalfConvCplt
                0x080054e2       0x1c ./Drivers/STM32F4xx_HAL_Driver/Src/stm32f4xx_hal_adc.o
 .text.ADC_DMAError
                0x080054fe       0x2e ./Drivers/STM32F4xx_HAL_Driver/Src/stm32f4xx_hal_adc.o
 .text.HAL_ADCEx_InjectedConvCpltCallback
                0x0800552c       0x14 ./Drivers/STM32F4xx_HAL_Driver/Src/stm32f4xx_hal_adc_ex.o
                0x0800552c                HAL_ADCEx_InjectedConvCpltCallback
 .text.__NVIC_SetPriorityGrouping
                0x08005540       0x48 ./Drivers/STM32F4xx_HAL_Driver/Src/stm32f4xx_hal_cortex.o
 .text.__NVIC_GetPriorityGrouping
                0x08005588       0x1c ./Drivers/STM32F4xx_HAL_Driver/Src/stm32f4xx_hal_cortex.o
 .text.__NVIC_EnableIRQ
                0x080055a4       0x3c ./Drivers/STM32F4xx_HAL_Driver/Src/stm32f4xx_hal_cortex.o
 .text.__NVIC_SetPriority
                0x080055e0       0x54 ./Drivers/STM32F4xx_HAL_Driver/Src/stm32f4xx_hal_cortex.o
 .text.NVIC_EncodePriority
                0x08005634       0x66 ./Drivers/STM32F4xx_HAL_Driver/Src/stm32f4xx_hal_cortex.o
 *fill*         0x0800569a        0x2 
 .text.SysTick_Config
                0x0800569c       0x44 ./Drivers/STM32F4xx_HAL_Driver/Src/stm32f4xx_hal_cortex.o
 .text.HAL_NVIC_SetPriorityGrouping
                0x080056e0       0x16 ./Drivers/STM32F4xx_HAL_Driver/Src/stm32f4xx_hal_cortex.o
                0x080056e0                HAL_NVIC_SetPriorityGrouping
 .text.HAL_NVIC_SetPriority
                0x080056f6       0x38 ./Drivers/STM32F4xx_HAL_Driver/Src/stm32f4xx_hal_cortex.o
                0x080056f6                HAL_NVIC_SetPriority
 .text.HAL_NVIC_EnableIRQ
                0x0800572e       0x1c ./Drivers/STM32F4xx_HAL_Driver/Src/stm32f4xx_hal_cortex.o
                0x0800572e                HAL_NVIC_EnableIRQ
 .text.HAL_SYSTICK_Config
                0x0800574a       0x18 ./Drivers/STM32F4xx_HAL_Driver/Src/stm32f4xx_hal_cortex.o
                0x0800574a                HAL_SYSTICK_Config
 *fill*         0x08005762        0x2 
 .text.HAL_DMA_Init
                0x08005764      0x15c ./Drivers/STM32F4xx_HAL_Driver/Src/stm32f4xx_hal_dma.o
                0x08005764                HAL_DMA_Init
 .text.HAL_DMA_Start_IT
                0x080058c0       0xb0 ./Drivers/STM32F4xx_HAL_Driver/Src/stm32f4xx_hal_dma.o
                0x080058c0                HAL_DMA_Start_IT
 .text.HAL_DMA_Abort
                0x08005970       0xe0 ./Drivers/STM32F4xx_HAL_Driver/Src/stm32f4xx_hal_dma.o
                0x08005970                HAL_DMA_Abort
 .text.HAL_DMA_Abort_IT
                0x08005a50       0x44 ./Drivers/STM32F4xx_HAL_Driver/Src/stm32f4xx_hal_dma.o
                0x08005a50                HAL_DMA_Abort_IT
 .text.HAL_DMA_IRQHandler
                0x08005a94      0x314 ./Drivers/STM32F4xx_HAL_Driver/Src/stm32f4xx_hal_dma.o
                0x08005a94                HAL_DMA_IRQHandler
 .text.HAL_DMA_GetState
                0x08005da8       0x1c ./Drivers/STM32F4xx_HAL_Driver/Src/stm32f4xx_hal_dma.o
                0x08005da8                HAL_DMA_GetState
 .text.HAL_DMA_GetError
                0x08005dc4       0x18 ./Drivers/STM32F4xx_HAL_Driver/Src/stm32f4xx_hal_dma.o
                0x08005dc4                HAL_DMA_GetError
 .text.DMA_SetConfig
                0x08005ddc       0x5c ./Drivers/STM32F4xx_HAL_Driver/Src/stm32f4xx_hal_dma.o
 .text.DMA_CalcBaseAndBitshift
                0x08005e38       0x6c ./Drivers/STM32F4xx_HAL_Driver/Src/stm32f4xx_hal_dma.o
 .text.DMA_CheckFifoParam
                0x08005ea4       0xf8 ./Drivers/STM32F4xx_HAL_Driver/Src/stm32f4xx_hal_dma.o
 .text.HAL_GPIO_Init
                0x08005f9c      0x308 ./Drivers/STM32F4xx_HAL_Driver/Src/stm32f4xx_hal_gpio.o
                0x08005f9c                HAL_GPIO_Init
 .text.HAL_GPIO_WritePin
                0x080062a4       0x32 ./Drivers/STM32F4xx_HAL_Driver/Src/stm32f4xx_hal_gpio.o
                0x080062a4                HAL_GPIO_WritePin
 .text.HAL_GPIO_TogglePin
                0x080062d6       0x34 ./Drivers/STM32F4xx_HAL_Driver/Src/stm32f4xx_hal_gpio.o
                0x080062d6                HAL_GPIO_TogglePin
 *fill*         0x0800630a        0x2 
 .text.HAL_I2C_Init
                0x0800630c      0x288 ./Drivers/STM32F4xx_HAL_Driver/Src/stm32f4xx_hal_i2c.o
                0x0800630c                HAL_I2C_Init
 .text.I2C_Flush_DR
                0x08006594       0x2a ./Drivers/STM32F4xx_HAL_Driver/Src/stm32f4xx_hal_i2c.o
 *fill*         0x080065be        0x2 
 .text.HAL_I2C_Master_Transmit
                0x080065c0      0x1fc ./Drivers/STM32F4xx_HAL_Driver/Src/stm32f4xx_hal_i2c.o
                0x080065c0                HAL_I2C_Master_Transmit
 .text.HAL_I2C_Master_Transmit_DMA
                0x080067bc      0x258 ./Drivers/STM32F4xx_HAL_Driver/Src/stm32f4xx_hal_i2c.o
                0x080067bc                HAL_I2C_Master_Transmit_DMA
 .text.HAL_I2C_Mem_Write
                0x08006a14      0x1f4 ./Drivers/STM32F4xx_HAL_Driver/Src/stm32f4xx_hal_i2c.o
                0x08006a14                HAL_I2C_Mem_Write
 .text.HAL_I2C_Mem_Read
                0x08006c08      0x464 ./Drivers/STM32F4xx_HAL_Driver/Src/stm32f4xx_hal_i2c.o
                0x08006c08                HAL_I2C_Mem_Read
 .text.HAL_I2C_Mem_Read_DMA
                0x0800706c      0x320 ./Drivers/STM32F4xx_HAL_Driver/Src/stm32f4xx_hal_i2c.o
                0x0800706c                HAL_I2C_Mem_Read_DMA
 .text.HAL_I2C_IsDeviceReady
                0x0800738c      0x25c ./Drivers/STM32F4xx_HAL_Driver/Src/stm32f4xx_hal_i2c.o
                0x0800738c                HAL_I2C_IsDeviceReady
 .text.HAL_I2C_EV_IRQHandler
                0x080075e8      0x2e2 ./Drivers/STM32F4xx_HAL_Driver/Src/stm32f4xx_hal_i2c.o
                0x080075e8                HAL_I2C_EV_IRQHandler
 .text.HAL_I2C_ER_IRQHandler
                0x080078ca      0x14e ./Drivers/STM32F4xx_HAL_Driver/Src/stm32f4xx_hal_i2c.o
                0x080078ca                HAL_I2C_ER_IRQHandler
 .text.HAL_I2C_MasterRxCpltCallback
                0x08007a18       0x14 ./Drivers/STM32F4xx_HAL_Driver/Src/stm32f4xx_hal_i2c.o
                0x08007a18                HAL_I2C_MasterRxCpltCallback
 .text.HAL_I2C_SlaveTxCpltCallback
                0x08007a2c       0x14 ./Drivers/STM32F4xx_HAL_Driver/Src/stm32f4xx_hal_i2c.o
                0x08007a2c                HAL_I2C_SlaveTxCpltCallback
 .text.HAL_I2C_SlaveRxCpltCallback
                0x08007a40       0x14 ./Drivers/STM32F4xx_HAL_Driver/Src/stm32f4xx_hal_i2c.o
                0x08007a40                HAL_I2C_SlaveRxCpltCallback
 .text.HAL_I2C_AddrCallback
                0x08007a54       0x1c ./Drivers/STM32F4xx_HAL_Driver/Src/stm32f4xx_hal_i2c.o
                0x08007a54                HAL_I2C_AddrCallback
 .text.HAL_I2C_ListenCpltCallback
                0x08007a70       0x14 ./Drivers/STM32F4xx_HAL_Driver/Src/stm32f4xx_hal_i2c.o
                0x08007a70                HAL_I2C_ListenCpltCallback
 .text.HAL_I2C_MemTxCpltCallback
                0x08007a84       0x14 ./Drivers/STM32F4xx_HAL_Driver/Src/stm32f4xx_hal_i2c.o
                0x08007a84                HAL_I2C_MemTxCpltCallback
 .text.HAL_I2C_ErrorCallback
                0x08007a98       0x14 ./Drivers/STM32F4xx_HAL_Driver/Src/stm32f4xx_hal_i2c.o
                0x08007a98                HAL_I2C_ErrorCallback
 .text.HAL_I2C_AbortCpltCallback
                0x08007aac       0x14 ./Drivers/STM32F4xx_HAL_Driver/Src/stm32f4xx_hal_i2c.o
                0x08007aac                HAL_I2C_AbortCpltCallback
 .text.I2C_MasterTransmit_TXE
                0x08007ac0      0x138 ./Drivers/STM32F4xx_HAL_Driver/Src/stm32f4xx_hal_i2c.o
 .text.I2C_MasterTransmit_BTF
                0x08007bf8       0xec ./Drivers/STM32F4xx_HAL_Driver/Src/stm32f4xx_hal_i2c.o
 .text.I2C_MemoryTransmit_TXE_BTF
                0x08007ce4      0x130 ./Drivers/STM32F4xx_HAL_Driver/Src/stm32f4xx_hal_i2c.o
 .text.I2C_MasterReceive_RXNE
                0x08007e14      0x190 ./Drivers/STM32F4xx_HAL_Driver/Src/stm32f4xx_hal_i2c.o
 .text.I2C_MasterReceive_BTF
                0x08007fa4      0x1e2 ./Drivers/STM32F4xx_HAL_Driver/Src/stm32f4xx_hal_i2c.o
 .text.I2C_Master_SB
                0x08008186      0x10c ./Drivers/STM32F4xx_HAL_Driver/Src/stm32f4xx_hal_i2c.o
 .text.I2C_Master_ADD10
                0x08008292       0x54 ./Drivers/STM32F4xx_HAL_Driver/Src/stm32f4xx_hal_i2c.o
 .text.I2C_Master_ADDR
                0x080082e6      0x322 ./Drivers/STM32F4xx_HAL_Driver/Src/stm32f4xx_hal_i2c.o
 .text.I2C_SlaveTransmit_TXE
                0x08008608       0x7a ./Drivers/STM32F4xx_HAL_Driver/Src/stm32f4xx_hal_i2c.o
 .text.I2C_SlaveTransmit_BTF
                0x08008682       0x42 ./Drivers/STM32F4xx_HAL_Driver/Src/stm32f4xx_hal_i2c.o
 .text.I2C_SlaveReceive_RXNE
                0x080086c4       0x7c ./Drivers/STM32F4xx_HAL_Driver/Src/stm32f4xx_hal_i2c.o
 .text.I2C_SlaveReceive_BTF
                0x08008740       0x44 ./Drivers/STM32F4xx_HAL_Driver/Src/stm32f4xx_hal_i2c.o
 .text.I2C_Slave_ADDR
                0x08008784       0x94 ./Drivers/STM32F4xx_HAL_Driver/Src/stm32f4xx_hal_i2c.o
 .text.I2C_Slave_STOPF
                0x08008818      0x260 ./Drivers/STM32F4xx_HAL_Driver/Src/stm32f4xx_hal_i2c.o
 .text.I2C_Slave_AF
                0x08008a78       0xe8 ./Drivers/STM32F4xx_HAL_Driver/Src/stm32f4xx_hal_i2c.o
 .text.I2C_ITError
                0x08008b60      0x264 ./Drivers/STM32F4xx_HAL_Driver/Src/stm32f4xx_hal_i2c.o
 .text.I2C_MasterRequestWrite
                0x08008dc4      0x104 ./Drivers/STM32F4xx_HAL_Driver/Src/stm32f4xx_hal_i2c.o
 .text.I2C_RequestMemoryWrite
                0x08008ec8      0x12c ./Drivers/STM32F4xx_HAL_Driver/Src/stm32f4xx_hal_i2c.o
 .text.I2C_RequestMemoryRead
                0x08008ff4      0x1d0 ./Drivers/STM32F4xx_HAL_Driver/Src/stm32f4xx_hal_i2c.o
 .text.I2C_DMAXferCplt
                0x080091c4      0x1be ./Drivers/STM32F4xx_HAL_Driver/Src/stm32f4xx_hal_i2c.o
 .text.I2C_DMAError
                0x08009382       0x7a ./Drivers/STM32F4xx_HAL_Driver/Src/stm32f4xx_hal_i2c.o
 .text.I2C_DMAAbort
                0x080093fc      0x150 ./Drivers/STM32F4xx_HAL_Driver/Src/stm32f4xx_hal_i2c.o
 .text.I2C_WaitOnFlagUntilTimeout
                0x0800954c       0xf4 ./Drivers/STM32F4xx_HAL_Driver/Src/stm32f4xx_hal_i2c.o
 .text.I2C_WaitOnMasterAddressFlagUntilTimeout
                0x08009640      0x140 ./Drivers/STM32F4xx_HAL_Driver/Src/stm32f4xx_hal_i2c.o
 .text.I2C_WaitOnTXEFlagUntilTimeout
                0x08009780       0x90 ./Drivers/STM32F4xx_HAL_Driver/Src/stm32f4xx_hal_i2c.o
 .text.I2C_WaitOnBTFFlagUntilTimeout
                0x08009810       0x90 ./Drivers/STM32F4xx_HAL_Driver/Src/stm32f4xx_hal_i2c.o
 .text.I2C_WaitOnSTOPRequestThroughIT
                0x080098a0       0x64 ./Drivers/STM32F4xx_HAL_Driver/Src/stm32f4xx_hal_i2c.o
 .text.I2C_WaitOnRXNEFlagUntilTimeout
                0x08009904       0xba ./Drivers/STM32F4xx_HAL_Driver/Src/stm32f4xx_hal_i2c.o
 .text.I2C_IsAcknowledgeFailed
                0x080099be       0x5e ./Drivers/STM32F4xx_HAL_Driver/Src/stm32f4xx_hal_i2c.o
 .text.I2C_ConvertOtherXferOptions
                0x08009a1c       0x36 ./Drivers/STM32F4xx_HAL_Driver/Src/stm32f4xx_hal_i2c.o
 .text.HAL_PCD_Init
                0x08009a52      0x21e ./Drivers/STM32F4xx_HAL_Driver/Src/stm32f4xx_hal_pcd.o
                0x08009a52                HAL_PCD_Init
 .text.HAL_PCD_Start
                0x08009c70       0x6a ./Drivers/STM32F4xx_HAL_Driver/Src/stm32f4xx_hal_pcd.o
                0x08009c70                HAL_PCD_Start
 .text.HAL_PCD_IRQHandler
                0x08009cda      0x942 ./Drivers/STM32F4xx_HAL_Driver/Src/stm32f4xx_hal_pcd.o
                0x08009cda                HAL_PCD_IRQHandler
 .text.HAL_PCD_SetAddress
                0x0800a61c       0x48 ./Drivers/STM32F4xx_HAL_Driver/Src/stm32f4xx_hal_pcd.o
                0x0800a61c                HAL_PCD_SetAddress
 .text.HAL_PCD_EP_Open
                0x0800a664       0xd4 ./Drivers/STM32F4xx_HAL_Driver/Src/stm32f4xx_hal_pcd.o
                0x0800a664                HAL_PCD_EP_Open
 .text.HAL_PCD_EP_Close
                0x0800a738       0x94 ./Drivers/STM32F4xx_HAL_Driver/Src/stm32f4xx_hal_pcd.o
                0x0800a738                HAL_PCD_EP_Close
 .text.HAL_PCD_EP_Receive
                0x0800a7cc       0x76 ./Drivers/STM32F4xx_HAL_Driver/Src/stm32f4xx_hal_pcd.o
                0x0800a7cc                HAL_PCD_EP_Receive
 .text.HAL_PCD_EP_GetRxCount
                0x0800a842       0x30 ./Drivers/STM32F4xx_HAL_Driver/Src/stm32f4xx_hal_pcd.o
                0x0800a842                HAL_PCD_EP_GetRxCount
 .text.HAL_PCD_EP_Transmit
                0x0800a872       0x74 ./Drivers/STM32F4xx_HAL_Driver/Src/stm32f4xx_hal_pcd.o
                0x0800a872                HAL_PCD_EP_Transmit
 .text.HAL_PCD_EP_SetStall
                0x0800a8e6       0xc6 ./Drivers/STM32F4xx_HAL_Driver/Src/stm32f4xx_hal_pcd.o
                0x0800a8e6                HAL_PCD_EP_SetStall
 .text.HAL_PCD_EP_ClrStall
                0x0800a9ac       0xac ./Drivers/STM32F4xx_HAL_Driver/Src/stm32f4xx_hal_pcd.o
                0x0800a9ac                HAL_PCD_EP_ClrStall
 .text.HAL_PCD_EP_Abort
                0x0800aa58       0x62 ./Drivers/STM32F4xx_HAL_Driver/Src/stm32f4xx_hal_pcd.o
                0x0800aa58                HAL_PCD_EP_Abort
 .text.PCD_WriteEmptyTxFifo
                0x0800aaba      0x118 ./Drivers/STM32F4xx_HAL_Driver/Src/stm32f4xx_hal_pcd.o
 *fill*         0x0800abd2        0x2 
 .text.PCD_EP_OutXfrComplete_int
                0x0800abd4      0x1d0 ./Drivers/STM32F4xx_HAL_Driver/Src/stm32f4xx_hal_pcd.o
 .text.PCD_EP_OutSetupPacket_int
                0x0800ada4       0x8c ./Drivers/STM32F4xx_HAL_Driver/Src/stm32f4xx_hal_pcd.o
 .text.HAL_PCDEx_SetTxFiFo
                0x0800ae30       0x8e ./Drivers/STM32F4xx_HAL_Driver/Src/stm32f4xx_hal_pcd_ex.o
                0x0800ae30                HAL_PCDEx_SetTxFiFo
 .text.HAL_PCDEx_SetRxFiFo
                0x0800aebe       0x22 ./Drivers/STM32F4xx_HAL_Driver/Src/stm32f4xx_hal_pcd_ex.o
                0x0800aebe                HAL_PCDEx_SetRxFiFo
 .text.HAL_PCDEx_LPM_Callback
                0x0800aee0       0x18 ./Drivers/STM32F4xx_HAL_Driver/Src/stm32f4xx_hal_pcd_ex.o
                0x0800aee0                HAL_PCDEx_LPM_Callback
 .text.HAL_RCC_OscConfig
                0x0800aef8      0x4f0 ./Drivers/STM32F4xx_HAL_Driver/Src/stm32f4xx_hal_rcc.o
                0x0800aef8                HAL_RCC_OscConfig
 .text.HAL_RCC_ClockConfig
                0x0800b3e8      0x1cc ./Drivers/STM32F4xx_HAL_Driver/Src/stm32f4xx_hal_rcc.o
                0x0800b3e8                HAL_RCC_ClockConfig
 .text.HAL_RCC_GetSysClockFreq
                0x0800b5b4      0x18c ./Drivers/STM32F4xx_HAL_Driver/Src/stm32f4xx_hal_rcc.o
                0x0800b5b4                HAL_RCC_GetSysClockFreq
 .text.HAL_RCC_GetHCLKFreq
                0x0800b740       0x18 ./Drivers/STM32F4xx_HAL_Driver/Src/stm32f4xx_hal_rcc.o
                0x0800b740                HAL_RCC_GetHCLKFreq
 .text.HAL_RCC_GetPCLK1Freq
                0x0800b758       0x28 ./Drivers/STM32F4xx_HAL_Driver/Src/stm32f4xx_hal_rcc.o
                0x0800b758                HAL_RCC_GetPCLK1Freq
 .text.HAL_RCC_GetPCLK2Freq
                0x0800b780       0x28 ./Drivers/STM32F4xx_HAL_Driver/Src/stm32f4xx_hal_rcc.o
                0x0800b780                HAL_RCC_GetPCLK2Freq
 .text.HAL_TIM_Base_Init
                0x0800b7a8       0x9e ./Drivers/STM32F4xx_HAL_Driver/Src/stm32f4xx_hal_tim.o
                0x0800b7a8                HAL_TIM_Base_Init
 *fill*         0x0800b846        0x2 
 .text.HAL_TIM_Base_Start_IT
                0x0800b848       0xc4 ./Drivers/STM32F4xx_HAL_Driver/Src/stm32f4xx_hal_tim.o
                0x0800b848                HAL_TIM_Base_Start_IT
 .text.HAL_TIM_PWM_Init
                0x0800b90c       0x9e ./Drivers/STM32F4xx_HAL_Driver/Src/stm32f4xx_hal_tim.o
                0x0800b90c                HAL_TIM_PWM_Init
 *fill*         0x0800b9aa        0x2 
 .text.HAL_TIM_PWM_Start
                0x0800b9ac      0x160 ./Drivers/STM32F4xx_HAL_Driver/Src/stm32f4xx_hal_tim.o
                0x0800b9ac                HAL_TIM_PWM_Start
 .text.HAL_TIM_IRQHandler
                0x0800bb0c      0x1e0 ./Drivers/STM32F4xx_HAL_Driver/Src/stm32f4xx_hal_tim.o
                0x0800bb0c                HAL_TIM_IRQHandler
 .text.HAL_TIM_PWM_ConfigChannel
                0x0800bcec      0x184 ./Drivers/STM32F4xx_HAL_Driver/Src/stm32f4xx_hal_tim.o
                0x0800bcec                HAL_TIM_PWM_ConfigChannel
 .text.HAL_TIM_ConfigClockSource
                0x0800be70      0x18e ./Drivers/STM32F4xx_HAL_Driver/Src/stm32f4xx_hal_tim.o
                0x0800be70                HAL_TIM_ConfigClockSource
 .text.HAL_TIM_OC_DelayElapsedCallback
                0x0800bffe       0x14 ./Drivers/STM32F4xx_HAL_Driver/Src/stm32f4xx_hal_tim.o
                0x0800bffe                HAL_TIM_OC_DelayElapsedCallback
 .text.HAL_TIM_IC_CaptureCallback
                0x0800c012       0x14 ./Drivers/STM32F4xx_HAL_Driver/Src/stm32f4xx_hal_tim.o
                0x0800c012                HAL_TIM_IC_CaptureCallback
 .text.HAL_TIM_PWM_PulseFinishedCallback
                0x0800c026       0x14 ./Drivers/STM32F4xx_HAL_Driver/Src/stm32f4xx_hal_tim.o
                0x0800c026                HAL_TIM_PWM_PulseFinishedCallback
 .text.HAL_TIM_TriggerCallback
                0x0800c03a       0x14 ./Drivers/STM32F4xx_HAL_Driver/Src/stm32f4xx_hal_tim.o
                0x0800c03a                HAL_TIM_TriggerCallback
 *fill*         0x0800c04e        0x2 
 .text.TIM_Base_SetConfig
                0x0800c050      0x10c ./Drivers/STM32F4xx_HAL_Driver/Src/stm32f4xx_hal_tim.o
                0x0800c050                TIM_Base_SetConfig
 .text.TIM_OC1_SetConfig
                0x0800c15c       0xcc ./Drivers/STM32F4xx_HAL_Driver/Src/stm32f4xx_hal_tim.o
 .text.TIM_OC2_SetConfig
                0x0800c228       0xd8 ./Drivers/STM32F4xx_HAL_Driver/Src/stm32f4xx_hal_tim.o
                0x0800c228                TIM_OC2_SetConfig
 .text.TIM_OC3_SetConfig
                0x0800c300       0xd4 ./Drivers/STM32F4xx_HAL_Driver/Src/stm32f4xx_hal_tim.o
 .text.TIM_OC4_SetConfig
                0x0800c3d4       0xa0 ./Drivers/STM32F4xx_HAL_Driver/Src/stm32f4xx_hal_tim.o
 .text.TIM_TI1_ConfigInputStage
                0x0800c474       0x5e ./Drivers/STM32F4xx_HAL_Driver/Src/stm32f4xx_hal_tim.o
 .text.TIM_TI2_ConfigInputStage
                0x0800c4d2       0x60 ./Drivers/STM32F4xx_HAL_Driver/Src/stm32f4xx_hal_tim.o
 .text.TIM_ITRx_SetConfig
                0x0800c532       0x36 ./Drivers/STM32F4xx_HAL_Driver/Src/stm32f4xx_hal_tim.o
 .text.TIM_ETR_SetConfig
                0x0800c568       0x40 ./Drivers/STM32F4xx_HAL_Driver/Src/stm32f4xx_hal_tim.o
                0x0800c568                TIM_ETR_SetConfig
 .text.TIM_CCxChannelCmd
                0x0800c5a8       0x4a ./Drivers/STM32F4xx_HAL_Driver/Src/stm32f4xx_hal_tim.o
                0x0800c5a8                TIM_CCxChannelCmd
 *fill*         0x0800c5f2        0x2 
 .text.HAL_TIMEx_MasterConfigSynchronization
                0x0800c5f4       0xdc ./Drivers/STM32F4xx_HAL_Driver/Src/stm32f4xx_hal_tim_ex.o
                0x0800c5f4                HAL_TIMEx_MasterConfigSynchronization
 .text.HAL_TIMEx_CommutCallback
                0x0800c6d0       0x14 ./Drivers/STM32F4xx_HAL_Driver/Src/stm32f4xx_hal_tim_ex.o
                0x0800c6d0                HAL_TIMEx_CommutCallback
 .text.HAL_TIMEx_BreakCallback
                0x0800c6e4       0x14 ./Drivers/STM32F4xx_HAL_Driver/Src/stm32f4xx_hal_tim_ex.o
                0x0800c6e4                HAL_TIMEx_BreakCallback
 .text.HAL_UART_Init
                0x0800c6f8       0xa0 ./Drivers/STM32F4xx_HAL_Driver/Src/stm32f4xx_hal_uart.o
                0x0800c6f8                HAL_UART_Init
 .text.HAL_UART_Transmit_DMA
                0x0800c798       0xf8 ./Drivers/STM32F4xx_HAL_Driver/Src/stm32f4xx_hal_uart.o
                0x0800c798                HAL_UART_Transmit_DMA
 .text.HAL_UARTEx_ReceiveToIdle_DMA
                0x0800c890       0xb2 ./Drivers/STM32F4xx_HAL_Driver/Src/stm32f4xx_hal_uart.o
                0x0800c890                HAL_UARTEx_ReceiveToIdle_DMA
 *fill*         0x0800c942        0x2 
 .text.HAL_UART_IRQHandler
                0x0800c944      0x554 ./Drivers/STM32F4xx_HAL_Driver/Src/stm32f4xx_hal_uart.o
                0x0800c944                HAL_UART_IRQHandler
 .text.HAL_UART_TxCpltCallback
                0x0800ce98       0x14 ./Drivers/STM32F4xx_HAL_Driver/Src/stm32f4xx_hal_uart.o
                0x0800ce98                HAL_UART_TxCpltCallback
 .text.HAL_UART_TxHalfCpltCallback
                0x0800ceac       0x14 ./Drivers/STM32F4xx_HAL_Driver/Src/stm32f4xx_hal_uart.o
                0x0800ceac                HAL_UART_TxHalfCpltCallback
 .text.HAL_UART_RxCpltCallback
                0x0800cec0       0x14 ./Drivers/STM32F4xx_HAL_Driver/Src/stm32f4xx_hal_uart.o
                0x0800cec0                HAL_UART_RxCpltCallback
 .text.HAL_UART_RxHalfCpltCallback
                0x0800ced4       0x14 ./Drivers/STM32F4xx_HAL_Driver/Src/stm32f4xx_hal_uart.o
                0x0800ced4                HAL_UART_RxHalfCpltCallback
 .text.UART_DMATransmitCplt
                0x0800cee8       0x9a ./Drivers/STM32F4xx_HAL_Driver/Src/stm32f4xx_hal_uart.o
 .text.UART_DMATxHalfCplt
                0x0800cf82       0x1c ./Drivers/STM32F4xx_HAL_Driver/Src/stm32f4xx_hal_uart.o
 .text.UART_DMAReceiveCplt
                0x0800cf9e      0x12c ./Drivers/STM32F4xx_HAL_Driver/Src/stm32f4xx_hal_uart.o
 .text.UART_DMARxHalfCplt
                0x0800d0ca       0x3c ./Drivers/STM32F4xx_HAL_Driver/Src/stm32f4xx_hal_uart.o
 .text.UART_DMAError
                0x0800d106       0x94 ./Drivers/STM32F4xx_HAL_Driver/Src/stm32f4xx_hal_uart.o
 *fill*         0x0800d19a        0x2 
 .text.UART_Start_Receive_DMA
                0x0800d19c      0x14c ./Drivers/STM32F4xx_HAL_Driver/Src/stm32f4xx_hal_uart.o
                0x0800d19c                UART_Start_Receive_DMA
 .text.UART_EndTxTransfer
                0x0800d2e8       0x50 ./Drivers/STM32F4xx_HAL_Driver/Src/stm32f4xx_hal_uart.o
 .text.UART_EndRxTransfer
                0x0800d338       0xc6 ./Drivers/STM32F4xx_HAL_Driver/Src/stm32f4xx_hal_uart.o
 .text.UART_DMAAbortOnError
                0x0800d3fe       0x22 ./Drivers/STM32F4xx_HAL_Driver/Src/stm32f4xx_hal_uart.o
 .text.UART_Transmit_IT
                0x0800d420       0xa0 ./Drivers/STM32F4xx_HAL_Driver/Src/stm32f4xx_hal_uart.o
 .text.UART_EndTransmit_IT
                0x0800d4c0       0x30 ./Drivers/STM32F4xx_HAL_Driver/Src/stm32f4xx_hal_uart.o
 .text.UART_Receive_IT
                0x0800d4f0      0x17c ./Drivers/STM32F4xx_HAL_Driver/Src/stm32f4xx_hal_uart.o
 .text.UART_SetConfig
                0x0800d66c      0x4e8 ./Drivers/STM32F4xx_HAL_Driver/Src/stm32f4xx_hal_uart.o
 .text.USB_CoreInit
                0x0800db54       0xc8 ./Drivers/STM32F4xx_HAL_Driver/Src/stm32f4xx_ll_usb.o
                0x0800db54                USB_CoreInit
 .text.USB_SetTurnaroundTime
                0x0800dc1c      0x144 ./Drivers/STM32F4xx_HAL_Driver/Src/stm32f4xx_ll_usb.o
                0x0800dc1c                USB_SetTurnaroundTime
 .text.USB_EnableGlobalInt
                0x0800dd60       0x22 ./Drivers/STM32F4xx_HAL_Driver/Src/stm32f4xx_ll_usb.o
                0x0800dd60                USB_EnableGlobalInt
 .text.USB_DisableGlobalInt
                0x0800dd82       0x22 ./Drivers/STM32F4xx_HAL_Driver/Src/stm32f4xx_ll_usb.o
                0x0800dd82                USB_DisableGlobalInt
 .text.USB_SetCurrentMode
                0x0800dda4       0x98 ./Drivers/STM32F4xx_HAL_Driver/Src/stm32f4xx_ll_usb.o
                0x0800dda4                USB_SetCurrentMode
 .text.USB_DevInit
                0x0800de3c      0x2c8 ./Drivers/STM32F4xx_HAL_Driver/Src/stm32f4xx_ll_usb.o
                0x0800de3c                USB_DevInit
 .text.USB_FlushTxFifo
                0x0800e104       0x64 ./Drivers/STM32F4xx_HAL_Driver/Src/stm32f4xx_ll_usb.o
                0x0800e104                USB_FlushTxFifo
 .text.USB_FlushRxFifo
                0x0800e168       0x5c ./Drivers/STM32F4xx_HAL_Driver/Src/stm32f4xx_ll_usb.o
                0x0800e168                USB_FlushRxFifo
 .text.USB_SetDevSpeed
                0x0800e1c4       0x32 ./Drivers/STM32F4xx_HAL_Driver/Src/stm32f4xx_ll_usb.o
                0x0800e1c4                USB_SetDevSpeed
 .text.USB_GetDevSpeed
                0x0800e1f6       0x4a ./Drivers/STM32F4xx_HAL_Driver/Src/stm32f4xx_ll_usb.o
                0x0800e1f6                USB_GetDevSpeed
 .text.USB_ActivateEndpoint
                0x0800e240      0x10e ./Drivers/STM32F4xx_HAL_Driver/Src/stm32f4xx_ll_usb.o
                0x0800e240                USB_ActivateEndpoint
 *fill*         0x0800e34e        0x2 
 .text.USB_DeactivateEndpoint
                0x0800e350      0x1b8 ./Drivers/STM32F4xx_HAL_Driver/Src/stm32f4xx_ll_usb.o
                0x0800e350                USB_DeactivateEndpoint
 .text.USB_EPStartXfer
                0x0800e508      0x53c ./Drivers/STM32F4xx_HAL_Driver/Src/stm32f4xx_ll_usb.o
                0x0800e508                USB_EPStartXfer
 .text.USB_EPStopXfer
                0x0800ea44      0x154 ./Drivers/STM32F4xx_HAL_Driver/Src/stm32f4xx_ll_usb.o
                0x0800ea44                USB_EPStopXfer
 .text.USB_WritePacket
                0x0800eb98       0x7c ./Drivers/STM32F4xx_HAL_Driver/Src/stm32f4xx_ll_usb.o
                0x0800eb98                USB_WritePacket
 .text.USB_ReadPacket
                0x0800ec14       0xb0 ./Drivers/STM32F4xx_HAL_Driver/Src/stm32f4xx_ll_usb.o
                0x0800ec14                USB_ReadPacket
 .text.USB_EPSetStall
                0x0800ecc4       0xdc ./Drivers/STM32F4xx_HAL_Driver/Src/stm32f4xx_ll_usb.o
                0x0800ecc4                USB_EPSetStall
 .text.USB_EPClearStall
                0x0800eda0       0xcc ./Drivers/STM32F4xx_HAL_Driver/Src/stm32f4xx_ll_usb.o
                0x0800eda0                USB_EPClearStall
 .text.USB_SetDevAddress
                0x0800ee6c       0x4c ./Drivers/STM32F4xx_HAL_Driver/Src/stm32f4xx_ll_usb.o
                0x0800ee6c                USB_SetDevAddress
 .text.USB_DevConnect
                0x0800eeb8       0x42 ./Drivers/STM32F4xx_HAL_Driver/Src/stm32f4xx_ll_usb.o
                0x0800eeb8                USB_DevConnect
 .text.USB_DevDisconnect
                0x0800eefa       0x42 ./Drivers/STM32F4xx_HAL_Driver/Src/stm32f4xx_ll_usb.o
                0x0800eefa                USB_DevDisconnect
 .text.USB_ReadInterrupts
                0x0800ef3c       0x26 ./Drivers/STM32F4xx_HAL_Driver/Src/stm32f4xx_ll_usb.o
                0x0800ef3c                USB_ReadInterrupts
 .text.USB_ReadDevAllOutEpInterrupt
                0x0800ef62       0x34 ./Drivers/STM32F4xx_HAL_Driver/Src/stm32f4xx_ll_usb.o
                0x0800ef62                USB_ReadDevAllOutEpInterrupt
 .text.USB_ReadDevAllInEpInterrupt
                0x0800ef96       0x34 ./Drivers/STM32F4xx_HAL_Driver/Src/stm32f4xx_ll_usb.o
                0x0800ef96                USB_ReadDevAllInEpInterrupt
 .text.USB_ReadDevOutEPInterrupt
                0x0800efca       0x3c ./Drivers/STM32F4xx_HAL_Driver/Src/stm32f4xx_ll_usb.o
                0x0800efca                USB_ReadDevOutEPInterrupt
 .text.USB_ReadDevInEPInterrupt
                0x0800f006       0x5c ./Drivers/STM32F4xx_HAL_Driver/Src/stm32f4xx_ll_usb.o
                0x0800f006                USB_ReadDevInEPInterrupt
 .text.USB_GetMode
                0x0800f062       0x1c ./Drivers/STM32F4xx_HAL_Driver/Src/stm32f4xx_ll_usb.o
                0x0800f062                USB_GetMode
 .text.USB_ActivateSetup
                0x0800f07e       0x46 ./Drivers/STM32F4xx_HAL_Driver/Src/stm32f4xx_ll_usb.o
                0x0800f07e                USB_ActivateSetup
 .text.USB_EP0_OutStart
                0x0800f0c4       0xbc ./Drivers/STM32F4xx_HAL_Driver/Src/stm32f4xx_ll_usb.o
                0x0800f0c4                USB_EP0_OutStart
 .text.USB_CoreReset
                0x0800f180       0x70 ./Drivers/STM32F4xx_HAL_Driver/Src/stm32f4xx_ll_usb.o
 .text.USBD_CDC_Init
                0x0800f1f0      0x1f0 ./Middlewares/ST/STM32_USB_Device_Library/Class/CDC/Src/usbd_cdc.o
 .text.USBD_CDC_DeInit
                0x0800f3e0      0x104 ./Middlewares/ST/STM32_USB_Device_Library/Class/CDC/Src/usbd_cdc.o
 .text.USBD_CDC_Setup
                0x0800f4e4      0x1b8 ./Middlewares/ST/STM32_USB_Device_Library/Class/CDC/Src/usbd_cdc.o
 .text.USBD_CDC_DataIn
                0x0800f69c       0xfe ./Middlewares/ST/STM32_USB_Device_Library/Class/CDC/Src/usbd_cdc.o
 .text.USBD_CDC_DataOut
                0x0800f79a       0x70 ./Middlewares/ST/STM32_USB_Device_Library/Class/CDC/Src/usbd_cdc.o
 .text.USBD_CDC_EP0_RxReady
                0x0800f80a       0x74 ./Middlewares/ST/STM32_USB_Device_Library/Class/CDC/Src/usbd_cdc.o
 *fill*         0x0800f87e        0x2 
 .text.USBD_CDC_GetFSCfgDesc
                0x0800f880       0x70 ./Middlewares/ST/STM32_USB_Device_Library/Class/CDC/Src/usbd_cdc.o
 .text.USBD_CDC_GetHSCfgDesc
                0x0800f8f0       0x70 ./Middlewares/ST/STM32_USB_Device_Library/Class/CDC/Src/usbd_cdc.o
 .text.USBD_CDC_GetOtherSpeedCfgDesc
                0x0800f960       0x70 ./Middlewares/ST/STM32_USB_Device_Library/Class/CDC/Src/usbd_cdc.o
 .text.USBD_CDC_GetDeviceQualifierDescriptor
                0x0800f9d0       0x20 ./Middlewares/ST/STM32_USB_Device_Library/Class/CDC/Src/usbd_cdc.o
                0x0800f9d0                USBD_CDC_GetDeviceQualifierDescriptor
 .text.USBD_CDC_RegisterInterface
                0x0800f9f0       0x34 ./Middlewares/ST/STM32_USB_Device_Library/Class/CDC/Src/usbd_cdc.o
                0x0800f9f0                USBD_CDC_RegisterInterface
 .text.USBD_CDC_SetTxBuffer
                0x0800fa24       0x44 ./Middlewares/ST/STM32_USB_Device_Library/Class/CDC/Src/usbd_cdc.o
                0x0800fa24                USBD_CDC_SetTxBuffer
 .text.USBD_CDC_SetRxBuffer
                0x0800fa68       0x3a ./Middlewares/ST/STM32_USB_Device_Library/Class/CDC/Src/usbd_cdc.o
                0x0800fa68                USBD_CDC_SetRxBuffer
 *fill*         0x0800faa2        0x2 
 .text.USBD_CDC_ReceivePacket
                0x0800faa4       0x6c ./Middlewares/ST/STM32_USB_Device_Library/Class/CDC/Src/usbd_cdc.o
                0x0800faa4                USBD_CDC_ReceivePacket
 .text.USBD_Init
                0x0800fb10       0x60 ./Middlewares/ST/STM32_USB_Device_Library/Core/Src/usbd_core.o
                0x0800fb10                USBD_Init
 .text.USBD_RegisterClass
                0x0800fb70       0x6c ./Middlewares/ST/STM32_USB_Device_Library/Core/Src/usbd_core.o
                0x0800fb70                USBD_RegisterClass
 .text.USBD_Start
                0x0800fbdc       0x18 ./Middlewares/ST/STM32_USB_Device_Library/Core/Src/usbd_core.o
                0x0800fbdc                USBD_Start
 .text.USBD_RunTestMode
                0x0800fbf4       0x16 ./Middlewares/ST/STM32_USB_Device_Library/Core/Src/usbd_core.o
                0x0800fbf4                USBD_RunTestMode
 .text.USBD_SetClassConfig
                0x0800fc0a       0x38 ./Middlewares/ST/STM32_USB_Device_Library/Core/Src/usbd_core.o
                0x0800fc0a                USBD_SetClassConfig
 .text.USBD_ClrClassConfig
                0x0800fc42       0x34 ./Middlewares/ST/STM32_USB_Device_Library/Core/Src/usbd_core.o
                0x0800fc42                USBD_ClrClassConfig
 .text.USBD_LL_SetupStage
                0x0800fc76       0xaa ./Middlewares/ST/STM32_USB_Device_Library/Core/Src/usbd_core.o
                0x0800fc76                USBD_LL_SetupStage
 .text.USBD_LL_DataOutStage
                0x0800fd20      0x178 ./Middlewares/ST/STM32_USB_Device_Library/Core/Src/usbd_core.o
                0x0800fd20                USBD_LL_DataOutStage
 .text.USBD_LL_DataInStage
                0x0800fe98      0x176 ./Middlewares/ST/STM32_USB_Device_Library/Core/Src/usbd_core.o
                0x0800fe98                USBD_LL_DataInStage
 .text.USBD_LL_Reset
                0x0801000e       0xa6 ./Middlewares/ST/STM32_USB_Device_Library/Core/Src/usbd_core.o
                0x0801000e                USBD_LL_Reset
 .text.USBD_LL_SetSpeed
                0x080100b4       0x20 ./Middlewares/ST/STM32_USB_Device_Library/Core/Src/usbd_core.o
                0x080100b4                USBD_LL_SetSpeed
 .text.USBD_LL_Suspend
                0x080100d4       0x38 ./Middlewares/ST/STM32_USB_Device_Library/Core/Src/usbd_core.o
                0x080100d4                USBD_LL_Suspend
 .text.USBD_LL_Resume
                0x0801010c       0x30 ./Middlewares/ST/STM32_USB_Device_Library/Core/Src/usbd_core.o
                0x0801010c                USBD_LL_Resume
 .text.USBD_LL_SOF
                0x0801013c       0x40 ./Middlewares/ST/STM32_USB_Device_Library/Core/Src/usbd_core.o
                0x0801013c                USBD_LL_SOF
 .text.USBD_LL_IsoINIncomplete
                0x0801017c       0x64 ./Middlewares/ST/STM32_USB_Device_Library/Core/Src/usbd_core.o
                0x0801017c                USBD_LL_IsoINIncomplete
 .text.USBD_LL_IsoOUTIncomplete
                0x080101e0       0x64 ./Middlewares/ST/STM32_USB_Device_Library/Core/Src/usbd_core.o
                0x080101e0                USBD_LL_IsoOUTIncomplete
 .text.USBD_LL_DevConnected
                0x08010244       0x16 ./Middlewares/ST/STM32_USB_Device_Library/Core/Src/usbd_core.o
                0x08010244                USBD_LL_DevConnected
 .text.USBD_LL_DevDisconnected
                0x0801025a       0x46 ./Middlewares/ST/STM32_USB_Device_Library/Core/Src/usbd_core.o
                0x0801025a                USBD_LL_DevDisconnected
 .text.USBD_CoreFindIF
                0x080102a0       0x1a ./Middlewares/ST/STM32_USB_Device_Library/Core/Src/usbd_core.o
                0x080102a0                USBD_CoreFindIF
 .text.USBD_CoreFindEP
                0x080102ba       0x1a ./Middlewares/ST/STM32_USB_Device_Library/Core/Src/usbd_core.o
                0x080102ba                USBD_CoreFindEP
 .text.USBD_GetEpDesc
                0x080102d4       0x70 ./Middlewares/ST/STM32_USB_Device_Library/Core/Src/usbd_core.o
                0x080102d4                USBD_GetEpDesc
 .text.USBD_GetNextDesc
                0x08010344       0x38 ./Middlewares/ST/STM32_USB_Device_Library/Core/Src/usbd_core.o
                0x08010344                USBD_GetNextDesc
 .text.SWAPBYTE
                0x0801037c       0x3e ./Middlewares/ST/STM32_USB_Device_Library/Core/Src/usbd_ctlreq.o
 *fill*         0x080103ba        0x2 
 .text.USBD_StdDevReq
                0x080103bc       0xe4 ./Middlewares/ST/STM32_USB_Device_Library/Core/Src/usbd_ctlreq.o
                0x080103bc                USBD_StdDevReq
 .text.USBD_StdItfReq
                0x080104a0       0xd8 ./Middlewares/ST/STM32_USB_Device_Library/Core/Src/usbd_ctlreq.o
                0x080104a0                USBD_StdItfReq
 .text.USBD_StdEPReq
                0x08010578      0x33e ./Middlewares/ST/STM32_USB_Device_Library/Core/Src/usbd_ctlreq.o
                0x08010578                USBD_StdEPReq
 *fill*         0x080108b6        0x2 
 .text.USBD_GetDescriptor
                0x080108b8      0x2d4 ./Middlewares/ST/STM32_USB_Device_Library/Core/Src/usbd_ctlreq.o
 .text.USBD_SetAddress
                0x08010b8c       0x88 ./Middlewares/ST/STM32_USB_Device_Library/Core/Src/usbd_ctlreq.o
 .text.USBD_SetConfig
                0x08010c14      0x154 ./Middlewares/ST/STM32_USB_Device_Library/Core/Src/usbd_ctlreq.o
 .text.USBD_GetConfig
                0x08010d68       0x6c ./Middlewares/ST/STM32_USB_Device_Library/Core/Src/usbd_ctlreq.o
 .text.USBD_GetStatus
                0x08010dd4       0x68 ./Middlewares/ST/STM32_USB_Device_Library/Core/Src/usbd_ctlreq.o
 .text.USBD_SetFeature
                0x08010e3c       0x52 ./Middlewares/ST/STM32_USB_Device_Library/Core/Src/usbd_ctlreq.o
 .text.USBD_ClrFeature
                0x08010e8e       0x44 ./Middlewares/ST/STM32_USB_Device_Library/Core/Src/usbd_ctlreq.o
 .text.USBD_ParseSetupRequest
                0x08010ed2       0x74 ./Middlewares/ST/STM32_USB_Device_Library/Core/Src/usbd_ctlreq.o
                0x08010ed2                USBD_ParseSetupRequest
 .text.USBD_CtlError
                0x08010f46       0x22 ./Middlewares/ST/STM32_USB_Device_Library/Core/Src/usbd_ctlreq.o
                0x08010f46                USBD_CtlError
 .text.USBD_GetString
                0x08010f68       0xa4 ./Middlewares/ST/STM32_USB_Device_Library/Core/Src/usbd_ctlreq.o
                0x08010f68                USBD_GetString
 .text.USBD_GetLen
                0x0801100c       0x34 ./Middlewares/ST/STM32_USB_Device_Library/Core/Src/usbd_ctlreq.o
 .text.USBD_CtlSendData
                0x08011040       0x3c ./Middlewares/ST/STM32_USB_Device_Library/Core/Src/usbd_ioreq.o
                0x08011040                USBD_CtlSendData
 .text.USBD_CtlContinueSendData
                0x0801107c       0x22 ./Middlewares/ST/STM32_USB_Device_Library/Core/Src/usbd_ioreq.o
                0x0801107c                USBD_CtlContinueSendData
 .text.USBD_CtlPrepareRx
                0x0801109e       0x42 ./Middlewares/ST/STM32_USB_Device_Library/Core/Src/usbd_ioreq.o
                0x0801109e                USBD_CtlPrepareRx
 .text.USBD_CtlContinueRx
                0x080110e0       0x22 ./Middlewares/ST/STM32_USB_Device_Library/Core/Src/usbd_ioreq.o
                0x080110e0                USBD_CtlContinueRx
 .text.USBD_CtlSendStatus
                0x08011102       0x26 ./Middlewares/ST/STM32_USB_Device_Library/Core/Src/usbd_ioreq.o
                0x08011102                USBD_CtlSendStatus
 .text.USBD_CtlReceiveStatus
                0x08011128       0x26 ./Middlewares/ST/STM32_USB_Device_Library/Core/Src/usbd_ioreq.o
                0x08011128                USBD_CtlReceiveStatus
 *fill*         0x0801114e        0x2 
 .text.MX_USB_DEVICE_Init
                0x08011150       0x60 ./USB_DEVICE/App/usb_device.o
                0x08011150                MX_USB_DEVICE_Init
 .text.CDC_Init_FS
                0x080111b0       0x28 ./USB_DEVICE/App/usbd_cdc_if.o
 .text.CDC_DeInit_FS
                0x080111d8       0x10 ./USB_DEVICE/App/usbd_cdc_if.o
 .text.CDC_Control_FS
                0x080111e8       0xbc ./USB_DEVICE/App/usbd_cdc_if.o
 .text.CDC_Receive_FS
                0x080112a4      0x138 ./USB_DEVICE/App/usbd_cdc_if.o
 .text.CDC_TransmitCplt_FS
                0x080113dc       0x48 ./USB_DEVICE/App/usbd_cdc_if.o
 .text.USBD_FS_DeviceDescriptor
                0x08011424       0x24 ./USB_DEVICE/App/usbd_desc.o
                0x08011424                USBD_FS_DeviceDescriptor
 .text.USBD_FS_LangIDStrDescriptor
                0x08011448       0x24 ./USB_DEVICE/App/usbd_desc.o
                0x08011448                USBD_FS_LangIDStrDescriptor
 .text.USBD_FS_ProductStrDescriptor
                0x0801146c       0x3c ./USB_DEVICE/App/usbd_desc.o
                0x0801146c                USBD_FS_ProductStrDescriptor
 .text.USBD_FS_ManufacturerStrDescriptor
                0x080114a8       0x28 ./USB_DEVICE/App/usbd_desc.o
                0x080114a8                USBD_FS_ManufacturerStrDescriptor
 .text.USBD_FS_SerialStrDescriptor
                0x080114d0       0x24 ./USB_DEVICE/App/usbd_desc.o
                0x080114d0                USBD_FS_SerialStrDescriptor
 .text.USBD_FS_ConfigStrDescriptor
                0x080114f4       0x3c ./USB_DEVICE/App/usbd_desc.o
                0x080114f4                USBD_FS_ConfigStrDescriptor
 .text.USBD_FS_InterfaceStrDescriptor
                0x08011530       0x3c ./USB_DEVICE/App/usbd_desc.o
                0x08011530                USBD_FS_InterfaceStrDescriptor
 .text.Get_SerialNum
                0x0801156c       0x58 ./USB_DEVICE/App/usbd_desc.o
 .text.IntToUnicode
                0x080115c4       0x7e ./USB_DEVICE/App/usbd_desc.o
 *fill*         0x08011642        0x2 
 .text.HAL_PCD_MspInit
                0x08011644       0xa8 ./USB_DEVICE/Target/usbd_conf.o
                0x08011644                HAL_PCD_MspInit
 .text.HAL_PCD_SetupStageCallback
                0x080116ec       0x24 ./USB_DEVICE/Target/usbd_conf.o
                0x080116ec                HAL_PCD_SetupStageCallback
 .text.HAL_PCD_DataOutStageCallback
                0x08011710       0x36 ./USB_DEVICE/Target/usbd_conf.o
                0x08011710                HAL_PCD_DataOutStageCallback
 .text.HAL_PCD_DataInStageCallback
                0x08011746       0x34 ./USB_DEVICE/Target/usbd_conf.o
                0x08011746                HAL_PCD_DataInStageCallback
 .text.HAL_PCD_SOFCallback
                0x0801177a       0x1c ./USB_DEVICE/Target/usbd_conf.o
                0x0801177a                HAL_PCD_SOFCallback
 .text.HAL_PCD_ResetCallback
                0x08011796       0x3c ./USB_DEVICE/Target/usbd_conf.o
                0x08011796                HAL_PCD_ResetCallback
 *fill*         0x080117d2        0x2 
 .text.HAL_PCD_SuspendCallback
                0x080117d4       0x4c ./USB_DEVICE/Target/usbd_conf.o
                0x080117d4                HAL_PCD_SuspendCallback
 .text.HAL_PCD_ResumeCallback
                0x08011820       0x1c ./USB_DEVICE/Target/usbd_conf.o
                0x08011820                HAL_PCD_ResumeCallback
 .text.HAL_PCD_ISOOUTIncompleteCallback
                0x0801183c       0x24 ./USB_DEVICE/Target/usbd_conf.o
                0x0801183c                HAL_PCD_ISOOUTIncompleteCallback
 .text.HAL_PCD_ISOINIncompleteCallback
                0x08011860       0x24 ./USB_DEVICE/Target/usbd_conf.o
                0x08011860                HAL_PCD_ISOINIncompleteCallback
 .text.HAL_PCD_ConnectCallback
                0x08011884       0x1c ./USB_DEVICE/Target/usbd_conf.o
                0x08011884                HAL_PCD_ConnectCallback
 .text.HAL_PCD_DisconnectCallback
                0x080118a0       0x1c ./USB_DEVICE/Target/usbd_conf.o
                0x080118a0                HAL_PCD_DisconnectCallback
 .text.USBD_LL_Init
                0x080118bc       0x98 ./USB_DEVICE/Target/usbd_conf.o
                0x080118bc                USBD_LL_Init
 .text.USBD_LL_Start
                0x08011954       0x36 ./USB_DEVICE/Target/usbd_conf.o
                0x08011954                USBD_LL_Start
 .text.USBD_LL_OpenEP
                0x0801198a       0x4c ./USB_DEVICE/Target/usbd_conf.o
                0x0801198a                USBD_LL_OpenEP
 .text.USBD_LL_CloseEP
                0x080119d6       0x3e ./USB_DEVICE/Target/usbd_conf.o
                0x080119d6                USBD_LL_CloseEP
 .text.USBD_LL_StallEP
                0x08011a14       0x3e ./USB_DEVICE/Target/usbd_conf.o
                0x08011a14                USBD_LL_StallEP
 .text.USBD_LL_ClearStallEP
                0x08011a52       0x3e ./USB_DEVICE/Target/usbd_conf.o
                0x08011a52                USBD_LL_ClearStallEP
 .text.USBD_LL_IsStallEP
                0x08011a90       0x58 ./USB_DEVICE/Target/usbd_conf.o
                0x08011a90                USBD_LL_IsStallEP
 .text.USBD_LL_SetUSBAddress
                0x08011ae8       0x3e ./USB_DEVICE/Target/usbd_conf.o
                0x08011ae8                USBD_LL_SetUSBAddress
 .text.USBD_LL_Transmit
                0x08011b26       0x42 ./USB_DEVICE/Target/usbd_conf.o
                0x08011b26                USBD_LL_Transmit
 .text.USBD_LL_PrepareReceive
                0x08011b68       0x42 ./USB_DEVICE/Target/usbd_conf.o
                0x08011b68                USBD_LL_PrepareReceive
 .text.USBD_LL_GetRxDataSize
                0x08011baa       0x26 ./USB_DEVICE/Target/usbd_conf.o
                0x08011baa                USBD_LL_GetRxDataSize
 .text.USBD_static_malloc
                0x08011bd0       0x1c ./USB_DEVICE/Target/usbd_conf.o
                0x08011bd0                USBD_static_malloc
 .text.USBD_static_free
                0x08011bec       0x14 ./USB_DEVICE/Target/usbd_conf.o
                0x08011bec                USBD_static_free
 .text.USBD_Get_USB_Status
                0x08011c00       0x58 ./USB_DEVICE/Target/usbd_conf.o
                0x08011c00                USBD_Get_USB_Status
 .text.atof     0x08011c58        0x6 C:/ST/STM32CubeIDE_2.0.0/STM32CubeIDE/plugins/com.st.stm32cube.ide.mcu.externaltools.gnu-tools-for-stm32.13.3.rel1.win32_1.0.100.202509120712/tools/bin/../lib/gcc/arm-none-eabi/13.3.1/../../../../arm-none-eabi/lib/thumb/v7e-m+fp/hard\libc_nano.a(libc_a-atof.o)
                0x08011c58                atof
 .text.atoi     0x08011c5e        0x8 C:/ST/STM32CubeIDE_2.0.0/STM32CubeIDE/plugins/com.st.stm32cube.ide.mcu.externaltools.gnu-tools-for-stm32.13.3.rel1.win32_1.0.100.202509120712/tools/bin/../lib/gcc/arm-none-eabi/13.3.1/../../../../arm-none-eabi/lib/thumb/v7e-m+fp/hard\libc_nano.a(libc_a-atoi.o)
                0x08011c5e                atoi
 .text.sulp     0x08011c66       0x3c C:/ST/STM32CubeIDE_2.0.0/STM32CubeIDE/plugins/com.st.stm32cube.ide.mcu.externaltools.gnu-tools-for-stm32.13.3.rel1.win32_1.0.100.202509120712/tools/bin/../lib/gcc/arm-none-eabi/13.3.1/../../../../arm-none-eabi/lib/thumb/v7e-m+fp/hard\libc_nano.a(libc_a-strtod.o)
 *fill*         0x08011ca2        0x6 
 .text._strtod_l
                0x08011ca8      0xbc8 C:/ST/STM32CubeIDE_2.0.0/STM32CubeIDE/plugins/com.st.stm32cube.ide.mcu.externaltools.gnu-tools-for-stm32.13.3.rel1.win32_1.0.100.202509120712/tools/bin/../lib/gcc/arm-none-eabi/13.3.1/../../../../arm-none-eabi/lib/thumb/v7e-m+fp/hard\libc_nano.a(libc_a-strtod.o)
                0x08011ca8                _strtod_l
 .text._strtod_r
                0x08012870        0xc C:/ST/STM32CubeIDE_2.0.0/STM32CubeIDE/plugins/com.st.stm32cube.ide.mcu.externaltools.gnu-tools-for-stm32.13.3.rel1.win32_1.0.100.202509120712/tools/bin/../lib/gcc/arm-none-eabi/13.3.1/../../../../arm-none-eabi/lib/thumb/v7e-m+fp/hard\libc_nano.a(libc_a-strtod.o)
                0x08012870                _strtod_r
 .text.strtod   0x0801287c       0x18 C:/ST/STM32CubeIDE_2.0.0/STM32CubeIDE/plugins/com.st.stm32cube.ide.mcu.externaltools.gnu-tools-for-stm32.13.3.rel1.win32_1.0.100.202509120712/tools/bin/../lib/gcc/arm-none-eabi/13.3.1/../../../../arm-none-eabi/lib/thumb/v7e-m+fp/hard\libc_nano.a(libc_a-strtod.o)
                0x0801287c                strtod
 .text._strtol_l.isra.0
                0x08012894       0xf4 C:/ST/STM32CubeIDE_2.0.0/STM32CubeIDE/plugins/com.st.stm32cube.ide.mcu.externaltools.gnu-tools-for-stm32.13.3.rel1.win32_1.0.100.202509120712/tools/bin/../lib/gcc/arm-none-eabi/13.3.1/../../../../arm-none-eabi/lib/thumb/v7e-m+fp/hard\libc_nano.a(libc_a-strtol.o)
 .text._strtol_r
                0x08012988        0x4 C:/ST/STM32CubeIDE_2.0.0/STM32CubeIDE/plugins/com.st.stm32cube.ide.mcu.externaltools.gnu-tools-for-stm32.13.3.rel1.win32_1.0.100.202509120712/tools/bin/../lib/gcc/arm-none-eabi/13.3.1/../../../../arm-none-eabi/lib/thumb/v7e-m+fp/hard\libc_nano.a(libc_a-strtol.o)
                0x08012988                _strtol_r
 .text.strtol   0x0801298c       0x14 C:/ST/STM32CubeIDE_2.0.0/STM32CubeIDE/plugins/com.st.stm32cube.ide.mcu.externaltools.gnu-tools-for-stm32.13.3.rel1.win32_1.0.100.202509120712/tools/bin/../lib/gcc/arm-none-eabi/13.3.1/../../../../arm-none-eabi/lib/thumb/v7e-m+fp/hard\libc_nano.a(libc_a-strtol.o)
                0x0801298c                strtol
 .text.__cvt    0x080129a0       0xca C:/ST/STM32CubeIDE_2.0.0/STM32CubeIDE/plugins/com.st.stm32cube.ide.mcu.externaltools.gnu-tools-for-stm32.13.3.rel1.win32_1.0.100.202509120712/tools/bin/../lib/gcc/arm-none-eabi/13.3.1/../../../../arm-none-eabi/lib/thumb/v7e-m+fp/hard\libc_nano.a(libc_a-nano-vfprintf_float.o)
                0x080129a0                __cvt
 .text.__exponent
                0x08012a6a       0x74 C:/ST/STM32CubeIDE_2.0.0/STM32CubeIDE/plugins/com.st.stm32cube.ide.mcu.externaltools.gnu-tools-for-stm32.13.3.rel1.win32_1.0.100.202509120712/tools/bin/../lib/gcc/arm-none-eabi/13.3.1/../../../../arm-none-eabi/lib/thumb/v7e-m+fp/hard\libc_nano.a(libc_a-nano-vfprintf_float.o)
                0x08012a6a                __exponent
 *fill*         0x08012ade        0x2 
 .text._printf_float
                0x08012ae0      0x454 C:/ST/STM32CubeIDE_2.0.0/STM32CubeIDE/plugins/com.st.stm32cube.ide.mcu.externaltools.gnu-tools-for-stm32.13.3.rel1.win32_1.0.100.202509120712/tools/bin/../lib/gcc/arm-none-eabi/13.3.1/../../../../arm-none-eabi/lib/thumb/v7e-m+fp/hard\libc_nano.a(libc_a-nano-vfprintf_float.o)
                0x08012ae0                _printf_float
 .text._printf_common
                0x08012f34       0xda C:/ST/STM32CubeIDE_2.0.0/STM32CubeIDE/plugins/com.st.stm32cube.ide.mcu.externaltools.gnu-tools-for-stm32.13.3.rel1.win32_1.0.100.202509120712/tools/bin/../lib/gcc/arm-none-eabi/13.3.1/../../../../arm-none-eabi/lib/thumb/v7e-m+fp/hard\libc_nano.a(libc_a-nano-vfprintf_i.o)
                0x08012f34                _printf_common
 *fill*         0x0801300e        0x2 
 .text._printf_i
                0x08013010      0x23c C:/ST/STM32CubeIDE_2.0.0/STM32CubeIDE/plugins/com.st.stm32cube.ide.mcu.externaltools.gnu-tools-for-stm32.13.3.rel1.win32_1.0.100.202509120712/tools/bin/../lib/gcc/arm-none-eabi/13.3.1/../../../../arm-none-eabi/lib/thumb/v7e-m+fp/hard\libc_nano.a(libc_a-nano-vfprintf_i.o)
                0x08013010                _printf_i
 .text._scanf_float
                0x0801324c      0x41c C:/ST/STM32CubeIDE_2.0.0/STM32CubeIDE/plugins/com.st.stm32cube.ide.mcu.externaltools.gnu-tools-for-stm32.13.3.rel1.win32_1.0.100.202509120712/tools/bin/../lib/gcc/arm-none-eabi/13.3.1/../../../../arm-none-eabi/lib/thumb/v7e-m+fp/hard\libc_nano.a(libc_a-nano-vfscanf_float.o)
                0x0801324c                _scanf_float
 .text.std      0x08013668       0x6c C:/ST/STM32CubeIDE_2.0.0/STM32CubeIDE/plugins/com.st.stm32cube.ide.mcu.externaltools.gnu-tools-for-stm32.13.3.rel1.win32_1.0.100.202509120712/tools/bin/../lib/gcc/arm-none-eabi/13.3.1/../../../../arm-none-eabi/lib/thumb/v7e-m+fp/hard\libc_nano.a(libc_a-findfp.o)
 .text.stdio_exit_handler
                0x080136d4       0x18 C:/ST/STM32CubeIDE_2.0.0/STM32CubeIDE/plugins/com.st.stm32cube.ide.mcu.externaltools.gnu-tools-for-stm32.13.3.rel1.win32_1.0.100.202509120712/tools/bin/../lib/gcc/arm-none-eabi/13.3.1/../../../../arm-none-eabi/lib/thumb/v7e-m+fp/hard\libc_nano.a(libc_a-findfp.o)
 .text.cleanup_stdio
                0x080136ec       0x40 C:/ST/STM32CubeIDE_2.0.0/STM32CubeIDE/plugins/com.st.stm32cube.ide.mcu.externaltools.gnu-tools-for-stm32.13.3.rel1.win32_1.0.100.202509120712/tools/bin/../lib/gcc/arm-none-eabi/13.3.1/../../../../arm-none-eabi/lib/thumb/v7e-m+fp/hard\libc_nano.a(libc_a-findfp.o)
 .text.global_stdio_init.part.0
                0x0801372c       0x3c C:/ST/STM32CubeIDE_2.0.0/STM32CubeIDE/plugins/com.st.stm32cube.ide.mcu.externaltools.gnu-tools-for-stm32.13.3.rel1.win32_1.0.100.202509120712/tools/bin/../lib/gcc/arm-none-eabi/13.3.1/../../../../arm-none-eabi/lib/thumb/v7e-m+fp/hard\libc_nano.a(libc_a-findfp.o)
 .text.__sfp_lock_acquire
                0x08013768        0xc C:/ST/STM32CubeIDE_2.0.0/STM32CubeIDE/plugins/com.st.stm32cube.ide.mcu.externaltools.gnu-tools-for-stm32.13.3.rel1.win32_1.0.100.202509120712/tools/bin/../lib/gcc/arm-none-eabi/13.3.1/../../../../arm-none-eabi/lib/thumb/v7e-m+fp/hard\libc_nano.a(libc_a-findfp.o)
                0x08013768                __sfp_lock_acquire
 .text.__sfp_lock_release
                0x08013774        0xc C:/ST/STM32CubeIDE_2.0.0/STM32CubeIDE/plugins/com.st.stm32cube.ide.mcu.externaltools.gnu-tools-for-stm32.13.3.rel1.win32_1.0.100.202509120712/tools/bin/../lib/gcc/arm-none-eabi/13.3.1/../../../../arm-none-eabi/lib/thumb/v7e-m+fp/hard\libc_nano.a(libc_a-findfp.o)
                0x08013774                __sfp_lock_release
 .text.__sinit  0x08013780       0x30 C:/ST/STM32CubeIDE_2.0.0/STM32CubeIDE/plugins/com.st.stm32cube.ide.mcu.externaltools.gnu-tools-for-stm32.13.3.rel1.win32_1.0.100.202509120712/tools/bin/../lib/gcc/arm-none-eabi/13.3.1/../../../../arm-none-eabi/lib/thumb/v7e-m+fp/hard\libc_nano.a(libc_a-findfp.o)
                0x08013780                __sinit
 .text._fwalk_sglue
                0x080137b0       0x3c C:/ST/STM32CubeIDE_2.0.0/STM32CubeIDE/plugins/com.st.stm32cube.ide.mcu.externaltools.gnu-tools-for-stm32.13.3.rel1.win32_1.0.100.202509120712/tools/bin/../lib/gcc/arm-none-eabi/13.3.1/../../../../arm-none-eabi/lib/thumb/v7e-m+fp/hard\libc_nano.a(libc_a-fwalk.o)
                0x080137b0                _fwalk_sglue
 .text.sprintf  0x080137ec       0x44 C:/ST/STM32CubeIDE_2.0.0/STM32CubeIDE/plugins/com.st.stm32cube.ide.mcu.externaltools.gnu-tools-for-stm32.13.3.rel1.win32_1.0.100.202509120712/tools/bin/../lib/gcc/arm-none-eabi/13.3.1/../../../../arm-none-eabi/lib/thumb/v7e-m+fp/hard\libc_nano.a(libc_a-sprintf.o)
                0x080137ec                siprintf
                0x080137ec                sprintf
 .text.__sread  0x08013830       0x22 C:/ST/STM32CubeIDE_2.0.0/STM32CubeIDE/plugins/com.st.stm32cube.ide.mcu.externaltools.gnu-tools-for-stm32.13.3.rel1.win32_1.0.100.202509120712/tools/bin/../lib/gcc/arm-none-eabi/13.3.1/../../../../arm-none-eabi/lib/thumb/v7e-m+fp/hard\libc_nano.a(libc_a-stdio.o)
                0x08013830                __sread
 .text.__swrite
                0x08013852       0x38 C:/ST/STM32CubeIDE_2.0.0/STM32CubeIDE/plugins/com.st.stm32cube.ide.mcu.externaltools.gnu-tools-for-stm32.13.3.rel1.win32_1.0.100.202509120712/tools/bin/../lib/gcc/arm-none-eabi/13.3.1/../../../../arm-none-eabi/lib/thumb/v7e-m+fp/hard\libc_nano.a(libc_a-stdio.o)
                0x08013852                __swrite
 .text.__sseek  0x0801388a       0x24 C:/ST/STM32CubeIDE_2.0.0/STM32CubeIDE/plugins/com.st.stm32cube.ide.mcu.externaltools.gnu-tools-for-stm32.13.3.rel1.win32_1.0.100.202509120712/tools/bin/../lib/gcc/arm-none-eabi/13.3.1/../../../../arm-none-eabi/lib/thumb/v7e-m+fp/hard\libc_nano.a(libc_a-stdio.o)
                0x0801388a                __sseek
 .text.__sclose
                0x080138ae        0x8 C:/ST/STM32CubeIDE_2.0.0/STM32CubeIDE/plugins/com.st.stm32cube.ide.mcu.externaltools.gnu-tools-for-stm32.13.3.rel1.win32_1.0.100.202509120712/tools/bin/../lib/gcc/arm-none-eabi/13.3.1/../../../../arm-none-eabi/lib/thumb/v7e-m+fp/hard\libc_nano.a(libc_a-stdio.o)
                0x080138ae                __sclose
 .text.memset   0x080138b6       0x10 C:/ST/STM32CubeIDE_2.0.0/STM32CubeIDE/plugins/com.st.stm32cube.ide.mcu.externaltools.gnu-tools-for-stm32.13.3.rel1.win32_1.0.100.202509120712/tools/bin/../lib/gcc/arm-none-eabi/13.3.1/../../../../arm-none-eabi/lib/thumb/v7e-m+fp/hard\libc_nano.a(libc_a-memset.o)
                0x080138b6                memset
 .text.strncmp  0x080138c6       0x24 C:/ST/STM32CubeIDE_2.0.0/STM32CubeIDE/plugins/com.st.stm32cube.ide.mcu.externaltools.gnu-tools-for-stm32.13.3.rel1.win32_1.0.100.202509120712/tools/bin/../lib/gcc/arm-none-eabi/13.3.1/../../../../arm-none-eabi/lib/thumb/v7e-m+fp/hard\libc_nano.a(libc_a-strncmp.o)
                0x080138c6                strncmp
 .text.strncpy  0x080138ea       0x26 C:/ST/STM32CubeIDE_2.0.0/STM32CubeIDE/plugins/com.st.stm32cube.ide.mcu.externaltools.gnu-tools-for-stm32.13.3.rel1.win32_1.0.100.202509120712/tools/bin/../lib/gcc/arm-none-eabi/13.3.1/../../../../arm-none-eabi/lib/thumb/v7e-m+fp/hard\libc_nano.a(libc_a-strncpy.o)
                0x080138ea                strncpy
 .text._localeconv_r
                0x08013910        0x8 C:/ST/STM32CubeIDE_2.0.0/STM32CubeIDE/plugins/com.st.stm32cube.ide.mcu.externaltools.gnu-tools-for-stm32.13.3.rel1.win32_1.0.100.202509120712/tools/bin/../lib/gcc/arm-none-eabi/13.3.1/../../../../arm-none-eabi/lib/thumb/v7e-m+fp/hard\libc_nano.a(libc_a-localeconv.o)
                0x08013910                _localeconv_r
 .text._close_r
                0x08013918       0x20 C:/ST/STM32CubeIDE_2.0.0/STM32CubeIDE/plugins/com.st.stm32cube.ide.mcu.externaltools.gnu-tools-for-stm32.13.3.rel1.win32_1.0.100.202509120712/tools/bin/../lib/gcc/arm-none-eabi/13.3.1/../../../../arm-none-eabi/lib/thumb/v7e-m+fp/hard\libc_nano.a(libc_a-closer.o)
                0x08013918                _close_r
 .text._lseek_r
                0x08013938       0x24 C:/ST/STM32CubeIDE_2.0.0/STM32CubeIDE/plugins/com.st.stm32cube.ide.mcu.externaltools.gnu-tools-for-stm32.13.3.rel1.win32_1.0.100.202509120712/tools/bin/../lib/gcc/arm-none-eabi/13.3.1/../../../../arm-none-eabi/lib/thumb/v7e-m+fp/hard\libc_nano.a(libc_a-lseekr.o)
                0x08013938                _lseek_r
 .text._read_r  0x0801395c       0x24 C:/ST/STM32CubeIDE_2.0.0/STM32CubeIDE/plugins/com.st.stm32cube.ide.mcu.externaltools.gnu-tools-for-stm32.13.3.rel1.win32_1.0.100.202509120712/tools/bin/../lib/gcc/arm-none-eabi/13.3.1/../../../../arm-none-eabi/lib/thumb/v7e-m+fp/hard\libc_nano.a(libc_a-readr.o)
                0x0801395c                _read_r
 .text._write_r
                0x08013980       0x24 C:/ST/STM32CubeIDE_2.0.0/STM32CubeIDE/plugins/com.st.stm32cube.ide.mcu.externaltools.gnu-tools-for-stm32.13.3.rel1.win32_1.0.100.202509120712/tools/bin/../lib/gcc/arm-none-eabi/13.3.1/../../../../arm-none-eabi/lib/thumb/v7e-m+fp/hard\libc_nano.a(libc_a-writer.o)
                0x08013980                _write_r
 .text.__errno  0x080139a4        0xc C:/ST/STM32CubeIDE_2.0.0/STM32CubeIDE/plugins/com.st.stm32cube.ide.mcu.externaltools.gnu-tools-for-stm32.13.3.rel1.win32_1.0.100.202509120712/tools/bin/../lib/gcc/arm-none-eabi/13.3.1/../../../../arm-none-eabi/lib/thumb/v7e-m+fp/hard\libc_nano.a(libc_a-errno.o)
                0x080139a4                __errno
 .text.__libc_init_array
                0x080139b0       0x48 C:/ST/STM32CubeIDE_2.0.0/STM32CubeIDE/plugins/com.st.stm32cube.ide.mcu.externaltools.gnu-tools-for-stm32.13.3.rel1.win32_1.0.100.202509120712/tools/bin/../lib/gcc/arm-none-eabi/13.3.1/../../../../arm-none-eabi/lib/thumb/v7e-m+fp/hard\libc_nano.a(libc_a-init.o)
                0x080139b0                __libc_init_array
 .text.__retarget_lock_init_recursive
                0x080139f8        0x2 C:/ST/STM32CubeIDE_2.0.0/STM32CubeIDE/plugins/com.st.stm32cube.ide.mcu.externaltools.gnu-tools-for-stm32.13.3.rel1.win32_1.0.100.202509120712/tools/bin/../lib/gcc/arm-none-eabi/13.3.1/../../../../arm-none-eabi/lib/thumb/v7e-m+fp/hard\libc_nano.a(libc_a-lock.o)
                0x080139f8                __retarget_lock_init_recursive
 .text.__retarget_lock_acquire_recursive
                0x080139fa        0x2 C:/ST/STM32CubeIDE_2.0.0/STM32CubeIDE/plugins/com.st.stm32cube.ide.mcu.externaltools.gnu-tools-for-stm32.13.3.rel1.win32_1.0.100.202509120712/tools/bin/../lib/gcc/arm-none-eabi/13.3.1/../../../../arm-none-eabi/lib/thumb/v7e-m+fp/hard\libc_nano.a(libc_a-lock.o)
                0x080139fa                __retarget_lock_acquire_recursive
 .text.__retarget_lock_release_recursive
                0x080139fc        0x2 C:/ST/STM32CubeIDE_2.0.0/STM32CubeIDE/plugins/com.st.stm32cube.ide.mcu.externaltools.gnu-tools-for-stm32.13.3.rel1.win32_1.0.100.202509120712/tools/bin/../lib/gcc/arm-none-eabi/13.3.1/../../../../arm-none-eabi/lib/thumb/v7e-m+fp/hard\libc_nano.a(libc_a-lock.o)
                0x080139fc                __retarget_lock_release_recursive
 .text.memcpy   0x080139fe       0x1c C:/ST/STM32CubeIDE_2.0.0/STM32CubeIDE/plugins/com.st.stm32cube.ide.mcu.externaltools.gnu-tools-for-stm32.13.3.rel1.win32_1.0.100.202509120712/tools/bin/../lib/gcc/arm-none-eabi/13.3.1/../../../../arm-none-eabi/lib/thumb/v7e-m+fp/hard\libc_nano.a(libc_a-memcpy-stub.o)
                0x080139fe                memcpy
 *fill*         0x08013a1a        0x6 
 .text.nan      0x08013a20       0x10 C:/ST/STM32CubeIDE_2.0.0/STM32CubeIDE/plugins/com.st.stm32cube.ide.mcu.externaltools.gnu-tools-for-stm32.13.3.rel1.win32_1.0.100.202509120712/tools/bin/../lib/gcc/arm-none-eabi/13.3.1/../../../../arm-none-eabi/lib/thumb/v7e-m+fp/hard\libc_nano.a(libm_a-s_nan.o)
                0x08013a20                nan
 .text.nanf     0x08013a30        0xc C:/ST/STM32CubeIDE_2.0.0/STM32CubeIDE/plugins/com.st.stm32cube.ide.mcu.externaltools.gnu-tools-for-stm32.13.3.rel1.win32_1.0.100.202509120712/tools/bin/../lib/gcc/arm-none-eabi/13.3.1/../../../../arm-none-eabi/lib/thumb/v7e-m+fp/hard\libc_nano.a(libm_a-sf_nan.o)
                0x08013a30                nanf
 .text.quorem   0x08013a3c      0x110 C:/ST/STM32CubeIDE_2.0.0/STM32CubeIDE/plugins/com.st.stm32cube.ide.mcu.externaltools.gnu-tools-for-stm32.13.3.rel1.win32_1.0.100.202509120712/tools/bin/../lib/gcc/arm-none-eabi/13.3.1/../../../../arm-none-eabi/lib/thumb/v7e-m+fp/hard\libc_nano.a(libc_a-dtoa.o)
 *fill*         0x08013b4c        0x4 
 .text._dtoa_r  0x08013b50      0xba0 C:/ST/STM32CubeIDE_2.0.0/STM32CubeIDE/plugins/com.st.stm32cube.ide.mcu.externaltools.gnu-tools-for-stm32.13.3.rel1.win32_1.0.100.202509120712/tools/bin/../lib/gcc/arm-none-eabi/13.3.1/../../../../arm-none-eabi/lib/thumb/v7e-m+fp/hard\libc_nano.a(libc_a-dtoa.o)
                0x08013b50                _dtoa_r
 .text._free_r  0x080146f0       0x94 C:/ST/STM32CubeIDE_2.0.0/STM32CubeIDE/plugins/com.st.stm32cube.ide.mcu.externaltools.gnu-tools-for-stm32.13.3.rel1.win32_1.0.100.202509120712/tools/bin/../lib/gcc/arm-none-eabi/13.3.1/../../../../arm-none-eabi/lib/thumb/v7e-m+fp/hard\libc_nano.a(libc_a-freer.o)
                0x080146f0                _free_r
 .text.rshift   0x08014784       0xa4 C:/ST/STM32CubeIDE_2.0.0/STM32CubeIDE/plugins/com.st.stm32cube.ide.mcu.externaltools.gnu-tools-for-stm32.13.3.rel1.win32_1.0.100.202509120712/tools/bin/../lib/gcc/arm-none-eabi/13.3.1/../../../../arm-none-eabi/lib/thumb/v7e-m+fp/hard\libc_nano.a(libc_a-gdtoa-gethex.o)
 .text.__hexdig_fun
                0x08014828       0x2a C:/ST/STM32CubeIDE_2.0.0/STM32CubeIDE/plugins/com.st.stm32cube.ide.mcu.externaltools.gnu-tools-for-stm32.13.3.rel1.win32_1.0.100.202509120712/tools/bin/../lib/gcc/arm-none-eabi/13.3.1/../../../../arm-none-eabi/lib/thumb/v7e-m+fp/hard\libc_nano.a(libc_a-gdtoa-gethex.o)
                0x08014828                __hexdig_fun
 *fill*         0x08014852        0x2 
 .text.__gethex
                0x08014854      0x420 C:/ST/STM32CubeIDE_2.0.0/STM32CubeIDE/plugins/com.st.stm32cube.ide.mcu.externaltools.gnu-tools-for-stm32.13.3.rel1.win32_1.0.100.202509120712/tools/bin/../lib/gcc/arm-none-eabi/13.3.1/../../../../arm-none-eabi/lib/thumb/v7e-m+fp/hard\libc_nano.a(libc_a-gdtoa-gethex.o)
                0x08014854                __gethex
 .text.L_shift  0x08014c74       0x24 C:/ST/STM32CubeIDE_2.0.0/STM32CubeIDE/plugins/com.st.stm32cube.ide.mcu.externaltools.gnu-tools-for-stm32.13.3.rel1.win32_1.0.100.202509120712/tools/bin/../lib/gcc/arm-none-eabi/13.3.1/../../../../arm-none-eabi/lib/thumb/v7e-m+fp/hard\libc_nano.a(libc_a-gdtoa-hexnan.o)
 .text.__match  0x08014c98       0x28 C:/ST/STM32CubeIDE_2.0.0/STM32CubeIDE/plugins/com.st.stm32cube.ide.mcu.externaltools.gnu-tools-for-stm32.13.3.rel1.win32_1.0.100.202509120712/tools/bin/../lib/gcc/arm-none-eabi/13.3.1/../../../../arm-none-eabi/lib/thumb/v7e-m+fp/hard\libc_nano.a(libc_a-gdtoa-hexnan.o)
                0x08014c98                __match
 .text.__hexnan
                0x08014cc0      0x136 C:/ST/STM32CubeIDE_2.0.0/STM32CubeIDE/plugins/com.st.stm32cube.ide.mcu.externaltools.gnu-tools-for-stm32.13.3.rel1.win32_1.0.100.202509120712/tools/bin/../lib/gcc/arm-none-eabi/13.3.1/../../../../arm-none-eabi/lib/thumb/v7e-m+fp/hard\libc_nano.a(libc_a-gdtoa-hexnan.o)
                0x08014cc0                __hexnan
 *fill*         0x08014df6        0x2 