../Core/Src/control_systems.c:113:13:FollowLine_ResetStateInternal	4	static
../Core/Src/control_systems.c:124:13:FollowLine_ResetEntryState	4	static
../Core/Src/control_systems.c:136:16:FollowLine_IsAlignedOnLine	16	static
../Core/Src/control_systems.c:144:16:FollowLine_IsEntryDetectionMode	4	static
../Core/Src/control_systems.c:150:14:clamp_float	16	static
../Core/Src/control_systems.c:164:14:TurnManeuver_GetActiveSetpoint	16	static
../Core/Src/control_systems.c:175:16:sign_preserving_limit	16	static
../Core/Src/control_systems.c:184:13:TurnManeuver_ApplyOneWheelMix	24	static
../Core/Src/control_systems.c:200:6:PID_PITCH_ResetState	4	static
../Core/Src/control_systems.c:229:6:Control_SetMotorsEnabled	16	static
../Core/Src/control_systems.c:250:6:PID_PITCH	64	static
../Core/Src/control_systems.c:485:6:FollowLine_Task	40	static
../Core/Src/control_systems.c:684:9:Calcular_PID_YAW	24	static
../Core/Src/control_systems.c:697:16:TurnManeuver_StartInternal	24	static
../Core/Src/control_systems.c:770:9:TurnManeuver_Start	16	static
../Core/Src/control_systems.c:775:9:TurnManeuver_StartArc	16	static
../Core/Src/control_systems.c:783:6:TurnManeuver_StoreCornerConfig	24	static
../Core/Src/control_systems.c:798:9:TurnManeuver_StartStoredCorner	24	static
../Core/Src/control_systems.c:810:6:TurnManeuver_CancelWithReason	16	static
../Core/Src/control_systems.c:832:6:TurnManeuver_Cancel	8	static
../Core/Src/control_systems.c:838:6:TurnManeuver_Task	56	static
