../Core/Src/control_systems.c:40:14:clamp_float	16	static
../Core/Src/control_systems.c:54:14:TurnManeuver_GetActiveSetpoint	16	static
../Core/Src/control_systems.c:65:16:sign_preserving_limit	16	static
../Core/Src/control_systems.c:73:13:TurnManeuver_ApplyOneWheelMix	24	static
../Core/Src/control_systems.c:88:6:PID_PITCH_ResetState	4	static
../Core/Src/control_systems.c:105:6:Control_SetMotorsEnabled	16	static
../Core/Src/control_systems.c:125:6:PID_PITCH	32	static
../Core/Src/control_systems.c:247:6:FollowLine_Task	16	static
../Core/Src/control_systems.c:293:9:Calcular_PID_YAW	24	static
../Core/Src/control_systems.c:307:16:TurnManeuver_StartInternal	24	static
../Core/Src/control_systems.c:372:9:TurnManeuver_Start	16	static
../Core/Src/control_systems.c:377:9:TurnManeuver_StartArc	16	static
../Core/Src/control_systems.c:385:6:TurnManeuver_CancelWithReason	16	static
../Core/Src/control_systems.c:402:6:TurnManeuver_Cancel	8	static
../Core/Src/control_systems.c:407:6:TurnManeuver_Task	40	static
