../Core/Src/control_systems.c:43:14:clamp_float	16	static
../Core/Src/control_systems.c:57:14:TurnManeuver_GetActiveSetpoint	16	static
../Core/Src/control_systems.c:68:16:sign_preserving_limit	16	static
../Core/Src/control_systems.c:76:13:TurnManeuver_ApplyOneWheelMix	24	static
../Core/Src/control_systems.c:91:6:PID_PITCH_ResetState	4	static
../Core/Src/control_systems.c:108:6:Control_SetMotorsEnabled	16	static
../Core/Src/control_systems.c:128:6:PID_PITCH	32	static
../Core/Src/control_systems.c:250:6:FollowLine_Task	16	static
../Core/Src/control_systems.c:296:9:Calcular_PID_YAW	24	static
../Core/Src/control_systems.c:310:16:TurnManeuver_StartInternal	24	static
../Core/Src/control_systems.c:382:9:TurnManeuver_Start	16	static
../Core/Src/control_systems.c:387:9:TurnManeuver_StartArc	16	static
../Core/Src/control_systems.c:395:6:TurnManeuver_CancelWithReason	16	static
../Core/Src/control_systems.c:414:6:TurnManeuver_Cancel	8	static
../Core/Src/control_systems.c:419:6:TurnManeuver_Task	48	static
