../Core/Src/control_systems.c:49:14:clamp_float	16	static
../Core/Src/control_systems.c:63:14:TurnManeuver_GetActiveSetpoint	16	static
../Core/Src/control_systems.c:74:16:sign_preserving_limit	16	static
../Core/Src/control_systems.c:82:13:TurnManeuver_ApplyOneWheelMix	24	static
../Core/Src/control_systems.c:97:6:PID_PITCH_ResetState	4	static
../Core/Src/control_systems.c:114:6:Control_SetMotorsEnabled	16	static
../Core/Src/control_systems.c:134:6:PID_PITCH	32	static
../Core/Src/control_systems.c:256:6:FollowLine_Task	16	static
../Core/Src/control_systems.c:302:9:Calcular_PID_YAW	24	static
../Core/Src/control_systems.c:316:16:TurnManeuver_StartInternal	24	static
../Core/Src/control_systems.c:388:9:TurnManeuver_Start	16	static
../Core/Src/control_systems.c:393:9:TurnManeuver_StartArc	16	static
../Core/Src/control_systems.c:401:6:TurnManeuver_StoreCornerConfig	24	static
../Core/Src/control_systems.c:416:9:TurnManeuver_StartStoredCorner	24	static
../Core/Src/control_systems.c:428:6:TurnManeuver_CancelWithReason	16	static
../Core/Src/control_systems.c:447:6:TurnManeuver_Cancel	8	static
../Core/Src/control_systems.c:452:6:TurnManeuver_Task	48	static
