../Core/Src/control_systems.c:75:14:clamp_float	16	static
../Core/Src/control_systems.c:89:14:TurnManeuver_GetActiveSetpoint	16	static
../Core/Src/control_systems.c:100:16:sign_preserving_limit	16	static
../Core/Src/control_systems.c:108:13:TurnManeuver_ApplyOneWheelMix	24	static
../Core/Src/control_systems.c:123:6:PID_PITCH_ResetState	4	static
../Core/Src/control_systems.c:151:6:Control_SetMotorsEnabled	16	static
../Core/Src/control_systems.c:171:6:PID_PITCH	64	static
../Core/Src/control_systems.c:385:6:FollowLine_Task	16	static
../Core/Src/control_systems.c:431:9:Calcular_PID_YAW	24	static
../Core/Src/control_systems.c:445:16:TurnManeuver_StartInternal	24	static
../Core/Src/control_systems.c:517:9:TurnManeuver_Start	16	static
../Core/Src/control_systems.c:522:9:TurnManeuver_StartArc	16	static
../Core/Src/control_systems.c:530:6:TurnManeuver_StoreCornerConfig	24	static
../Core/Src/control_systems.c:545:9:TurnManeuver_StartStoredCorner	24	static
../Core/Src/control_systems.c:557:6:TurnManeuver_CancelWithReason	16	static
../Core/Src/control_systems.c:579:6:TurnManeuver_Cancel	8	static
../Core/Src/control_systems.c:584:6:TurnManeuver_Task	56	static
