../Core/Src/control_systems.c:76:14:clamp_float	16	static
../Core/Src/control_systems.c:90:14:TurnManeuver_GetActiveSetpoint	16	static
../Core/Src/control_systems.c:101:16:sign_preserving_limit	16	static
../Core/Src/control_systems.c:109:13:TurnManeuver_ApplyOneWheelMix	24	static
../Core/Src/control_systems.c:124:6:PID_PITCH_ResetState	4	static
../Core/Src/control_systems.c:152:6:Control_SetMotorsEnabled	16	static
../Core/Src/control_systems.c:172:6:PID_PITCH	64	static
../Core/Src/control_systems.c:401:6:FollowLine_Task	16	static
../Core/Src/control_systems.c:447:9:Calcular_PID_YAW	24	static
../Core/Src/control_systems.c:461:16:TurnManeuver_StartInternal	24	static
../Core/Src/control_systems.c:533:9:TurnManeuver_Start	16	static
../Core/Src/control_systems.c:538:9:TurnManeuver_StartArc	16	static
../Core/Src/control_systems.c:546:6:TurnManeuver_StoreCornerConfig	24	static
../Core/Src/control_systems.c:561:9:TurnManeuver_StartStoredCorner	24	static
../Core/Src/control_systems.c:573:6:TurnManeuver_CancelWithReason	16	static
../Core/Src/control_systems.c:595:6:TurnManeuver_Cancel	8	static
../Core/Src/control_systems.c:600:6:TurnManeuver_Task	56	static
