../Core/Src/control_systems.c:44:14:clamp_float	16	static
../Core/Src/control_systems.c:58:14:TurnManeuver_GetActiveSetpoint	16	static
../Core/Src/control_systems.c:69:16:sign_preserving_limit	16	static
../Core/Src/control_systems.c:77:13:TurnManeuver_ApplyOneWheelMix	24	static
../Core/Src/control_systems.c:92:6:PID_PITCH_ResetState	4	static
../Core/Src/control_systems.c:109:6:Control_SetMotorsEnabled	16	static
../Core/Src/control_systems.c:133:6:PID_PITCH	40	static
../Core/Src/control_systems.c:257:6:FollowLine_Task	16	static
../Core/Src/control_systems.c:303:9:Calcular_PID_YAW	24	static
../Core/Src/control_systems.c:317:16:TurnManeuver_StartInternal	24	static
../Core/Src/control_systems.c:389:9:TurnManeuver_Start	16	static
../Core/Src/control_systems.c:394:9:TurnManeuver_StartArc	16	static
../Core/Src/control_systems.c:402:6:TurnManeuver_CancelWithReason	16	static
../Core/Src/control_systems.c:421:6:TurnManeuver_Cancel	8	static
../Core/Src/control_systems.c:426:6:TurnManeuver_Task	48	static
