../Core/Src/control_systems.c:112:13:FollowLine_ResetStateInternal	4	static
../Core/Src/control_systems.c:123:13:FollowLine_ResetEntryState	4	static
../Core/Src/control_systems.c:135:16:FollowLine_IsAlignedOnLine	16	static
../Core/Src/control_systems.c:143:16:FollowLine_IsEntryDetectionMode	4	static
../Core/Src/control_systems.c:149:14:clamp_float	16	static
../Core/Src/control_systems.c:163:14:TurnManeuver_GetActiveSetpoint	16	static
../Core/Src/control_systems.c:174:16:sign_preserving_limit	16	static
../Core/Src/control_systems.c:182:13:TurnManeuver_ApplyOneWheelMix	24	static
../Core/Src/control_systems.c:197:6:PID_PITCH_ResetState	4	static
../Core/Src/control_systems.c:225:6:Control_SetMotorsEnabled	16	static
../Core/Src/control_systems.c:245:6:PID_PITCH	64	static
../Core/Src/control_systems.c:475:6:FollowLine_Task	40	static
../Core/Src/control_systems.c:671:9:Calcular_PID_YAW	24	static
../Core/Src/control_systems.c:683:16:TurnManeuver_StartInternal	24	static
../Core/Src/control_systems.c:756:9:TurnManeuver_Start	16	static
../Core/Src/control_systems.c:761:9:TurnManeuver_StartArc	16	static
../Core/Src/control_systems.c:769:6:TurnManeuver_StoreCornerConfig	24	static
../Core/Src/control_systems.c:784:9:TurnManeuver_StartStoredCorner	24	static
../Core/Src/control_systems.c:796:6:TurnManeuver_CancelWithReason	16	static
../Core/Src/control_systems.c:818:6:TurnManeuver_Cancel	8	static
../Core/Src/control_systems.c:823:6:TurnManeuver_Task	56	static
