../Core/Src/control_systems.c:89:13:FollowLine_ResetStateInternal	4	static
../Core/Src/control_systems.c:100:14:clamp_float	16	static
../Core/Src/control_systems.c:114:14:TurnManeuver_GetActiveSetpoint	16	static
../Core/Src/control_systems.c:125:16:sign_preserving_limit	16	static
../Core/Src/control_systems.c:133:13:TurnManeuver_ApplyOneWheelMix	24	static
../Core/Src/control_systems.c:148:6:PID_PITCH_ResetState	4	static
../Core/Src/control_systems.c:176:6:Control_SetMotorsEnabled	16	static
../Core/Src/control_systems.c:196:6:PID_PITCH	64	static
../Core/Src/control_systems.c:426:6:FollowLine_Task	16	static
../Core/Src/control_systems.c:507:9:Calcular_PID_YAW	24	static
../Core/Src/control_systems.c:519:16:TurnManeuver_StartInternal	24	static
../Core/Src/control_systems.c:592:9:TurnManeuver_Start	16	static
../Core/Src/control_systems.c:597:9:TurnManeuver_StartArc	16	static
../Core/Src/control_systems.c:605:6:TurnManeuver_StoreCornerConfig	24	static
../Core/Src/control_systems.c:620:9:TurnManeuver_StartStoredCorner	24	static
../Core/Src/control_systems.c:632:6:TurnManeuver_CancelWithReason	16	static
../Core/Src/control_systems.c:654:6:TurnManeuver_Cancel	8	static
../Core/Src/control_systems.c:659:6:TurnManeuver_Task	56	static
