../Core/Src/control_systems.c:55:14:clamp_float	16	static
../Core/Src/control_systems.c:69:14:TurnManeuver_GetActiveSetpoint	16	static
../Core/Src/control_systems.c:80:16:sign_preserving_limit	16	static
../Core/Src/control_systems.c:88:13:TurnManeuver_ApplyOneWheelMix	24	static
../Core/Src/control_systems.c:103:6:PID_PITCH_ResetState	4	static
../Core/Src/control_systems.c:124:6:Control_SetMotorsEnabled	16	static
../Core/Src/control_systems.c:144:6:PID_PITCH	48	static
../Core/Src/control_systems.c:337:6:FollowLine_Task	16	static
../Core/Src/control_systems.c:383:9:Calcular_PID_YAW	24	static
../Core/Src/control_systems.c:397:16:TurnManeuver_StartInternal	24	static
../Core/Src/control_systems.c:469:9:TurnManeuver_Start	16	static
../Core/Src/control_systems.c:474:9:TurnManeuver_StartArc	16	static
../Core/Src/control_systems.c:482:6:TurnManeuver_StoreCornerConfig	24	static
../Core/Src/control_systems.c:497:9:TurnManeuver_StartStoredCorner	24	static
../Core/Src/control_systems.c:509:6:TurnManeuver_CancelWithReason	16	static
../Core/Src/control_systems.c:528:6:TurnManeuver_Cancel	8	static
../Core/Src/control_systems.c:533:6:TurnManeuver_Task	48	static
