../Core/Src/control_systems.c:115:13:FollowLine_ResetStateInternal	4	static
../Core/Src/control_systems.c:126:13:FollowLine_ResetEntryState	4	static
../Core/Src/control_systems.c:138:16:FollowLine_IsAlignedOnLine	16	static
../Core/Src/control_systems.c:148:16:FollowLine_IsEntryDetectionMode	4	static
../Core/Src/control_systems.c:154:14:clamp_float	16	static
../Core/Src/control_systems.c:168:14:TurnManeuver_GetActiveSetpoint	16	static
../Core/Src/control_systems.c:181:16:sign_preserving_limit	16	static
../Core/Src/control_systems.c:190:13:TurnManeuver_ApplyOneWheelMix	24	static
../Core/Src/control_systems.c:206:6:PID_PITCH_ResetState	4	static
../Core/Src/control_systems.c:235:6:Control_SetMotorsEnabled	16	static
../Core/Src/control_systems.c:256:6:PID_PITCH	64	static
../Core/Src/control_systems.c:496:6:FollowLine_Task	40	static
../Core/Src/control_systems.c:698:9:Calcular_PID_YAW	24	static
../Core/Src/control_systems.c:711:16:TurnManeuver_StartInternal	24	static
../Core/Src/control_systems.c:786:9:TurnManeuver_Start	16	static
../Core/Src/control_systems.c:791:9:TurnManeuver_StartArc	16	static
../Core/Src/control_systems.c:799:6:TurnManeuver_StoreCornerConfig	24	static
../Core/Src/control_systems.c:815:9:TurnManeuver_StartStoredCorner	24	static
../Core/Src/control_systems.c:827:6:TurnManeuver_CancelWithReason	16	static
../Core/Src/control_systems.c:850:6:TurnManeuver_Cancel	8	static
../Core/Src/control_systems.c:856:6:TurnManeuver_Task	56	static
