../Core/Src/control_systems.c:40:14:clamp_float	16	static
../Core/Src/control_systems.c:54:16:sign_preserving_limit	16	static
../Core/Src/control_systems.c:62:13:TurnManeuver_ApplyOneWheelMix	24	static
../Core/Src/control_systems.c:77:6:PID_PITCH_ResetState	4	static
../Core/Src/control_systems.c:94:6:Control_SetMotorsEnabled	16	static
../Core/Src/control_systems.c:114:6:PID_PITCH	32	static
../Core/Src/control_systems.c:235:6:FollowLine_Task	16	static
../Core/Src/control_systems.c:281:9:Calcular_PID_YAW	24	static
../Core/Src/control_systems.c:295:16:TurnManeuver_StartInternal	24	static
../Core/Src/control_systems.c:360:9:TurnManeuver_Start	16	static
../Core/Src/control_systems.c:365:9:TurnManeuver_StartArc	16	static
../Core/Src/control_systems.c:373:6:TurnManeuver_CancelWithReason	16	static
../Core/Src/control_systems.c:390:6:TurnManeuver_Cancel	8	static
../Core/Src/control_systems.c:395:6:TurnManeuver_Task	48	static
