../Core/Src/ESP01.c:134:6:ESP01_SetWIFI	16	static
../Core/Src/ESP01.c:152:15:ESP01_StartUDP	16	static
../Core/Src/ESP01.c:178:6:ESP01_CloseUDPTCP	4	static
../Core/Src/ESP01.c:185:15:ESP01_StateWIFI	4	static
../Core/Src/ESP01.c:195:7:ESP01_GetLocalIP	4	static
../Core/Src/ESP01.c:203:15:ESP01_StateUDPTCP	4	static
../Core/Src/ESP01.c:215:6:ESP01_WriteRX	16	static
../Core/Src/ESP01.c:224:15:ESP01_Send	40	static
../Core/Src/ESP01.c:271:6:ESP01_Init	16	static
../Core/Src/ESP01.c:287:6:ESP01_Timeout10ms	4	static
../Core/Src/ESP01.c:300:6:ESP01_Task	8	static
../Core/Src/ESP01.c:311:6:ESP01_AttachChangeState	16	static
../Core/Src/ESP01.c:315:6:ESP01_AttachDebugStr	16	static
../Core/Src/ESP01.c:319:5:ESP01_IsHDRRST	4	static
../Core/Src/ESP01.c:347:6:setESP01_CHPD	16	static
../Core/Src/ESP01.c:352:5:ESP01_UART_Transmit	16	static
../Core/Src/ESP01.c:364:6:ESP01_Data_Received	24	static
../Core/Src/ESP01.c:380:6:onESP01ChangeState	24	static
../Core/Src/ESP01.c:433:6:onESP01Debug	24	static
../Core/Src/ESP01.c:465:15:ESP01_StartTransport	8	static
../Core/Src/ESP01.c:471:6:ESP01_App_Task	8	static
../Core/Src/ESP01.c:487:13:ESP01ATDecode	16	static
../Core/Src/ESP01.c:736:13:ESP01DOConnection	8	static
../Core/Src/ESP01.c:904:13:ESP01SENDData	16	static
../Core/Src/ESP01.c:937:13:ESP01StrToBufTX	24	static
../Core/Src/ESP01.c:945:13:ESP01ByteToBufTX	16	static
