../Core/Src/ESP01.c:129:6:ESP01_SetWIFI	16	static
../Core/Src/ESP01.c:146:15:ESP01_StartUDP	16	static
../Core/Src/ESP01.c:172:15:ESP01_StartTCP	16	static
../Core/Src/ESP01.c:199:6:ESP01_CloseUDPTCP	4	static
../Core/Src/ESP01.c:206:15:ESP01_StateWIFI	4	static
../Core/Src/ESP01.c:216:7:ESP01_GetLocalIP	4	static
../Core/Src/ESP01.c:224:15:ESP01_StateUDPTCP	4	static
../Core/Src/ESP01.c:235:6:ESP01_WriteRX	16	static
../Core/Src/ESP01.c:243:15:ESP01_Send	40	static
../Core/Src/ESP01.c:292:6:ESP01_Init	16	static
../Core/Src/ESP01.c:309:6:ESP01_Timeout10ms	8	static
../Core/Src/ESP01.c:338:6:ESP01_Task	8	static
../Core/Src/ESP01.c:349:6:ESP01_AttachChangeState	16	static
../Core/Src/ESP01.c:353:6:ESP01_AttachDebugStr	16	static
../Core/Src/ESP01.c:357:5:ESP01_IsHDRRST	4	static
../Core/Src/ESP01.c:367:13:ESP01ATDecode	16	static
../Core/Src/ESP01.c:606:13:ESP01DOConnection	8	static
../Core/Src/ESP01.c:768:13:ESP01SENDData	16	static
../Core/Src/ESP01.c:807:13:ESP01StrToBufTX	24	static
../Core/Src/ESP01.c:815:13:ESP01ByteToBufTX	16	static
