../Core/Src/ESP01.c:255:6:ESP01_SetWIFI	16	static
../Core/Src/ESP01.c:289:15:ESP01_StartUDP	16	static
../Core/Src/ESP01.c:341:15:ESP01_StartTCP	16	static
../Core/Src/ESP01.c:395:6:ESP01_CloseUDPTCP	4	static
../Core/Src/ESP01.c:409:15:ESP01_StateWIFI	4	static
../Core/Src/ESP01.c:429:7:ESP01_GetLocalIP	4	static
../Core/Src/ESP01.c:445:15:ESP01_StateUDPTCP	4	static
../Core/Src/ESP01.c:467:6:ESP01_WriteRX	16	static
../Core/Src/ESP01.c:483:15:ESP01_Send	40	static
../Core/Src/ESP01.c:579:6:ESP01_Init	16	static
../Core/Src/ESP01.c:611:6:ESP01_Timeout10ms	4	static
../Core/Src/ESP01.c:633:6:ESP01_Task	8	static
../Core/Src/ESP01.c:647:6:ESP01_AttachChangeState	16	static
../Core/Src/ESP01.c:653:6:ESP01_AttachDebugStr	16	static
../Core/Src/ESP01.c:659:5:ESP01_IsHDRRST	4	static
../Core/Src/ESP01.c:671:13:ESP01ATDecode	16	static
../Core/Src/ESP01.c:1143:13:ESP01DOConnection	8	static
../Core/Src/ESP01.c:1465:13:ESP01SENDData	16	static
../Core/Src/ESP01.c:1531:13:ESP01StrToBufTX	24	static
../Core/Src/ESP01.c:1547:13:ESP01ByteToBufTX	16	static
