../Core/Src/ESP01.c:136:6:ESP01_SetWIFI	16	static
../Core/Src/ESP01.c:154:15:ESP01_StartUDP	16	static
../Core/Src/ESP01.c:180:15:ESP01_StartHTTPServer	16	static
../Core/Src/ESP01.c:196:9:ESP01_GetLastIPDLinkId	4	static
../Core/Src/ESP01.c:200:15:ESP01_StartTCP	16	static
../Core/Src/ESP01.c:227:6:ESP01_CloseUDPTCP	4	static
../Core/Src/ESP01.c:234:15:ESP01_StateWIFI	4	static
../Core/Src/ESP01.c:244:7:ESP01_GetLocalIP	4	static
../Core/Src/ESP01.c:252:15:ESP01_StateUDPTCP	4	static
../Core/Src/ESP01.c:263:6:ESP01_WriteRX	16	static
../Core/Src/ESP01.c:271:15:ESP01_Send	40	static
../Core/Src/ESP01.c:318:15:ESP01_SendToClient	40	static
../Core/Src/ESP01.c:357:6:ESP01_Init	16	static
../Core/Src/ESP01.c:373:6:ESP01_Timeout10ms	4	static
../Core/Src/ESP01.c:388:6:ESP01_Task	8	static
../Core/Src/ESP01.c:399:6:ESP01_AttachChangeState	16	static
../Core/Src/ESP01.c:403:6:ESP01_AttachDebugStr	16	static
../Core/Src/ESP01.c:407:5:ESP01_IsHDRRST	4	static
../Core/Src/ESP01.c:417:13:ESP01ATDecode	16	static
../Core/Src/ESP01.c:686:13:ESP01DOConnection	8	static
../Core/Src/ESP01.c:874:13:ESP01SENDData	16	static
../Core/Src/ESP01.c:907:13:ESP01StrToBufTX	24	static
../Core/Src/ESP01.c:915:13:ESP01ByteToBufTX	16	static
