../Core/Src/ESP01.c:133:6:ESP01_SetWIFI	16	static
../Core/Src/ESP01.c:150:15:ESP01_StartUDP	16	static
../Core/Src/ESP01.c:176:6:ESP01_CloseUDPTCP	4	static
../Core/Src/ESP01.c:183:15:ESP01_StateWIFI	4	static
../Core/Src/ESP01.c:193:7:ESP01_GetLocalIP	4	static
../Core/Src/ESP01.c:201:15:ESP01_StateUDPTCP	4	static
../Core/Src/ESP01.c:212:6:ESP01_WriteRX	16	static
../Core/Src/ESP01.c:220:15:ESP01_Send	40	static
../Core/Src/ESP01.c:267:6:ESP01_Init	16	static
../Core/Src/ESP01.c:283:6:ESP01_Timeout10ms	4	static
../Core/Src/ESP01.c:295:6:ESP01_Task	8	static
../Core/Src/ESP01.c:306:6:ESP01_AttachChangeState	16	static
../Core/Src/ESP01.c:310:6:ESP01_AttachDebugStr	16	static
../Core/Src/ESP01.c:314:5:ESP01_IsHDRRST	4	static
../Core/Src/ESP01.c:342:6:setESP01_CHPD	16	static
../Core/Src/ESP01.c:347:5:ESP01_UART_Transmit	16	static
../Core/Src/ESP01.c:358:6:ESP01_Data_Received	24	static
../Core/Src/ESP01.c:373:6:onESP01ChangeState	24	static
../Core/Src/ESP01.c:426:6:onESP01Debug	24	static
../Core/Src/ESP01.c:458:15:ESP01_StartTransport	8	static
../Core/Src/ESP01.c:463:6:ESP01_App_Task	8	static
../Core/Src/ESP01.c:478:13:ESP01ATDecode	16	static
../Core/Src/ESP01.c:726:13:ESP01DOConnection	8	static
../Core/Src/ESP01.c:893:13:ESP01SENDData	16	static
../Core/Src/ESP01.c:926:13:ESP01StrToBufTX	24	static
../Core/Src/ESP01.c:934:13:ESP01ByteToBufTX	16	static
