../Core/Src/ESP01.c:141:6:ESP01_SetWIFI	16	static
../Core/Src/ESP01.c:159:15:ESP01_StartUDP	16	static
../Core/Src/ESP01.c:185:15:ESP01_StartHTTPServer	16	static
../Core/Src/ESP01.c:201:9:ESP01_GetLastIPDLinkId	4	static
../Core/Src/ESP01.c:205:15:ESP01_StartTCP	16	static
../Core/Src/ESP01.c:232:6:ESP01_CloseUDPTCP	4	static
../Core/Src/ESP01.c:239:15:ESP01_StateWIFI	4	static
../Core/Src/ESP01.c:249:7:ESP01_GetLocalIP	4	static
../Core/Src/ESP01.c:257:15:ESP01_StateUDPTCP	4	static
../Core/Src/ESP01.c:268:6:ESP01_WriteRX	16	static
../Core/Src/ESP01.c:276:15:ESP01_Send	40	static
../Core/Src/ESP01.c:323:15:ESP01_SendToClient	40	static
../Core/Src/ESP01.c:362:6:ESP01_Init	16	static
../Core/Src/ESP01.c:378:6:ESP01_Timeout10ms	4	static
../Core/Src/ESP01.c:390:6:ESP01_Task	8	static
../Core/Src/ESP01.c:401:6:ESP01_AttachChangeState	16	static
../Core/Src/ESP01.c:405:6:ESP01_AttachDebugStr	16	static
../Core/Src/ESP01.c:409:5:ESP01_IsHDRRST	4	static
../Core/Src/ESP01.c:445:6:setESP01_CHPD	16	static
../Core/Src/ESP01.c:450:5:ESP01_UART_Transmit	16	static
../Core/Src/ESP01.c:461:6:ESP01_Data_Received	24	static
../Core/Src/ESP01.c:488:6:onESP01ChangeState	24	static
../Core/Src/ESP01.c:541:6:onESP01Debug	24	static
../Core/Src/ESP01.c:571:15:ESP01_StartTransport	8	static
../Core/Src/ESP01.c:588:6:ESP01_App_Task	8	static
../Core/Src/ESP01.c:619:6:ESP01_Http_ProcessByte	24	static
../Core/Src/ESP01.c:661:6:ESP01_Http_Task	432	static
../Core/Src/ESP01.c:702:13:ESP01ATDecode	16	static
../Core/Src/ESP01.c:971:13:ESP01DOConnection	8	static
../Core/Src/ESP01.c:1159:13:ESP01SENDData	16	static
../Core/Src/ESP01.c:1192:13:ESP01StrToBufTX	24	static
../Core/Src/ESP01.c:1200:13:ESP01ByteToBufTX	16	static
