../Core/Src/ESP01.c:136:6:ESP01_SetWIFI	16	static
../Core/Src/ESP01.c:154:15:ESP01_StartUDP	16	static
../Core/Src/ESP01.c:181:15:ESP01_StartHTTPServer	16	static
../Core/Src/ESP01.c:209:9:ESP01_GetLastIPDLinkId	4	static
../Core/Src/ESP01.c:213:15:ESP01_StartTCP	16	static
../Core/Src/ESP01.c:241:6:ESP01_CloseUDPTCP	4	static
../Core/Src/ESP01.c:248:15:ESP01_StateWIFI	4	static
../Core/Src/ESP01.c:258:7:ESP01_GetLocalIP	4	static
../Core/Src/ESP01.c:266:15:ESP01_StateUDPTCP	4	static
../Core/Src/ESP01.c:277:6:ESP01_WriteRX	16	static
../Core/Src/ESP01.c:285:15:ESP01_Send	40	static
../Core/Src/ESP01.c:332:15:ESP01_SendToClient	40	static
../Core/Src/ESP01.c:371:6:ESP01_Init	16	static
../Core/Src/ESP01.c:387:6:ESP01_Timeout10ms	4	static
../Core/Src/ESP01.c:402:6:ESP01_Task	8	static
../Core/Src/ESP01.c:413:6:ESP01_AttachChangeState	16	static
../Core/Src/ESP01.c:417:6:ESP01_AttachDebugStr	16	static
../Core/Src/ESP01.c:421:5:ESP01_IsHDRRST	4	static
../Core/Src/ESP01.c:431:13:ESP01ATDecode	16	static
../Core/Src/ESP01.c:700:13:ESP01DOConnection	8	static
../Core/Src/ESP01.c:888:13:ESP01SENDData	16	static
../Core/Src/ESP01.c:921:13:ESP01StrToBufTX	24	static
../Core/Src/ESP01.c:929:13:ESP01ByteToBufTX	16	static
