../Core/Src/ESP01.c:132:6:ESP01_SetWIFI	16	static
../Core/Src/ESP01.c:149:15:ESP01_StartUDP	16	static
../Core/Src/ESP01.c:175:6:ESP01_CloseUDPTCP	4	static
../Core/Src/ESP01.c:182:15:ESP01_StateWIFI	4	static
../Core/Src/ESP01.c:192:7:ESP01_GetLocalIP	4	static
../Core/Src/ESP01.c:200:15:ESP01_StateUDPTCP	4	static
../Core/Src/ESP01.c:211:6:ESP01_WriteRX	16	static
../Core/Src/ESP01.c:219:15:ESP01_Send	40	static
../Core/Src/ESP01.c:266:6:ESP01_Init	16	static
../Core/Src/ESP01.c:282:6:ESP01_Timeout10ms	4	static
../Core/Src/ESP01.c:294:6:ESP01_Task	8	static
../Core/Src/ESP01.c:305:6:ESP01_AttachChangeState	16	static
../Core/Src/ESP01.c:309:6:ESP01_AttachDebugStr	16	static
../Core/Src/ESP01.c:313:5:ESP01_IsHDRRST	4	static
../Core/Src/ESP01.c:341:6:setESP01_CHPD	16	static
../Core/Src/ESP01.c:346:5:ESP01_UART_Transmit	16	static
../Core/Src/ESP01.c:357:6:ESP01_Data_Received	24	static
../Core/Src/ESP01.c:372:6:onESP01ChangeState	24	static
../Core/Src/ESP01.c:425:6:onESP01Debug	24	static
../Core/Src/ESP01.c:455:15:ESP01_StartTransport	8	static
../Core/Src/ESP01.c:460:6:ESP01_App_Task	8	static
../Core/Src/ESP01.c:475:13:ESP01ATDecode	16	static
../Core/Src/ESP01.c:713:13:ESP01DOConnection	8	static
../Core/Src/ESP01.c:877:13:ESP01SENDData	16	static
../Core/Src/ESP01.c:910:13:ESP01StrToBufTX	24	static
../Core/Src/ESP01.c:918:13:ESP01ByteToBufTX	16	static
