../Core/Src/ESP01.c:130:6:ESP01_SetWIFI	16	static
../Core/Src/ESP01.c:147:15:ESP01_StartUDP	16	static
../Core/Src/ESP01.c:173:15:ESP01_StartTCP	16	static
../Core/Src/ESP01.c:200:6:ESP01_CloseUDPTCP	4	static
../Core/Src/ESP01.c:207:15:ESP01_StateWIFI	4	static
../Core/Src/ESP01.c:217:7:ESP01_GetLocalIP	4	static
../Core/Src/ESP01.c:225:15:ESP01_StateUDPTCP	4	static
../Core/Src/ESP01.c:236:6:ESP01_WriteRX	16	static
../Core/Src/ESP01.c:244:15:ESP01_Send	40	static
../Core/Src/ESP01.c:292:6:ESP01_Init	16	static
../Core/Src/ESP01.c:308:6:ESP01_Timeout10ms	4	static
../Core/Src/ESP01.c:323:6:ESP01_Task	8	static
../Core/Src/ESP01.c:334:6:ESP01_AttachChangeState	16	static
../Core/Src/ESP01.c:338:6:ESP01_AttachDebugStr	16	static
../Core/Src/ESP01.c:342:5:ESP01_IsHDRRST	4	static
../Core/Src/ESP01.c:352:13:ESP01ATDecode	16	static
../Core/Src/ESP01.c:589:13:ESP01DOConnection	8	static
../Core/Src/ESP01.c:759:13:ESP01SENDData	16	static
../Core/Src/ESP01.c:792:13:ESP01StrToBufTX	24	static
../Core/Src/ESP01.c:800:13:ESP01ByteToBufTX	16	static
