../Core/Src/main.c:279:6:buzzerSecuence	24	static
../Core/Src/main.c:297:6:BS_tcpConnectSecuence	8	static
../Core/Src/main.c:304:6:BS_Error	8	static
../Core/Src/main.c:311:6:BS_ACK_NOT_FOUND	8	static
../Core/Src/main.c:318:6:calculoPID	40	static
../Core/Src/main.c:363:7:aplicarKalman	56	static
../Core/Src/main.c:385:6:sendCMD	40	static
../Core/Src/main.c:401:6:DataToQt	32	static
../Core/Src/main.c:429:6:Robot_Drive	16	static
../Core/Src/main.c:459:6:MPU6050_Init	40	static
../Core/Src/main.c:477:6:MPU6050_Calibrate	72	static
../Core/Src/main.c:507:6:HAL_TIM_PeriodElapsedCallback	24	static
../Core/Src/main.c:524:6:HAL_I2C_MemRxCpltCallback	16	static
../Core/Src/main.c:549:6:HAL_I2C_MasterTxCpltCallback	16	static
../Core/Src/main.c:559:6:HAL_UARTEx_RxEventCallback	48	static
../Core/Src/main.c:679:6:HAL_UART_ErrorCallback	16	static
../Core/Src/main.c:692:5:main	32	static
../Core/Src/main.c:855:6:SystemClock_Config	88	static
../Core/Src/main.c:901:13:MX_ADC1_Init	24	static
../Core/Src/main.c:1016:13:MX_I2C1_Init	8	static
../Core/Src/main.c:1050:13:MX_TIM2_Init	64	static
../Core/Src/main.c:1109:13:MX_TIM3_Init	48	static
../Core/Src/main.c:1158:13:MX_TIM4_Init	32	static
../Core/Src/main.c:1203:13:MX_USART1_UART_Init	8	static
../Core/Src/main.c:1234:13:MX_DMA_Init	16	static
../Core/Src/main.c:1265:13:MX_GPIO_Init	48	static
../Core/Src/main.c:1320:6:Error_Handler	4	static,ignoring_inline_asm
