../Core/Src/main.c:567:6:buzzerSecuence	24	static
../Core/Src/main.c:588:6:BS_tcpConnectSecuence	8	static
../Core/Src/main.c:596:6:BS_Error	8	static
../Core/Src/main.c:604:6:BS_ACK_NOT_FOUND	8	static
../Core/Src/main.c:612:6:BS_NEWPARAM_OK	8	static
../Core/Src/main.c:620:6:BS_NEWPARAM_ISNOTOK	8	static
../Core/Src/main.c:630:6:setESP01_CHPD	16	static
../Core/Src/main.c:642:5:ESP01_UART_Transmit	16	static
../Core/Src/main.c:657:6:ESP01_Data_Received	24	static
../Core/Src/main.c:710:6:onESP01ChangeState	24	static
../Core/Src/main.c:757:6:onESP01Debug	24	static
../Core/Src/main.c:778:6:ESP01_App_Task	8	static
../Core/Src/main.c:821:10:UNER_Crc16Ccitt	24	static
../Core/Src/main.c:840:9:UNER_SendV1	96	static
../Core/Src/main.c:872:9:UNER_SendAckV1	24	static
../Core/Src/main.c:883:9:UNER_SendTelemetryV1	56	static
../Core/Src/main.c:909:9:UNER_Send	96	static
../Core/Src/main.c:947:9:UNER_SendInt16	24	static
../Core/Src/main.c:957:6:UNER_Rx_Task	16	static
../Core/Src/main.c:972:6:UNER_ProcessByteV1	40	static
../Core/Src/main.c:1105:6:UNER_ProcessByte	40	static
../Core/Src/main.c:1194:6:UNER_HandlePacket	16	static
../Core/Src/main.c:1221:6:sendCMD	16	static
../Core/Src/main.c:1232:6:DataToQt	4	static
../Core/Src/main.c:1240:6:Telemetry_UpdateMPU	64	static
../Core/Src/main.c:1288:6:screenScheduler	24	static
../Core/Src/main.c:1463:6:Filtrar_Sensores_IR	16	static
../Core/Src/main.c:1469:6:Iniciar_Calibracion_Linea	16	static
../Core/Src/main.c:1477:6:Procesar_Calibracion_Linea	16	static
../Core/Src/main.c:1491:6:Leer_Linea_Digital	16	static
../Core/Src/main.c:1501:6:Finalizar_Calibracion_Linea	4	static
../Core/Src/main.c:1514:6:PID_PITCH	40	static
../Core/Src/main.c:1578:7:calcularErrorYawDiscreto	24	static
../Core/Src/main.c:1593:7:calcularErrorYawContinuo	56	static
../Core/Src/main.c:1620:9:Calcular_PID_YAW	32	static
../Core/Src/main.c:1636:6:Procesar_Evasion_Obstaculo	4	static
../Core/Src/main.c:1688:6:Robot_Drive	16	static
../Core/Src/main.c:1733:6:MPU6050_Init	40	static
../Core/Src/main.c:1753:6:MPU6050_Calibrate	72	static
../Core/Src/main.c:1780:6:HAL_TIM_PeriodElapsedCallback	16	static
../Core/Src/main.c:1794:6:HAL_UARTEx_RxEventCallback	32	static
../Core/Src/main.c:1831:6:HAL_UART_ErrorCallback	24	static
../Core/Src/main.c:1846:5:main	8	static
../Core/Src/main.c:2003:6:SystemClock_Config	88	static
../Core/Src/main.c:2049:13:MX_ADC1_Init	24	static
../Core/Src/main.c:2164:13:MX_I2C1_Init	8	static
../Core/Src/main.c:2198:13:MX_TIM2_Init	64	static
../Core/Src/main.c:2257:13:MX_TIM3_Init	48	static
../Core/Src/main.c:2306:13:MX_TIM4_Init	32	static
../Core/Src/main.c:2351:13:MX_USART1_UART_Init	8	static
../Core/Src/main.c:2382:13:MX_DMA_Init	16	static
../Core/Src/main.c:2413:13:MX_GPIO_Init	48	static
../Core/Src/main.c:2468:6:Error_Handler	4	static,ignoring_inline_asm
