../Core/Src/main.c:335:7:ForwardMotion_Generate	7
../Core/Src/main.c:420:6:Telemetry_ProcessMPU	3
../Core/Src/main.c:454:6:screenScheduler	89
../Core/Src/main.c:1131:6:OLED_RequestUpdate	2
../Core/Src/main.c:1139:6:MPU_RequestNextSample	7
../Core/Src/main.c:1160:6:Control_RunControlSlot	10
../Core/Src/main.c:1199:6:I2C1_Recover	1
../Core/Src/main.c:1215:6:MPU_HighPriorityService	11
../Core/Src/main.c:1248:6:OLED_Service	9
../Core/Src/main.c:1273:6:UNER_HandlePacket	147
../Core/Src/main.c:1783:6:Robot_Drive	19
../Core/Src/main.c:1839:6:ESP01_Generic_Functions	8
../Core/Src/main.c:1849:6:HAL_TIM_PeriodElapsedCallback	3
../Core/Src/main.c:1864:6:HAL_I2C_MasterTxCpltCallback	5
../Core/Src/main.c:1879:6:HAL_I2C_MemRxCpltCallback	3
../Core/Src/main.c:1887:6:HAL_I2C_ErrorCallback	5
../Core/Src/main.c:1902:6:HAL_UART_RxCpltCallback	8
../Core/Src/main.c:1926:6:HAL_UART_ErrorCallback	2
../Core/Src/main.c:1938:5:main	7
../Core/Src/main.c:2046:6:SystemClock_Config	3
../Core/Src/main.c:2092:13:MX_ADC1_Init	10
../Core/Src/main.c:2214:13:MX_I2C1_Init	2
../Core/Src/main.c:2248:13:MX_TIM2_Init	6
../Core/Src/main.c:2307:13:MX_TIM3_Init	4
../Core/Src/main.c:2356:13:MX_TIM4_Init	4
../Core/Src/main.c:2402:13:MX_USART1_UART_Init	2
../Core/Src/main.c:2433:13:MX_DMA_Init	1
../Core/Src/main.c:2464:13:MX_GPIO_Init	1
../Core/Src/main.c:2525:6:Error_Handler	1
