../Core/Src/main.c:627:6:buzzerSecuence	24	static
../Core/Src/main.c:648:6:BS_tcpConnectSecuence	8	static
../Core/Src/main.c:656:6:BS_Error	8	static
../Core/Src/main.c:664:6:BS_ACK_NOT_FOUND	8	static
../Core/Src/main.c:672:6:BS_NEWPARAM_OK	8	static
../Core/Src/main.c:680:6:BS_NEWPARAM_ISNOTOK	8	static
../Core/Src/main.c:690:6:setESP01_CHPD	16	static
../Core/Src/main.c:702:5:ESP01_UART_Transmit	16	static
../Core/Src/main.c:717:6:ESP01_Data_Received	24	static
../Core/Src/main.c:782:6:onESP01ChangeState	24	static
../Core/Src/main.c:842:6:onESP01Debug	24	static
../Core/Src/main.c:885:6:ESP01_App_Task	16	static
../Core/Src/main.c:960:6:KEY_CalibrationTask	16	static
../Core/Src/main.c:1000:10:UNER_Crc16Ccitt	24	static
../Core/Src/main.c:1019:9:UNER_SendV1	96	static
../Core/Src/main.c:1058:9:UNER_QueueTx	16	static
../Core/Src/main.c:1079:15:ESP01_StartTransport	8	static
../Core/Src/main.c:1096:6:ESP01_Http_ProcessByte	24	static
../Core/Src/main.c:1145:6:ESP01_Http_Task	432	static
../Core/Src/main.c:1183:6:UNER_Tx_Task	16	static
../Core/Src/main.c:1227:9:UNER_SendAckV1	24	static
../Core/Src/main.c:1238:9:UNER_SendTelemetryV1	56	static
../Core/Src/main.c:1268:9:UNER_Send	96	static
../Core/Src/main.c:1306:9:UNER_SendInt16	24	static
../Core/Src/main.c:1316:6:UNER_Rx_Task	16	static
../Core/Src/main.c:1331:6:UNER_ProcessByteV1	40	static
../Core/Src/main.c:1464:6:UNER_ProcessByte	40	static
../Core/Src/main.c:1553:16:UNER_ReadInt16LE	16	static
../Core/Src/main.c:1558:14:UNER_ReadFloatLE	24	static
../Core/Src/main.c:1570:6:UNER_HandlePacket	40	static
../Core/Src/main.c:1917:6:sendCMD	16	static
../Core/Src/main.c:1928:6:DataToQt	4	static
../Core/Src/main.c:1936:6:Telemetry_UpdateMPU	64	static
../Core/Src/main.c:1989:6:screenScheduler	40	static
../Core/Src/main.c:2223:6:PID_PITCH	32	static
../Core/Src/main.c:2283:9:Calcular_PID_YAW	32	static
../Core/Src/main.c:2299:6:Procesar_Evasion_Obstaculo	4	static
../Core/Src/main.c:2351:6:Robot_Drive	16	static
../Core/Src/main.c:2396:6:MPU6050_Init	40	static
../Core/Src/main.c:2416:6:MPU6050_Calibrate	72	static
../Core/Src/main.c:2443:6:HAL_TIM_PeriodElapsedCallback	16	static
../Core/Src/main.c:2457:6:HAL_UART_RxCpltCallback	32	static
../Core/Src/main.c:2490:6:HAL_UART_ErrorCallback	24	static
../Core/Src/main.c:2504:5:main	8	static
../Core/Src/main.c:2680:6:SystemClock_Config	88	static
../Core/Src/main.c:2726:13:MX_ADC1_Init	24	static
../Core/Src/main.c:2841:13:MX_I2C1_Init	8	static
../Core/Src/main.c:2875:13:MX_TIM2_Init	64	static
../Core/Src/main.c:2934:13:MX_TIM3_Init	48	static
../Core/Src/main.c:2983:13:MX_TIM4_Init	32	static
../Core/Src/main.c:3028:13:MX_USART1_UART_Init	8	static
../Core/Src/main.c:3059:13:MX_DMA_Init	16	static
../Core/Src/main.c:3090:13:MX_GPIO_Init	48	static
../Core/Src/main.c:3151:6:Error_Handler	4	static,ignoring_inline_asm
