../Core/Src/main.c:267:6:buzzerSecuence	24	static
../Core/Src/main.c:285:6:BS_tcpConnectSecuence	8	static
../Core/Src/main.c:292:6:BS_Error	8	static
../Core/Src/main.c:299:6:BS_ACK_NOT_FOUND	8	static
../Core/Src/main.c:306:6:calculoPID	32	static
../Core/Src/main.c:348:7:aplicarKalman	56	static
../Core/Src/main.c:370:6:sendCMD	40	static
../Core/Src/main.c:386:6:DataToQt	32	static
../Core/Src/main.c:414:6:Robot_Drive	16	static
../Core/Src/main.c:444:6:MPU6050_Init	40	static
../Core/Src/main.c:462:6:MPU6050_Calibrate	72	static
../Core/Src/main.c:492:6:HAL_TIM_PeriodElapsedCallback	24	static
../Core/Src/main.c:510:6:HAL_I2C_MemRxCpltCallback	16	static
../Core/Src/main.c:545:6:HAL_I2C_MasterTxCpltCallback	16	static
../Core/Src/main.c:555:6:HAL_UARTEx_RxEventCallback	40	static
../Core/Src/main.c:667:6:HAL_UART_ErrorCallback	16	static
../Core/Src/main.c:680:5:main	32	static
../Core/Src/main.c:829:6:SystemClock_Config	88	static
../Core/Src/main.c:875:13:MX_ADC1_Init	24	static
../Core/Src/main.c:990:13:MX_I2C1_Init	8	static
../Core/Src/main.c:1024:13:MX_TIM2_Init	64	static
../Core/Src/main.c:1083:13:MX_TIM3_Init	48	static
../Core/Src/main.c:1132:13:MX_TIM4_Init	32	static
../Core/Src/main.c:1177:13:MX_USART1_UART_Init	8	static
../Core/Src/main.c:1208:13:MX_DMA_Init	16	static
../Core/Src/main.c:1239:13:MX_GPIO_Init	48	static
../Core/Src/main.c:1294:6:Error_Handler	4	static,ignoring_inline_asm
