../Core/Src/main.c:586:6:setESP01_CHPD	16	static
../Core/Src/main.c:598:5:ESP01_UART_Transmit	16	static
../Core/Src/main.c:613:6:ESP01_Data_Received	24	static
../Core/Src/main.c:678:6:onESP01ChangeState	24	static
../Core/Src/main.c:738:6:onESP01Debug	24	static
../Core/Src/main.c:781:6:ESP01_App_Task	16	static
../Core/Src/main.c:856:6:KEY_CalibrationTask	16	static
../Core/Src/main.c:896:10:UNER_Crc16Ccitt	24	static
../Core/Src/main.c:915:9:UNER_SendV1	96	static
../Core/Src/main.c:954:9:UNER_QueueTx	16	static
../Core/Src/main.c:975:15:ESP01_StartTransport	8	static
../Core/Src/main.c:992:6:ESP01_Http_ProcessByte	24	static
../Core/Src/main.c:1041:6:ESP01_Http_Task	432	static
../Core/Src/main.c:1079:6:UNER_Tx_Task	16	static
../Core/Src/main.c:1123:9:UNER_SendAckV1	24	static
../Core/Src/main.c:1134:9:UNER_SendTelemetryV1	56	static
../Core/Src/main.c:1164:9:UNER_Send	96	static
../Core/Src/main.c:1202:9:UNER_SendInt16	24	static
../Core/Src/main.c:1212:6:UNER_Rx_Task	16	static
../Core/Src/main.c:1227:6:UNER_ProcessByteV1	40	static
../Core/Src/main.c:1360:6:UNER_ProcessByte	40	static
../Core/Src/main.c:1449:16:UNER_ReadInt16LE	16	static
../Core/Src/main.c:1454:14:UNER_ReadFloatLE	24	static
../Core/Src/main.c:1466:6:UNER_HandlePacket	40	static
../Core/Src/main.c:1813:6:sendCMD	16	static
../Core/Src/main.c:1824:6:DataToQt	4	static
../Core/Src/main.c:1832:6:Telemetry_UpdateMPU	64	static
../Core/Src/main.c:1885:6:screenScheduler	40	static
../Core/Src/main.c:2119:6:Procesar_Evasion_Obstaculo	4	static
../Core/Src/main.c:2171:6:Robot_Drive	16	static
../Core/Src/main.c:2216:6:HAL_TIM_PeriodElapsedCallback	16	static
../Core/Src/main.c:2230:6:HAL_UART_RxCpltCallback	32	static
../Core/Src/main.c:2263:6:HAL_UART_ErrorCallback	24	static
../Core/Src/main.c:2277:5:main	8	static
../Core/Src/main.c:2453:6:SystemClock_Config	88	static
../Core/Src/main.c:2499:13:MX_ADC1_Init	24	static
../Core/Src/main.c:2614:13:MX_I2C1_Init	8	static
../Core/Src/main.c:2648:13:MX_TIM2_Init	64	static
../Core/Src/main.c:2707:13:MX_TIM3_Init	48	static
../Core/Src/main.c:2756:13:MX_TIM4_Init	32	static
../Core/Src/main.c:2801:13:MX_USART1_UART_Init	8	static
../Core/Src/main.c:2832:13:MX_DMA_Init	16	static
../Core/Src/main.c:2863:13:MX_GPIO_Init	48	static
../Core/Src/main.c:2924:6:Error_Handler	4	static,ignoring_inline_asm
