../Core/Src/main.c:418:7:ForwardMotion_Generate	40	static
../Core/Src/main.c:509:6:Telemetry_UpdateMPU	8	static
../Core/Src/main.c:515:13:MPU6050_ParseSample	40	static
../Core/Src/main.c:544:16:MPU6050_ConsumeReadDMA	32	static,ignoring_inline_asm
../Core/Src/main.c:567:13:MPU6050_StartReadDMA	24	static
../Core/Src/main.c:609:16:AccelLog_Start	4	static
../Core/Src/main.c:634:13:AccelLog_RecordSample	16	static
../Core/Src/main.c:662:13:AccelLog_ServiceTx	80	static
../Core/Src/main.c:732:13:IrRightLog_Clear	4	static
../Core/Src/main.c:746:16:IrRightLog_StartCapture	16	static
../Core/Src/main.c:767:13:IrRightLog_RecordSample	16	static
../Core/Src/main.c:793:16:IrRightLog_StartTransmit	4	static
../Core/Src/main.c:805:13:IrRightLog_ServiceTx	104	static
../Core/Src/main.c:875:6:screenScheduler	144	static
../Core/Src/main.c:1362:6:OLED_RequestUpdate	4	static
../Core/Src/main.c:1370:6:OLED_Service	16	static
../Core/Src/main.c:1390:6:UNER_HandlePacket	120	static
../Core/Src/main.c:2106:6:Robot_Drive	16	static
../Core/Src/main.c:2162:6:Robot_ShortBrake	8	static
../Core/Src/main.c:2176:6:ESP01_Generic_Functions	16	static
../Core/Src/main.c:2187:6:HAL_TIM_PeriodElapsedCallback	16	static
../Core/Src/main.c:2202:6:HAL_I2C_MasterTxCpltCallback	16	static
../Core/Src/main.c:2217:6:HAL_I2C_MemRxCpltCallback	16	static
../Core/Src/main.c:2228:6:HAL_I2C_ErrorCallback	16	static
../Core/Src/main.c:2245:6:HAL_UART_RxCpltCallback	32	static
../Core/Src/main.c:2270:6:HAL_UART_ErrorCallback	24	static
../Core/Src/main.c:2282:5:main	16	static
../Core/Src/main.c:2419:6:SystemClock_Config	88	static
../Core/Src/main.c:2465:13:MX_ADC1_Init	24	static
../Core/Src/main.c:2580:13:MX_I2C1_Init	8	static
../Core/Src/main.c:2614:13:MX_TIM2_Init	64	static
../Core/Src/main.c:2673:13:MX_TIM3_Init	48	static
../Core/Src/main.c:2722:13:MX_TIM4_Init	32	static
../Core/Src/main.c:2767:13:MX_USART1_UART_Init	8	static
../Core/Src/main.c:2798:13:MX_DMA_Init	16	static
../Core/Src/main.c:2829:13:MX_GPIO_Init	48	static
../Core/Src/main.c:2890:6:Error_Handler	4	static,ignoring_inline_asm
