../Core/Src/main.c:468:6:DataToQt	4	static
../Core/Src/main.c:476:6:Telemetry_UpdateMPU	64	static
../Core/Src/main.c:529:6:screenScheduler	40	static
../Core/Src/main.c:763:6:UNER_HandlePacket	40	static
../Core/Src/main.c:1089:6:Procesar_Evasion_Obstaculo	4	static
../Core/Src/main.c:1141:6:Robot_Drive	16	static
../Core/Src/main.c:1186:6:HAL_TIM_PeriodElapsedCallback	16	static
../Core/Src/main.c:1200:6:HAL_UART_RxCpltCallback	32	static
../Core/Src/main.c:1233:6:HAL_UART_ErrorCallback	24	static
../Core/Src/main.c:1247:5:main	8	static
../Core/Src/main.c:1423:6:SystemClock_Config	88	static
../Core/Src/main.c:1469:13:MX_ADC1_Init	24	static
../Core/Src/main.c:1584:13:MX_I2C1_Init	8	static
../Core/Src/main.c:1618:13:MX_TIM2_Init	64	static
../Core/Src/main.c:1677:13:MX_TIM3_Init	48	static
../Core/Src/main.c:1726:13:MX_TIM4_Init	32	static
../Core/Src/main.c:1771:13:MX_USART1_UART_Init	8	static
../Core/Src/main.c:1802:13:MX_DMA_Init	16	static
../Core/Src/main.c:1833:13:MX_GPIO_Init	48	static
../Core/Src/main.c:1894:6:Error_Handler	4	static,ignoring_inline_asm
