../Core/Src/main.c:375:6:buzzerSecuence	24	static
../Core/Src/main.c:393:6:BS_tcpConnectSecuence	8	static
../Core/Src/main.c:400:6:BS_Error	8	static
../Core/Src/main.c:407:6:BS_ACK_NOT_FOUND	8	static
../Core/Src/main.c:415:6:Kalman_Init	16	static
../Core/Src/main.c:430:7:Kalman_GetAngle	48	static
../Core/Src/main.c:461:6:calculoPID	40	static
../Core/Src/main.c:500:6:sendCMD	40	static
../Core/Src/main.c:516:6:DataToQt	32	static
../Core/Src/main.c:543:6:Robot_Drive	16	static
../Core/Src/main.c:584:6:MPU6050_Init	40	static
../Core/Src/main.c:604:6:MPU6050_Calibrate	72	static
../Core/Src/main.c:631:6:HAL_TIM_PeriodElapsedCallback	24	static
../Core/Src/main.c:648:6:HAL_I2C_MemRxCpltCallback	16	static
../Core/Src/main.c:667:6:HAL_I2C_MasterTxCpltCallback	16	static
../Core/Src/main.c:677:6:HAL_UARTEx_RxEventCallback	40	static
../Core/Src/main.c:754:6:HAL_UART_ErrorCallback	16	static
../Core/Src/main.c:767:5:main	40	static
../Core/Src/main.c:948:6:SystemClock_Config	88	static
../Core/Src/main.c:994:13:MX_ADC1_Init	24	static
../Core/Src/main.c:1109:13:MX_I2C1_Init	8	static
../Core/Src/main.c:1143:13:MX_TIM2_Init	64	static
../Core/Src/main.c:1202:13:MX_TIM3_Init	48	static
../Core/Src/main.c:1251:13:MX_TIM4_Init	32	static
../Core/Src/main.c:1296:13:MX_USART1_UART_Init	8	static
../Core/Src/main.c:1327:13:MX_DMA_Init	16	static
../Core/Src/main.c:1358:13:MX_GPIO_Init	48	static
../Core/Src/main.c:1413:6:Error_Handler	4	static,ignoring_inline_asm
