../Core/Src/main.c:249:6:buzzerSecuence	24	static
../Core/Src/main.c:267:6:BS_tcpConnectSecuence	8	static
../Core/Src/main.c:274:6:BS_Error	8	static
../Core/Src/main.c:281:6:calculoPID	48	static
../Core/Src/main.c:334:7:aplicarKalman	56	static
../Core/Src/main.c:356:6:sendCMD	40	static
../Core/Src/main.c:371:6:DataToQt	88	static
../Core/Src/main.c:405:6:Robot_Drive	16	static
../Core/Src/main.c:433:6:MPU6050_Init	40	static
../Core/Src/main.c:451:6:MPU6050_Calibrate	48	static
../Core/Src/main.c:469:6:HAL_TIM_PeriodElapsedCallback	24	static
../Core/Src/main.c:489:6:HAL_I2C_MemRxCpltCallback	16	static
../Core/Src/main.c:514:6:HAL_I2C_MasterTxCpltCallback	16	static
../Core/Src/main.c:522:6:HAL_UARTEx_RxEventCallback	40	static
../Core/Src/main.c:610:6:HAL_UART_ErrorCallback	16	static
../Core/Src/main.c:626:5:main	32	static
../Core/Src/main.c:729:6:SystemClock_Config	88	static
../Core/Src/main.c:775:13:MX_ADC1_Init	24	static
../Core/Src/main.c:890:13:MX_I2C1_Init	8	static
../Core/Src/main.c:924:13:MX_TIM2_Init	64	static
../Core/Src/main.c:983:13:MX_TIM3_Init	48	static
../Core/Src/main.c:1032:13:MX_TIM4_Init	32	static
../Core/Src/main.c:1077:13:MX_USART1_UART_Init	8	static
../Core/Src/main.c:1108:13:MX_DMA_Init	16	static
../Core/Src/main.c:1139:13:MX_GPIO_Init	48	static
../Core/Src/main.c:1194:6:Error_Handler	4	static,ignoring_inline_asm
