../Core/Src/main.c:616:6:buzzerSecuence	24	static
../Core/Src/main.c:637:6:BS_tcpConnectSecuence	8	static
../Core/Src/main.c:645:6:BS_Error	8	static
../Core/Src/main.c:653:6:BS_ACK_NOT_FOUND	8	static
../Core/Src/main.c:661:6:BS_NEWPARAM_OK	8	static
../Core/Src/main.c:669:6:BS_NEWPARAM_ISNOTOK	8	static
../Core/Src/main.c:679:6:setESP01_CHPD	16	static
../Core/Src/main.c:691:5:ESP01_UART_Transmit	16	static
../Core/Src/main.c:706:6:ESP01_Data_Received	24	static
../Core/Src/main.c:759:6:onESP01ChangeState	24	static
../Core/Src/main.c:819:6:onESP01Debug	24	static
../Core/Src/main.c:862:6:ESP01_App_Task	16	static
../Core/Src/main.c:902:10:UNER_Crc16Ccitt	24	static
../Core/Src/main.c:921:9:UNER_SendV1	96	static
../Core/Src/main.c:960:9:UNER_QueueTx	16	static
../Core/Src/main.c:981:6:UNER_Tx_Task	16	static
../Core/Src/main.c:1024:9:UNER_SendAckV1	24	static
../Core/Src/main.c:1035:9:UNER_SendTelemetryV1	56	static
../Core/Src/main.c:1060:9:UNER_Send	96	static
../Core/Src/main.c:1098:9:UNER_SendInt16	24	static
../Core/Src/main.c:1108:6:UNER_Rx_Task	16	static
../Core/Src/main.c:1123:6:UNER_ProcessByteV1	40	static
../Core/Src/main.c:1256:6:UNER_ProcessByte	40	static
../Core/Src/main.c:1345:6:UNER_HandlePacket	24	static
../Core/Src/main.c:1406:6:sendCMD	16	static
../Core/Src/main.c:1417:6:DataToQt	4	static
../Core/Src/main.c:1425:6:Telemetry_UpdateMPU	64	static
../Core/Src/main.c:1473:6:screenScheduler	24	static
../Core/Src/main.c:1650:6:Filtrar_Sensores_IR	16	static
../Core/Src/main.c:1656:6:Iniciar_Calibracion_Linea	16	static
../Core/Src/main.c:1664:6:Procesar_Calibracion_Linea	16	static
../Core/Src/main.c:1678:6:Leer_Linea_Digital	16	static
../Core/Src/main.c:1688:6:Finalizar_Calibracion_Linea	4	static
../Core/Src/main.c:1701:6:PID_PITCH	40	static
../Core/Src/main.c:1765:7:calcularErrorYawDiscreto	24	static
../Core/Src/main.c:1780:7:calcularErrorYawContinuo	56	static
../Core/Src/main.c:1807:9:Calcular_PID_YAW	32	static
../Core/Src/main.c:1823:6:Procesar_Evasion_Obstaculo	4	static
../Core/Src/main.c:1875:6:Robot_Drive	16	static
../Core/Src/main.c:1920:6:MPU6050_Init	40	static
../Core/Src/main.c:1940:6:MPU6050_Calibrate	72	static
../Core/Src/main.c:1967:6:HAL_TIM_PeriodElapsedCallback	16	static
../Core/Src/main.c:1981:6:HAL_UART_RxCpltCallback	32	static
../Core/Src/main.c:2014:6:HAL_UART_ErrorCallback	24	static
../Core/Src/main.c:2028:5:main	8	static
../Core/Src/main.c:2191:6:SystemClock_Config	88	static
../Core/Src/main.c:2237:13:MX_ADC1_Init	24	static
../Core/Src/main.c:2352:13:MX_I2C1_Init	8	static
../Core/Src/main.c:2386:13:MX_TIM2_Init	64	static
../Core/Src/main.c:2445:13:MX_TIM3_Init	48	static
../Core/Src/main.c:2494:13:MX_TIM4_Init	32	static
../Core/Src/main.c:2539:13:MX_USART1_UART_Init	8	static
../Core/Src/main.c:2570:13:MX_DMA_Init	16	static
../Core/Src/main.c:2601:13:MX_GPIO_Init	48	static
../Core/Src/main.c:2656:6:Error_Handler	4	static,ignoring_inline_asm
