../Core/Src/main.c:322:7:ForwardMotion_Generate	40	static
../Core/Src/main.c:403:6:Telemetry_UpdateMPU	64	static
../Core/Src/main.c:437:6:screenScheduler	176	static
../Core/Src/main.c:1098:6:OLED_RequestUpdate	4	static
../Core/Src/main.c:1106:6:OLED_Service	8	static
../Core/Src/main.c:1118:6:UNER_HandlePacket	88	static
../Core/Src/main.c:1585:6:Robot_Drive	16	static
../Core/Src/main.c:1641:6:ESP01_Generic_Functions	16	static
../Core/Src/main.c:1651:6:HAL_TIM_PeriodElapsedCallback	16	static
../Core/Src/main.c:1666:6:HAL_I2C_MasterTxCpltCallback	16	static
../Core/Src/main.c:1680:6:HAL_I2C_ErrorCallback	16	static
../Core/Src/main.c:1689:6:HAL_UART_RxCpltCallback	32	static
../Core/Src/main.c:1713:6:HAL_UART_ErrorCallback	24	static
../Core/Src/main.c:1725:5:main	16	static
../Core/Src/main.c:1845:6:SystemClock_Config	88	static
../Core/Src/main.c:1891:13:MX_ADC1_Init	24	static
../Core/Src/main.c:2013:13:MX_I2C1_Init	8	static
../Core/Src/main.c:2047:13:MX_TIM2_Init	64	static
../Core/Src/main.c:2106:13:MX_TIM3_Init	48	static
../Core/Src/main.c:2155:13:MX_TIM4_Init	32	static
../Core/Src/main.c:2201:13:MX_USART1_UART_Init	8	static
../Core/Src/main.c:2232:13:MX_DMA_Init	16	static
../Core/Src/main.c:2263:13:MX_GPIO_Init	48	static
../Core/Src/main.c:2324:6:Error_Handler	4	static,ignoring_inline_asm
