../Core/Src/main.c:220:7:aplicarKalman	56	static
../Core/Src/main.c:250:6:sendCMD	40	static
../Core/Src/main.c:265:6:DataToQt	88	static
../Core/Src/main.c:300:6:Robot_Drive	16	static
../Core/Src/main.c:337:6:MPU6050_Init	40	static
../Core/Src/main.c:357:6:MPU6050_Calibrate	48	static
../Core/Src/main.c:375:6:HAL_TIM_PeriodElapsedCallback	24	static
../Core/Src/main.c:393:6:HAL_I2C_MemRxCpltCallback	56	static
../Core/Src/main.c:499:6:HAL_UARTEx_RxEventCallback	40	static
../Core/Src/main.c:541:6:HAL_UART_ErrorCallback	16	static
../Core/Src/main.c:557:5:main	32	static
../Core/Src/main.c:642:6:SystemClock_Config	88	static
../Core/Src/main.c:688:13:MX_I2C1_Init	8	static
../Core/Src/main.c:722:13:MX_TIM2_Init	64	static
../Core/Src/main.c:781:13:MX_TIM3_Init	48	static
../Core/Src/main.c:830:13:MX_TIM4_Init	32	static
../Core/Src/main.c:875:13:MX_USART1_UART_Init	8	static
../Core/Src/main.c:906:13:MX_DMA_Init	16	static
../Core/Src/main.c:931:13:MX_GPIO_Init	48	static
../Core/Src/main.c:986:6:Error_Handler	4	static,ignoring_inline_asm
