../Core/Src/main.c:418:7:ForwardMotion_Generate	40	static
../Core/Src/main.c:508:6:Telemetry_UpdateMPU	8	static
../Core/Src/main.c:513:13:MPU6050_ParseSample	40	static
../Core/Src/main.c:541:16:MPU6050_ConsumeReadDMA	32	static,ignoring_inline_asm
../Core/Src/main.c:563:13:MPU6050_StartReadDMA	24	static
../Core/Src/main.c:605:16:AccelLog_Start	4	static
../Core/Src/main.c:630:13:AccelLog_RecordSample	16	static
../Core/Src/main.c:658:13:AccelLog_ServiceTx	80	static
../Core/Src/main.c:728:13:IrRightLog_Clear	4	static
../Core/Src/main.c:742:16:IrRightLog_StartCapture	16	static
../Core/Src/main.c:763:13:IrRightLog_RecordSample	16	static
../Core/Src/main.c:789:16:IrRightLog_StartTransmit	4	static
../Core/Src/main.c:801:13:IrRightLog_ServiceTx	104	static
../Core/Src/main.c:871:6:screenScheduler	144	static
../Core/Src/main.c:1376:6:OLED_RequestUpdate	4	static
../Core/Src/main.c:1384:6:OLED_Service	16	static
../Core/Src/main.c:1403:6:UNER_HandlePacket	120	static
../Core/Src/main.c:2118:6:Robot_Drive	16	static
../Core/Src/main.c:2174:6:Robot_ShortBrake	8	static
../Core/Src/main.c:2187:6:ESP01_Generic_Functions	16	static
../Core/Src/main.c:2197:6:HAL_TIM_PeriodElapsedCallback	16	static
../Core/Src/main.c:2212:6:HAL_I2C_MasterTxCpltCallback	16	static
../Core/Src/main.c:2226:6:HAL_I2C_MemRxCpltCallback	16	static
../Core/Src/main.c:2236:6:HAL_I2C_ErrorCallback	16	static
../Core/Src/main.c:2252:6:HAL_UART_RxCpltCallback	32	static
../Core/Src/main.c:2276:6:HAL_UART_ErrorCallback	24	static
../Core/Src/main.c:2288:5:main	16	static
../Core/Src/main.c:2420:6:SystemClock_Config	88	static
../Core/Src/main.c:2466:13:MX_ADC1_Init	24	static
../Core/Src/main.c:2581:13:MX_I2C1_Init	8	static
../Core/Src/main.c:2615:13:MX_TIM2_Init	64	static
../Core/Src/main.c:2674:13:MX_TIM3_Init	48	static
../Core/Src/main.c:2723:13:MX_TIM4_Init	32	static
../Core/Src/main.c:2768:13:MX_USART1_UART_Init	8	static
../Core/Src/main.c:2799:13:MX_DMA_Init	16	static
../Core/Src/main.c:2830:13:MX_GPIO_Init	48	static
../Core/Src/main.c:2891:6:Error_Handler	4	static,ignoring_inline_asm
