../Core/Src/main.c:325:7:ForwardMotion_Generate	40	static
../Core/Src/main.c:406:6:Telemetry_UpdateMPU	64	static
../Core/Src/main.c:440:6:screenScheduler	176	static
../Core/Src/main.c:1133:6:OLED_RequestUpdate	4	static
../Core/Src/main.c:1141:6:OLED_Service	8	static
../Core/Src/main.c:1153:6:UNER_HandlePacket	104	static
../Core/Src/main.c:1708:6:Robot_Drive	16	static
../Core/Src/main.c:1764:6:Robot_ShortBrake	8	static
../Core/Src/main.c:1777:6:ESP01_Generic_Functions	16	static
../Core/Src/main.c:1787:6:HAL_TIM_PeriodElapsedCallback	16	static
../Core/Src/main.c:1802:6:HAL_I2C_MasterTxCpltCallback	16	static
../Core/Src/main.c:1816:6:HAL_I2C_ErrorCallback	16	static
../Core/Src/main.c:1825:6:HAL_UART_RxCpltCallback	32	static
../Core/Src/main.c:1849:6:HAL_UART_ErrorCallback	24	static
../Core/Src/main.c:1861:5:main	16	static
../Core/Src/main.c:1981:6:SystemClock_Config	88	static
../Core/Src/main.c:2027:13:MX_ADC1_Init	24	static
../Core/Src/main.c:2149:13:MX_I2C1_Init	8	static
../Core/Src/main.c:2183:13:MX_TIM2_Init	64	static
../Core/Src/main.c:2242:13:MX_TIM3_Init	48	static
../Core/Src/main.c:2291:13:MX_TIM4_Init	32	static
../Core/Src/main.c:2337:13:MX_USART1_UART_Init	8	static
../Core/Src/main.c:2368:13:MX_DMA_Init	16	static
../Core/Src/main.c:2399:13:MX_GPIO_Init	48	static
../Core/Src/main.c:2460:6:Error_Handler	4	static,ignoring_inline_asm
