../Core/Src/main.c:337:6:buzzerSecuence	24	static
../Core/Src/main.c:355:6:BS_tcpConnectSecuence	8	static
../Core/Src/main.c:362:6:BS_Error	8	static
../Core/Src/main.c:369:6:BS_ACK_NOT_FOUND	8	static
../Core/Src/main.c:376:6:calculoPID	40	static
../Core/Src/main.c:419:6:sendCMD	40	static
../Core/Src/main.c:435:6:DataToQt	32	static
../Core/Src/main.c:462:6:Robot_Drive	16	static
../Core/Src/main.c:490:6:MPU6050_Init	40	static
../Core/Src/main.c:506:6:MPU6050_Calibrate	72	static
../Core/Src/main.c:539:6:HAL_TIM_PeriodElapsedCallback	24	static
../Core/Src/main.c:556:6:HAL_I2C_MemRxCpltCallback	16	static
../Core/Src/main.c:582:6:HAL_I2C_MasterTxCpltCallback	16	static
../Core/Src/main.c:591:6:HAL_UARTEx_RxEventCallback	56	static
../Core/Src/main.c:709:6:HAL_UART_ErrorCallback	16	static
../Core/Src/main.c:720:5:main	32	static
../Core/Src/main.c:909:6:SystemClock_Config	88	static
../Core/Src/main.c:955:13:MX_ADC1_Init	24	static
../Core/Src/main.c:1070:13:MX_I2C1_Init	8	static
../Core/Src/main.c:1104:13:MX_TIM2_Init	64	static
../Core/Src/main.c:1163:13:MX_TIM3_Init	48	static
../Core/Src/main.c:1212:13:MX_TIM4_Init	32	static
../Core/Src/main.c:1257:13:MX_USART1_UART_Init	8	static
../Core/Src/main.c:1288:13:MX_DMA_Init	16	static
../Core/Src/main.c:1319:13:MX_GPIO_Init	48	static
../Core/Src/main.c:1374:6:Error_Handler	4	static,ignoring_inline_asm
