../Core/Src/main.c:518:6:buzzerSecuence	24	static
../Core/Src/main.c:539:6:BS_tcpConnectSecuence	8	static
../Core/Src/main.c:547:6:BS_Error	8	static
../Core/Src/main.c:555:6:BS_ACK_NOT_FOUND	8	static
../Core/Src/main.c:563:6:BS_NEWPARAM_OK	8	static
../Core/Src/main.c:571:6:BS_NEWPARAM_ISNOTOK	8	static
../Core/Src/main.c:581:6:setESP01_CHPD	16	static
../Core/Src/main.c:593:5:ESP01_UART_Transmit	16	static
../Core/Src/main.c:608:6:ESP01_Data_Received	16	static
../Core/Src/main.c:647:6:onESP01ChangeState	24	static
../Core/Src/main.c:695:6:onESP01Debug	24	static
../Core/Src/main.c:716:6:ESP01_App_Task	8	static
../Core/Src/main.c:744:9:UNER_Send	96	static
../Core/Src/main.c:782:9:UNER_SendInt16	24	static
../Core/Src/main.c:792:6:UNER_Rx_Task	16	static
../Core/Src/main.c:807:6:UNER_ProcessByte	32	static
../Core/Src/main.c:896:6:UNER_HandlePacket	16	static
../Core/Src/main.c:916:6:sendCMD	16	static
../Core/Src/main.c:927:6:DataToQt	4	static
../Core/Src/main.c:934:6:screenScheduler	16	static
../Core/Src/main.c:1107:6:Filtrar_Sensores_IR	16	static
../Core/Src/main.c:1113:6:Iniciar_Calibracion_Linea	16	static
../Core/Src/main.c:1121:6:Procesar_Calibracion_Linea	16	static
../Core/Src/main.c:1135:6:Leer_Linea_Digital	16	static
../Core/Src/main.c:1145:6:Finalizar_Calibracion_Linea	4	static
../Core/Src/main.c:1158:6:PID_PITCH	40	static
../Core/Src/main.c:1222:7:calcularErrorYawDiscreto	24	static
../Core/Src/main.c:1237:7:calcularErrorYawContinuo	56	static
../Core/Src/main.c:1264:9:Calcular_PID_YAW	32	static
../Core/Src/main.c:1280:6:Procesar_Evasion_Obstaculo	4	static
../Core/Src/main.c:1332:6:Robot_Drive	16	static
../Core/Src/main.c:1377:6:MPU6050_Init	40	static
../Core/Src/main.c:1397:6:MPU6050_Calibrate	72	static
../Core/Src/main.c:1424:6:HAL_TIM_PeriodElapsedCallback	16	static
../Core/Src/main.c:1438:6:HAL_UARTEx_RxEventCallback	32	static
../Core/Src/main.c:1475:6:HAL_UART_ErrorCallback	24	static
../Core/Src/main.c:1490:5:main	8	static
../Core/Src/main.c:1645:6:SystemClock_Config	88	static
../Core/Src/main.c:1691:13:MX_ADC1_Init	24	static
../Core/Src/main.c:1806:13:MX_I2C1_Init	8	static
../Core/Src/main.c:1840:13:MX_TIM2_Init	64	static
../Core/Src/main.c:1899:13:MX_TIM3_Init	48	static
../Core/Src/main.c:1948:13:MX_TIM4_Init	32	static
../Core/Src/main.c:1993:13:MX_USART1_UART_Init	8	static
../Core/Src/main.c:2024:13:MX_DMA_Init	16	static
../Core/Src/main.c:2055:13:MX_GPIO_Init	48	static
../Core/Src/main.c:2110:6:Error_Handler	4	static,ignoring_inline_asm
