../Core/Src/main.c:354:6:Telemetry_UpdateMPU	64	static
../Core/Src/main.c:387:6:screenScheduler	40	static
../Core/Src/main.c:612:6:OLED_RequestUpdate	4	static
../Core/Src/main.c:620:6:OLED_Service	8	static
../Core/Src/main.c:632:6:UNER_HandlePacket	72	static
../Core/Src/main.c:1020:6:Robot_Drive	16	static
../Core/Src/main.c:1060:6:ESP01_Generic_Functions	16	static
../Core/Src/main.c:1074:6:HAL_TIM_PeriodElapsedCallback	16	static
../Core/Src/main.c:1089:6:HAL_I2C_MasterTxCpltCallback	16	static
../Core/Src/main.c:1103:6:HAL_I2C_ErrorCallback	16	static
../Core/Src/main.c:1112:6:HAL_UART_RxCpltCallback	32	static
../Core/Src/main.c:1136:6:HAL_UART_ErrorCallback	24	static
../Core/Src/main.c:1148:5:main	16	static
../Core/Src/main.c:1257:6:SystemClock_Config	88	static
../Core/Src/main.c:1303:13:MX_ADC1_Init	24	static
../Core/Src/main.c:1418:13:MX_I2C1_Init	8	static
../Core/Src/main.c:1452:13:MX_TIM2_Init	64	static
../Core/Src/main.c:1511:13:MX_TIM3_Init	48	static
../Core/Src/main.c:1560:13:MX_TIM4_Init	32	static
../Core/Src/main.c:1606:13:MX_USART1_UART_Init	8	static
../Core/Src/main.c:1637:13:MX_DMA_Init	16	static
../Core/Src/main.c:1668:13:MX_GPIO_Init	48	static
../Core/Src/main.c:1729:6:Error_Handler	4	static,ignoring_inline_asm
