../Core/Src/main.c:341:6:Telemetry_UpdateMPU	56	static
../Core/Src/main.c:369:6:screenScheduler	40	static
../Core/Src/main.c:563:6:UNER_HandlePacket	64	static
../Core/Src/main.c:912:6:Robot_Drive	16	static
../Core/Src/main.c:952:6:ESP01_Generic_Functions	16	static
../Core/Src/main.c:966:6:HAL_TIM_PeriodElapsedCallback	16	static
../Core/Src/main.c:977:6:HAL_UART_RxCpltCallback	32	static
../Core/Src/main.c:1001:6:HAL_UART_ErrorCallback	24	static
../Core/Src/main.c:1013:5:main	16	static
../Core/Src/main.c:1120:6:SystemClock_Config	88	static
../Core/Src/main.c:1166:13:MX_ADC1_Init	24	static
../Core/Src/main.c:1281:13:MX_I2C1_Init	8	static
../Core/Src/main.c:1315:13:MX_TIM2_Init	64	static
../Core/Src/main.c:1374:13:MX_TIM3_Init	48	static
../Core/Src/main.c:1423:13:MX_TIM4_Init	32	static
../Core/Src/main.c:1468:13:MX_USART1_UART_Init	8	static
../Core/Src/main.c:1499:13:MX_DMA_Init	16	static
../Core/Src/main.c:1530:13:MX_GPIO_Init	48	static
../Core/Src/main.c:1591:6:Error_Handler	4	static,ignoring_inline_asm
