../Core/Src/main.c:632:6:buzzerSecuence	24	static
../Core/Src/main.c:653:6:BS_tcpConnectSecuence	8	static
../Core/Src/main.c:661:6:BS_Error	8	static
../Core/Src/main.c:669:6:BS_ACK_NOT_FOUND	8	static
../Core/Src/main.c:677:6:BS_NEWPARAM_OK	8	static
../Core/Src/main.c:685:6:BS_NEWPARAM_ISNOTOK	8	static
../Core/Src/main.c:695:6:setESP01_CHPD	16	static
../Core/Src/main.c:707:5:ESP01_UART_Transmit	16	static
../Core/Src/main.c:722:6:ESP01_Data_Received	24	static
../Core/Src/main.c:787:6:onESP01ChangeState	24	static
../Core/Src/main.c:847:6:onESP01Debug	24	static
../Core/Src/main.c:890:6:ESP01_App_Task	16	static
../Core/Src/main.c:961:10:UNER_Crc16Ccitt	24	static
../Core/Src/main.c:980:9:UNER_SendV1	96	static
../Core/Src/main.c:1019:9:UNER_QueueTx	16	static
../Core/Src/main.c:1040:15:ESP01_StartTransport	8	static
../Core/Src/main.c:1057:6:ESP01_Http_ProcessByte	24	static
../Core/Src/main.c:1106:6:ESP01_Http_Task	432	static
../Core/Src/main.c:1144:6:UNER_Tx_Task	16	static
../Core/Src/main.c:1188:9:UNER_SendAckV1	24	static
../Core/Src/main.c:1199:9:UNER_SendTelemetryV1	56	static
../Core/Src/main.c:1224:9:UNER_Send	96	static
../Core/Src/main.c:1262:9:UNER_SendInt16	24	static
../Core/Src/main.c:1272:6:UNER_Rx_Task	16	static
../Core/Src/main.c:1287:6:UNER_ProcessByteV1	40	static
../Core/Src/main.c:1420:6:UNER_ProcessByte	40	static
../Core/Src/main.c:1509:16:UNER_ReadInt16LE	16	static
../Core/Src/main.c:1514:14:UNER_ReadFloatLE	24	static
../Core/Src/main.c:1526:6:UNER_HandlePacket	40	static
../Core/Src/main.c:1855:6:sendCMD	16	static
../Core/Src/main.c:1866:6:DataToQt	4	static
../Core/Src/main.c:1874:6:Telemetry_UpdateMPU	64	static
../Core/Src/main.c:1922:6:screenScheduler	32	static
../Core/Src/main.c:2149:6:Filtrar_Sensores_IR	16	static
../Core/Src/main.c:2155:6:Iniciar_Calibracion_Linea	16	static
../Core/Src/main.c:2163:6:Procesar_Calibracion_Linea	16	static
../Core/Src/main.c:2177:6:Leer_Linea_Digital	16	static
../Core/Src/main.c:2187:6:Finalizar_Calibracion_Linea	4	static
../Core/Src/main.c:2200:6:PID_PITCH	32	static
../Core/Src/main.c:2260:7:calcularErrorYawDiscreto	24	static
../Core/Src/main.c:2275:7:calcularErrorYawContinuo	56	static
../Core/Src/main.c:2302:9:Calcular_PID_YAW	32	static
../Core/Src/main.c:2318:6:Procesar_Evasion_Obstaculo	4	static
../Core/Src/main.c:2370:6:Robot_Drive	16	static
../Core/Src/main.c:2415:6:MPU6050_Init	40	static
../Core/Src/main.c:2435:6:MPU6050_Calibrate	72	static
../Core/Src/main.c:2462:6:HAL_TIM_PeriodElapsedCallback	16	static
../Core/Src/main.c:2476:6:HAL_UART_RxCpltCallback	32	static
../Core/Src/main.c:2509:6:HAL_UART_ErrorCallback	24	static
../Core/Src/main.c:2523:5:main	8	static
../Core/Src/main.c:2695:6:SystemClock_Config	88	static
../Core/Src/main.c:2741:13:MX_ADC1_Init	24	static
../Core/Src/main.c:2856:13:MX_I2C1_Init	8	static
../Core/Src/main.c:2890:13:MX_TIM2_Init	64	static
../Core/Src/main.c:2949:13:MX_TIM3_Init	48	static
../Core/Src/main.c:2998:13:MX_TIM4_Init	32	static
../Core/Src/main.c:3043:13:MX_USART1_UART_Init	8	static
../Core/Src/main.c:3074:13:MX_DMA_Init	16	static
../Core/Src/main.c:3105:13:MX_GPIO_Init	48	static
../Core/Src/main.c:3160:6:Error_Handler	4	static,ignoring_inline_asm
