../Core/Src/main.c:220:7:aplicarKalman	56	static
../Core/Src/main.c:242:6:sendCMD	40	static
../Core/Src/main.c:257:6:DataToQt	88	static
../Core/Src/main.c:291:6:Robot_Drive	16	static
../Core/Src/main.c:319:6:MPU6050_Init	40	static
../Core/Src/main.c:337:6:MPU6050_Calibrate	48	static
../Core/Src/main.c:355:6:HAL_TIM_PeriodElapsedCallback	24	static
../Core/Src/main.c:373:6:HAL_I2C_MemRxCpltCallback	56	static
../Core/Src/main.c:479:6:HAL_UARTEx_RxEventCallback	40	static
../Core/Src/main.c:521:6:HAL_UART_ErrorCallback	16	static
../Core/Src/main.c:537:5:main	32	static
../Core/Src/main.c:622:6:SystemClock_Config	88	static
../Core/Src/main.c:668:13:MX_I2C1_Init	8	static
../Core/Src/main.c:702:13:MX_TIM2_Init	64	static
../Core/Src/main.c:761:13:MX_TIM3_Init	48	static
../Core/Src/main.c:810:13:MX_TIM4_Init	32	static
../Core/Src/main.c:855:13:MX_USART1_UART_Init	8	static
../Core/Src/main.c:886:13:MX_DMA_Init	16	static
../Core/Src/main.c:911:13:MX_GPIO_Init	48	static
../Core/Src/main.c:966:6:Error_Handler	4	static,ignoring_inline_asm
