../Core/Src/main.c:337:6:Telemetry_UpdateMPU	56	static
../Core/Src/main.c:368:6:screenScheduler	40	static
../Core/Src/main.c:545:6:UNER_HandlePacket	40	static
../Core/Src/main.c:855:6:Robot_Drive	16	static
../Core/Src/main.c:895:6:HAL_TIM_PeriodElapsedCallback	16	static
../Core/Src/main.c:905:6:HAL_UART_RxCpltCallback	32	static
../Core/Src/main.c:929:6:HAL_UART_ErrorCallback	24	static
../Core/Src/main.c:941:5:main	16	static
../Core/Src/main.c:1067:6:SystemClock_Config	88	static
../Core/Src/main.c:1113:13:MX_ADC1_Init	24	static
../Core/Src/main.c:1228:13:MX_I2C1_Init	8	static
../Core/Src/main.c:1262:13:MX_TIM2_Init	64	static
../Core/Src/main.c:1321:13:MX_TIM3_Init	48	static
../Core/Src/main.c:1370:13:MX_TIM4_Init	32	static
../Core/Src/main.c:1415:13:MX_USART1_UART_Init	8	static
../Core/Src/main.c:1446:13:MX_DMA_Init	16	static
../Core/Src/main.c:1477:13:MX_GPIO_Init	48	static
../Core/Src/main.c:1538:6:Error_Handler	4	static,ignoring_inline_asm
