../Core/Src/main.c:217:7:aplicarKalman	56	static
../Core/Src/main.c:247:6:DataToQt	88	static
../Core/Src/main.c:284:6:Robot_Drive	16	static
../Core/Src/main.c:321:6:MPU6050_Init	40	static
../Core/Src/main.c:341:6:MPU6050_Calibrate	48	static
../Core/Src/main.c:366:6:HAL_TIM_PeriodElapsedCallback	24	static
../Core/Src/main.c:437:6:HAL_I2C_MemRxCpltCallback	56	static
../Core/Src/main.c:502:6:HAL_UARTEx_RxEventCallback	40	static
../Core/Src/main.c:536:6:HAL_UART_ErrorCallback	16	static
../Core/Src/main.c:552:5:main	48	static
../Core/Src/main.c:636:6:SystemClock_Config	88	static
../Core/Src/main.c:682:13:MX_I2C1_Init	8	static
../Core/Src/main.c:716:13:MX_TIM2_Init	64	static
../Core/Src/main.c:775:13:MX_TIM3_Init	48	static
../Core/Src/main.c:824:13:MX_TIM4_Init	32	static
../Core/Src/main.c:869:13:MX_USART1_UART_Init	8	static
../Core/Src/main.c:900:13:MX_DMA_Init	16	static
../Core/Src/main.c:925:13:MX_GPIO_Init	48	static
../Core/Src/main.c:980:6:Error_Handler	4	static,ignoring_inline_asm
