../Core/Src/main.c:392:7:ForwardMotion_Generate	40	static
../Core/Src/main.c:476:6:Telemetry_UpdateMPU	64	static
../Core/Src/main.c:510:16:AccelLog_Start	4	static
../Core/Src/main.c:535:13:AccelLog_RecordSample	16	static
../Core/Src/main.c:563:13:AccelLog_ServiceTx	80	static
../Core/Src/main.c:633:13:IrRightLog_Clear	4	static
../Core/Src/main.c:647:16:IrRightLog_StartCapture	16	static
../Core/Src/main.c:668:13:IrRightLog_RecordSample	8	static
../Core/Src/main.c:690:16:IrRightLog_StartTransmit	4	static
../Core/Src/main.c:706:13:IrRightLog_ServiceTx	104	static
../Core/Src/main.c:781:6:screenScheduler	144	static
../Core/Src/main.c:1281:6:OLED_RequestUpdate	4	static
../Core/Src/main.c:1289:6:OLED_Service	8	static
../Core/Src/main.c:1301:6:UNER_HandlePacket	112	static
../Core/Src/main.c:1976:6:Robot_Drive	16	static
../Core/Src/main.c:2032:6:Robot_ShortBrake	8	static
../Core/Src/main.c:2045:6:ESP01_Generic_Functions	16	static
../Core/Src/main.c:2055:6:HAL_TIM_PeriodElapsedCallback	16	static
../Core/Src/main.c:2070:6:HAL_I2C_MasterTxCpltCallback	16	static
../Core/Src/main.c:2084:6:HAL_I2C_ErrorCallback	16	static
../Core/Src/main.c:2093:6:HAL_UART_RxCpltCallback	32	static
../Core/Src/main.c:2117:6:HAL_UART_ErrorCallback	24	static
../Core/Src/main.c:2129:5:main	16	static
../Core/Src/main.c:2253:6:SystemClock_Config	88	static
../Core/Src/main.c:2299:13:MX_ADC1_Init	24	static
../Core/Src/main.c:2421:13:MX_I2C1_Init	8	static
../Core/Src/main.c:2455:13:MX_TIM2_Init	64	static
../Core/Src/main.c:2514:13:MX_TIM3_Init	48	static
../Core/Src/main.c:2563:13:MX_TIM4_Init	32	static
../Core/Src/main.c:2609:13:MX_USART1_UART_Init	8	static
../Core/Src/main.c:2640:13:MX_DMA_Init	16	static
../Core/Src/main.c:2671:13:MX_GPIO_Init	48	static
../Core/Src/main.c:2732:6:Error_Handler	4	static,ignoring_inline_asm
