../Core/Src/main.c:617:6:buzzerSecuence	24	static
../Core/Src/main.c:638:6:BS_tcpConnectSecuence	8	static
../Core/Src/main.c:646:6:BS_Error	8	static
../Core/Src/main.c:654:6:BS_ACK_NOT_FOUND	8	static
../Core/Src/main.c:662:6:BS_NEWPARAM_OK	8	static
../Core/Src/main.c:670:6:BS_NEWPARAM_ISNOTOK	8	static
../Core/Src/main.c:680:6:setESP01_CHPD	16	static
../Core/Src/main.c:692:5:ESP01_UART_Transmit	16	static
../Core/Src/main.c:707:6:ESP01_Data_Received	24	static
../Core/Src/main.c:760:6:onESP01ChangeState	24	static
../Core/Src/main.c:820:6:onESP01Debug	24	static
../Core/Src/main.c:863:6:ESP01_App_Task	16	static
../Core/Src/main.c:903:10:UNER_Crc16Ccitt	24	static
../Core/Src/main.c:922:9:UNER_SendV1	96	static
../Core/Src/main.c:961:9:UNER_QueueTx	16	static
../Core/Src/main.c:982:6:UNER_Tx_Task	16	static
../Core/Src/main.c:1025:9:UNER_SendAckV1	24	static
../Core/Src/main.c:1036:9:UNER_SendTelemetryV1	56	static
../Core/Src/main.c:1061:9:UNER_Send	96	static
../Core/Src/main.c:1099:9:UNER_SendInt16	24	static
../Core/Src/main.c:1109:6:UNER_Rx_Task	16	static
../Core/Src/main.c:1124:6:UNER_ProcessByteV1	40	static
../Core/Src/main.c:1257:6:UNER_ProcessByte	40	static
../Core/Src/main.c:1346:16:UNER_ReadInt16LE	16	static
../Core/Src/main.c:1351:14:UNER_ReadFloatLE	24	static
../Core/Src/main.c:1363:6:UNER_HandlePacket	40	static
../Core/Src/main.c:1663:6:sendCMD	16	static
../Core/Src/main.c:1674:6:DataToQt	4	static
../Core/Src/main.c:1682:6:Telemetry_UpdateMPU	64	static
../Core/Src/main.c:1730:6:screenScheduler	32	static
../Core/Src/main.c:1945:6:Filtrar_Sensores_IR	16	static
../Core/Src/main.c:1951:6:Iniciar_Calibracion_Linea	16	static
../Core/Src/main.c:1959:6:Procesar_Calibracion_Linea	16	static
../Core/Src/main.c:1973:6:Leer_Linea_Digital	16	static
../Core/Src/main.c:1983:6:Finalizar_Calibracion_Linea	4	static
../Core/Src/main.c:1996:6:PID_PITCH	40	static
../Core/Src/main.c:2060:7:calcularErrorYawDiscreto	24	static
../Core/Src/main.c:2075:7:calcularErrorYawContinuo	56	static
../Core/Src/main.c:2102:9:Calcular_PID_YAW	32	static
../Core/Src/main.c:2118:6:Procesar_Evasion_Obstaculo	4	static
../Core/Src/main.c:2170:6:Robot_Drive	16	static
../Core/Src/main.c:2215:6:MPU6050_Init	40	static
../Core/Src/main.c:2235:6:MPU6050_Calibrate	72	static
../Core/Src/main.c:2262:6:HAL_TIM_PeriodElapsedCallback	16	static
../Core/Src/main.c:2276:6:HAL_UART_RxCpltCallback	32	static
../Core/Src/main.c:2309:6:HAL_UART_ErrorCallback	24	static
../Core/Src/main.c:2323:5:main	8	static
../Core/Src/main.c:2495:6:SystemClock_Config	88	static
../Core/Src/main.c:2541:13:MX_ADC1_Init	24	static
../Core/Src/main.c:2656:13:MX_I2C1_Init	8	static
../Core/Src/main.c:2690:13:MX_TIM2_Init	64	static
../Core/Src/main.c:2749:13:MX_TIM3_Init	48	static
../Core/Src/main.c:2798:13:MX_TIM4_Init	32	static
../Core/Src/main.c:2843:13:MX_USART1_UART_Init	8	static
../Core/Src/main.c:2874:13:MX_DMA_Init	16	static
../Core/Src/main.c:2905:13:MX_GPIO_Init	48	static
../Core/Src/main.c:2960:6:Error_Handler	4	static,ignoring_inline_asm
