../Core/Src/main.c:637:6:buzzerSecuence	24	static
../Core/Src/main.c:658:6:BS_tcpConnectSecuence	8	static
../Core/Src/main.c:666:6:BS_Error	8	static
../Core/Src/main.c:674:6:BS_ACK_NOT_FOUND	8	static
../Core/Src/main.c:682:6:BS_NEWPARAM_OK	8	static
../Core/Src/main.c:690:6:BS_NEWPARAM_ISNOTOK	8	static
../Core/Src/main.c:700:6:setESP01_CHPD	16	static
../Core/Src/main.c:712:5:ESP01_UART_Transmit	16	static
../Core/Src/main.c:727:6:ESP01_Data_Received	24	static
../Core/Src/main.c:792:6:onESP01ChangeState	24	static
../Core/Src/main.c:852:6:onESP01Debug	24	static
../Core/Src/main.c:895:6:ESP01_App_Task	16	static
../Core/Src/main.c:970:10:UNER_Crc16Ccitt	24	static
../Core/Src/main.c:989:9:UNER_SendV1	96	static
../Core/Src/main.c:1028:9:UNER_QueueTx	16	static
../Core/Src/main.c:1049:15:ESP01_StartTransport	8	static
../Core/Src/main.c:1066:6:ESP01_Http_ProcessByte	24	static
../Core/Src/main.c:1115:6:ESP01_Http_Task	432	static
../Core/Src/main.c:1153:6:UNER_Tx_Task	16	static
../Core/Src/main.c:1197:9:UNER_SendAckV1	24	static
../Core/Src/main.c:1208:9:UNER_SendTelemetryV1	56	static
../Core/Src/main.c:1233:9:UNER_Send	96	static
../Core/Src/main.c:1271:9:UNER_SendInt16	24	static
../Core/Src/main.c:1281:6:UNER_Rx_Task	16	static
../Core/Src/main.c:1296:6:UNER_ProcessByteV1	40	static
../Core/Src/main.c:1429:6:UNER_ProcessByte	40	static
../Core/Src/main.c:1518:16:UNER_ReadInt16LE	16	static
../Core/Src/main.c:1523:14:UNER_ReadFloatLE	24	static
../Core/Src/main.c:1535:6:UNER_HandlePacket	40	static
../Core/Src/main.c:1862:6:sendCMD	16	static
../Core/Src/main.c:1873:6:DataToQt	4	static
../Core/Src/main.c:1881:6:Telemetry_UpdateMPU	64	static
../Core/Src/main.c:1929:6:screenScheduler	32	static
../Core/Src/main.c:2156:6:Filtrar_Sensores_IR	16	static
../Core/Src/main.c:2162:6:Iniciar_Calibracion_Linea	16	static
../Core/Src/main.c:2170:6:Procesar_Calibracion_Linea	16	static
../Core/Src/main.c:2184:6:Leer_Linea_Digital	16	static
../Core/Src/main.c:2194:6:Finalizar_Calibracion_Linea	4	static
../Core/Src/main.c:2207:6:PID_PITCH	32	static
../Core/Src/main.c:2267:7:calcularErrorYawDiscreto	24	static
../Core/Src/main.c:2282:7:calcularErrorYawContinuo	56	static
../Core/Src/main.c:2309:9:Calcular_PID_YAW	32	static
../Core/Src/main.c:2325:6:Procesar_Evasion_Obstaculo	4	static
../Core/Src/main.c:2377:6:Robot_Drive	16	static
../Core/Src/main.c:2422:6:MPU6050_Init	40	static
../Core/Src/main.c:2442:6:MPU6050_Calibrate	72	static
../Core/Src/main.c:2469:6:HAL_TIM_PeriodElapsedCallback	16	static
../Core/Src/main.c:2483:6:HAL_UART_RxCpltCallback	32	static
../Core/Src/main.c:2516:6:HAL_UART_ErrorCallback	24	static
../Core/Src/main.c:2530:5:main	8	static
../Core/Src/main.c:2702:6:SystemClock_Config	88	static
../Core/Src/main.c:2748:13:MX_ADC1_Init	24	static
../Core/Src/main.c:2863:13:MX_I2C1_Init	8	static
../Core/Src/main.c:2897:13:MX_TIM2_Init	64	static
../Core/Src/main.c:2956:13:MX_TIM3_Init	48	static
../Core/Src/main.c:3005:13:MX_TIM4_Init	32	static
../Core/Src/main.c:3050:13:MX_USART1_UART_Init	8	static
../Core/Src/main.c:3081:13:MX_DMA_Init	16	static
../Core/Src/main.c:3112:13:MX_GPIO_Init	48	static
../Core/Src/main.c:3167:6:Error_Handler	4	static,ignoring_inline_asm
