../Core/Src/main.c:574:6:buzzerSecuence	24	static
../Core/Src/main.c:595:6:BS_tcpConnectSecuence	8	static
../Core/Src/main.c:603:6:BS_Error	8	static
../Core/Src/main.c:611:6:BS_ACK_NOT_FOUND	8	static
../Core/Src/main.c:619:6:BS_NEWPARAM_OK	8	static
../Core/Src/main.c:627:6:BS_NEWPARAM_ISNOTOK	8	static
../Core/Src/main.c:637:6:setESP01_CHPD	16	static
../Core/Src/main.c:649:5:ESP01_UART_Transmit	16	static
../Core/Src/main.c:664:6:ESP01_Data_Received	24	static
../Core/Src/main.c:717:6:onESP01ChangeState	24	static
../Core/Src/main.c:773:6:onESP01Debug	24	static
../Core/Src/main.c:794:6:ESP01_App_Task	8	static
../Core/Src/main.c:830:10:UNER_Crc16Ccitt	24	static
../Core/Src/main.c:849:9:UNER_SendV1	104	static
../Core/Src/main.c:901:9:UNER_SendAckV1	24	static
../Core/Src/main.c:912:9:UNER_SendTelemetryV1	56	static
../Core/Src/main.c:938:9:UNER_Send	96	static
../Core/Src/main.c:976:9:UNER_SendInt16	24	static
../Core/Src/main.c:986:6:UNER_Rx_Task	16	static
../Core/Src/main.c:1001:6:UNER_ProcessByteV1	40	static
../Core/Src/main.c:1134:6:UNER_ProcessByte	40	static
../Core/Src/main.c:1223:6:UNER_HandlePacket	16	static
../Core/Src/main.c:1250:6:sendCMD	16	static
../Core/Src/main.c:1261:6:DataToQt	4	static
../Core/Src/main.c:1269:6:Telemetry_UpdateMPU	64	static
../Core/Src/main.c:1317:6:screenScheduler	24	static
../Core/Src/main.c:1493:6:Filtrar_Sensores_IR	16	static
../Core/Src/main.c:1499:6:Iniciar_Calibracion_Linea	16	static
../Core/Src/main.c:1507:6:Procesar_Calibracion_Linea	16	static
../Core/Src/main.c:1521:6:Leer_Linea_Digital	16	static
../Core/Src/main.c:1531:6:Finalizar_Calibracion_Linea	4	static
../Core/Src/main.c:1544:6:PID_PITCH	40	static
../Core/Src/main.c:1608:7:calcularErrorYawDiscreto	24	static
../Core/Src/main.c:1623:7:calcularErrorYawContinuo	56	static
../Core/Src/main.c:1650:9:Calcular_PID_YAW	32	static
../Core/Src/main.c:1666:6:Procesar_Evasion_Obstaculo	4	static
../Core/Src/main.c:1718:6:Robot_Drive	16	static
../Core/Src/main.c:1763:6:MPU6050_Init	40	static
../Core/Src/main.c:1783:6:MPU6050_Calibrate	72	static
../Core/Src/main.c:1810:6:HAL_TIM_PeriodElapsedCallback	16	static
../Core/Src/main.c:1824:6:HAL_UARTEx_RxEventCallback	32	static
../Core/Src/main.c:1861:6:HAL_UART_ErrorCallback	24	static
../Core/Src/main.c:1876:5:main	8	static
../Core/Src/main.c:2035:6:SystemClock_Config	88	static
../Core/Src/main.c:2081:13:MX_ADC1_Init	24	static
../Core/Src/main.c:2196:13:MX_I2C1_Init	8	static
../Core/Src/main.c:2230:13:MX_TIM2_Init	64	static
../Core/Src/main.c:2289:13:MX_TIM3_Init	48	static
../Core/Src/main.c:2338:13:MX_TIM4_Init	32	static
../Core/Src/main.c:2383:13:MX_USART1_UART_Init	8	static
../Core/Src/main.c:2414:13:MX_DMA_Init	16	static
../Core/Src/main.c:2445:13:MX_GPIO_Init	48	static
../Core/Src/main.c:2500:6:Error_Handler	4	static,ignoring_inline_asm
