../Core/Src/main.c:375:6:Telemetry_UpdateMPU	64	static
../Core/Src/main.c:409:6:screenScheduler	72	static
../Core/Src/main.c:758:6:OLED_RequestUpdate	4	static
../Core/Src/main.c:766:6:OLED_Service	8	static
../Core/Src/main.c:778:6:UNER_HandlePacket	88	static
../Core/Src/main.c:1212:6:Robot_Drive	16	static
../Core/Src/main.c:1252:6:ESP01_Generic_Functions	16	static
../Core/Src/main.c:1262:6:HAL_TIM_PeriodElapsedCallback	16	static
../Core/Src/main.c:1277:6:HAL_I2C_MasterTxCpltCallback	16	static
../Core/Src/main.c:1291:6:HAL_I2C_ErrorCallback	16	static
../Core/Src/main.c:1300:6:HAL_UART_RxCpltCallback	32	static
../Core/Src/main.c:1324:6:HAL_UART_ErrorCallback	24	static
../Core/Src/main.c:1336:5:main	16	static
../Core/Src/main.c:1454:6:SystemClock_Config	88	static
../Core/Src/main.c:1500:13:MX_ADC1_Init	24	static
../Core/Src/main.c:1622:13:MX_I2C1_Init	8	static
../Core/Src/main.c:1656:13:MX_TIM2_Init	64	static
../Core/Src/main.c:1715:13:MX_TIM3_Init	48	static
../Core/Src/main.c:1764:13:MX_TIM4_Init	32	static
../Core/Src/main.c:1810:13:MX_USART1_UART_Init	8	static
../Core/Src/main.c:1841:13:MX_DMA_Init	16	static
../Core/Src/main.c:1872:13:MX_GPIO_Init	48	static
../Core/Src/main.c:1933:6:Error_Handler	4	static,ignoring_inline_asm
