../Core/Src/main.c:579:6:buzzerSecuence	24	static
../Core/Src/main.c:600:6:BS_tcpConnectSecuence	8	static
../Core/Src/main.c:608:6:BS_Error	8	static
../Core/Src/main.c:616:6:BS_ACK_NOT_FOUND	8	static
../Core/Src/main.c:624:6:BS_NEWPARAM_OK	8	static
../Core/Src/main.c:632:6:BS_NEWPARAM_ISNOTOK	8	static
../Core/Src/main.c:642:6:setESP01_CHPD	16	static
../Core/Src/main.c:654:5:ESP01_UART_Transmit	16	static
../Core/Src/main.c:669:6:ESP01_Data_Received	24	static
../Core/Src/main.c:722:6:onESP01ChangeState	24	static
../Core/Src/main.c:783:6:onESP01Debug	24	static
../Core/Src/main.c:804:6:ESP01_App_Task	16	static
../Core/Src/main.c:839:10:UNER_Crc16Ccitt	24	static
../Core/Src/main.c:858:9:UNER_SendV1	104	static
../Core/Src/main.c:911:9:UNER_SendAckV1	24	static
../Core/Src/main.c:922:9:UNER_SendTelemetryV1	56	static
../Core/Src/main.c:948:9:UNER_Send	96	static
../Core/Src/main.c:986:9:UNER_SendInt16	24	static
../Core/Src/main.c:996:6:UNER_Rx_Task	16	static
../Core/Src/main.c:1011:6:UNER_ProcessByteV1	40	static
../Core/Src/main.c:1144:6:UNER_ProcessByte	40	static
../Core/Src/main.c:1233:6:UNER_HandlePacket	16	static
../Core/Src/main.c:1276:6:sendCMD	16	static
../Core/Src/main.c:1287:6:DataToQt	4	static
../Core/Src/main.c:1295:6:Telemetry_UpdateMPU	64	static
../Core/Src/main.c:1343:6:screenScheduler	24	static
../Core/Src/main.c:1519:6:Filtrar_Sensores_IR	16	static
../Core/Src/main.c:1525:6:Iniciar_Calibracion_Linea	16	static
../Core/Src/main.c:1533:6:Procesar_Calibracion_Linea	16	static
../Core/Src/main.c:1547:6:Leer_Linea_Digital	16	static
../Core/Src/main.c:1557:6:Finalizar_Calibracion_Linea	4	static
../Core/Src/main.c:1570:6:PID_PITCH	40	static
../Core/Src/main.c:1634:7:calcularErrorYawDiscreto	24	static
../Core/Src/main.c:1649:7:calcularErrorYawContinuo	56	static
../Core/Src/main.c:1676:9:Calcular_PID_YAW	32	static
../Core/Src/main.c:1692:6:Procesar_Evasion_Obstaculo	4	static
../Core/Src/main.c:1744:6:Robot_Drive	16	static
../Core/Src/main.c:1789:6:MPU6050_Init	40	static
../Core/Src/main.c:1809:6:MPU6050_Calibrate	72	static
../Core/Src/main.c:1836:6:HAL_TIM_PeriodElapsedCallback	16	static
../Core/Src/main.c:1850:6:HAL_UARTEx_RxEventCallback	32	static
../Core/Src/main.c:1887:6:HAL_UART_ErrorCallback	24	static
../Core/Src/main.c:1902:5:main	8	static
../Core/Src/main.c:2061:6:SystemClock_Config	88	static
../Core/Src/main.c:2107:13:MX_ADC1_Init	24	static
../Core/Src/main.c:2222:13:MX_I2C1_Init	8	static
../Core/Src/main.c:2256:13:MX_TIM2_Init	64	static
../Core/Src/main.c:2315:13:MX_TIM3_Init	48	static
../Core/Src/main.c:2364:13:MX_TIM4_Init	32	static
../Core/Src/main.c:2409:13:MX_USART1_UART_Init	8	static
../Core/Src/main.c:2440:13:MX_DMA_Init	16	static
../Core/Src/main.c:2471:13:MX_GPIO_Init	48	static
../Core/Src/main.c:2526:6:Error_Handler	4	static,ignoring_inline_asm
