../Core/Src/main.c:182:6:DataToQt	88	static
../Core/Src/main.c:220:6:Robot_Drive	16	static
../Core/Src/main.c:258:6:MPU6050_Init	40	static
../Core/Src/main.c:278:6:MPU6050_Calibrate	48	static
../Core/Src/main.c:303:6:HAL_TIM_PeriodElapsedCallback	24	static
../Core/Src/main.c:319:6:HAL_I2C_MemRxCpltCallback	56	static
../Core/Src/main.c:367:6:HAL_UARTEx_RxEventCallback	40	static
../Core/Src/main.c:401:6:HAL_UART_ErrorCallback	16	static
../Core/Src/main.c:417:5:main	48	static
../Core/Src/main.c:501:6:SystemClock_Config	88	static
../Core/Src/main.c:547:13:MX_I2C1_Init	8	static
../Core/Src/main.c:581:13:MX_TIM2_Init	64	static
../Core/Src/main.c:640:13:MX_TIM3_Init	48	static
../Core/Src/main.c:689:13:MX_TIM4_Init	32	static
../Core/Src/main.c:734:13:MX_USART1_UART_Init	8	static
../Core/Src/main.c:765:13:MX_DMA_Init	16	static
../Core/Src/main.c:790:13:MX_GPIO_Init	48	static
../Core/Src/main.c:845:6:Error_Handler	4	static,ignoring_inline_asm
