../Core/Src/main.c:553:6:MX_WIFI_Init	8	static
../Core/Src/main.c:566:6:OnESP01ChangeState	24	static
../Core/Src/main.c:587:5:ESP01_WriteUSARTByte	16	static
../Core/Src/main.c:592:6:ESP01_WriteByteToBufRX	16	static
../Core/Src/main.c:598:6:buzzerSecuence	24	static
../Core/Src/main.c:616:6:BS_tcpConnectSecuence	8	static
../Core/Src/main.c:623:6:BS_Error	8	static
../Core/Src/main.c:630:6:BS_ACK_NOT_FOUND	8	static
../Core/Src/main.c:637:6:BS_NEWPARAM_OK	8	static
../Core/Src/main.c:644:6:BS_NEWPARAM_ISNOTOK	8	static
../Core/Src/main.c:651:6:screenScheduler	40	static
../Core/Src/main.c:820:6:Filtrar_Sensores_IR	16	static
../Core/Src/main.c:826:6:Iniciar_Calibracion_Linea	16	static
../Core/Src/main.c:834:6:Procesar_Calibracion_Linea	16	static
../Core/Src/main.c:848:6:Leer_Linea_Digital	16	static
../Core/Src/main.c:858:6:Finalizar_Calibracion_Linea	4	static
../Core/Src/main.c:869:6:PID_PITCH	40	static
../Core/Src/main.c:933:7:calcularErrorYawDiscreto	24	static
../Core/Src/main.c:948:7:calcularErrorYawContinuo	56	static
../Core/Src/main.c:975:9:Calcular_PID_YAW	32	static
../Core/Src/main.c:991:6:Procesar_Evasion_Obstaculo	4	static
../Core/Src/main.c:1042:6:sendCMD	40	static
../Core/Src/main.c:1058:6:DataToQt	32	static
../Core/Src/main.c:1085:6:Robot_Drive	16	static
../Core/Src/main.c:1130:6:MPU6050_Init	40	static
../Core/Src/main.c:1150:6:MPU6050_Calibrate	72	static
../Core/Src/main.c:1177:6:HardReset_ESP	16	static
../Core/Src/main.c:1180:5:SendByte_USART	16	static
../Core/Src/main.c:1185:6:ProcessReceivedData	16	static
../Core/Src/main.c:1190:6:HAL_TIM_PeriodElapsedCallback	24	static
../Core/Src/main.c:1218:6:HAL_I2C_MemRxCpltCallback	16	static
../Core/Src/main.c:1238:6:HAL_I2C_MasterTxCpltCallback	16	static
../Core/Src/main.c:1245:6:HAL_UART_RxCpltCallback	16	static
../Core/Src/main.c:1452:6:HAL_UART_ErrorCallback	16	static
../Core/Src/main.c:1459:6:UNER_Parser_Feed	16	static
../Core/Src/main.c:1491:6:enviarTelemetriaUNER	48	static
../Core/Src/main.c:1507:5:main	16	static
../Core/Src/main.c:1729:6:SystemClock_Config	88	static
../Core/Src/main.c:1775:13:MX_ADC1_Init	24	static
../Core/Src/main.c:1890:13:MX_I2C1_Init	8	static
../Core/Src/main.c:1924:13:MX_TIM2_Init	64	static
../Core/Src/main.c:1983:13:MX_TIM3_Init	48	static
../Core/Src/main.c:2032:13:MX_TIM4_Init	32	static
../Core/Src/main.c:2077:13:MX_USART1_UART_Init	8	static
../Core/Src/main.c:2108:13:MX_DMA_Init	16	static
../Core/Src/main.c:2139:13:MX_GPIO_Init	48	static
../Core/Src/main.c:2194:6:Error_Handler	4	static,ignoring_inline_asm
