../Core/Src/main.c:141:6:Robot_Drive	16	static
../Core/Src/main.c:179:6:MPU6050_Init	40	static
../Core/Src/main.c:199:6:MPU6050_Calibrate	40	static
../Core/Src/main.c:217:6:HAL_TIM_PeriodElapsedCallback	24	static
../Core/Src/main.c:234:6:HAL_I2C_MemRxCpltCallback	56	static
../Core/Src/main.c:282:6:HAL_UARTEx_RxEventCallback	16	static
../Core/Src/main.c:290:6:HAL_UART_ErrorCallback	16	static
../Core/Src/main.c:305:5:main	128	static
../Core/Src/main.c:425:6:SystemClock_Config	88	static
../Core/Src/main.c:471:13:MX_I2C1_Init	8	static
../Core/Src/main.c:505:13:MX_TIM2_Init	64	static
../Core/Src/main.c:564:13:MX_TIM3_Init	48	static
../Core/Src/main.c:613:13:MX_TIM4_Init	32	static
../Core/Src/main.c:658:13:MX_USART1_UART_Init	8	static
../Core/Src/main.c:689:13:MX_DMA_Init	16	static
../Core/Src/main.c:714:13:MX_GPIO_Init	48	static
../Core/Src/main.c:769:6:Error_Handler	4	static,ignoring_inline_asm
