../Core/Src/main.c:619:6:buzzerSecuence	24	static
../Core/Src/main.c:640:6:BS_tcpConnectSecuence	8	static
../Core/Src/main.c:648:6:BS_Error	8	static
../Core/Src/main.c:656:6:BS_ACK_NOT_FOUND	8	static
../Core/Src/main.c:664:6:BS_NEWPARAM_OK	8	static
../Core/Src/main.c:672:6:BS_NEWPARAM_ISNOTOK	8	static
../Core/Src/main.c:682:6:setESP01_CHPD	16	static
../Core/Src/main.c:694:5:ESP01_UART_Transmit	16	static
../Core/Src/main.c:709:6:ESP01_Data_Received	24	static
../Core/Src/main.c:762:6:onESP01ChangeState	24	static
../Core/Src/main.c:822:6:onESP01Debug	24	static
../Core/Src/main.c:865:6:ESP01_App_Task	16	static
../Core/Src/main.c:914:10:UNER_Crc16Ccitt	24	static
../Core/Src/main.c:933:9:UNER_SendV1	96	static
../Core/Src/main.c:972:9:UNER_QueueTx	16	static
../Core/Src/main.c:993:6:UNER_Tx_Task	16	static
../Core/Src/main.c:1036:9:UNER_SendAckV1	24	static
../Core/Src/main.c:1047:9:UNER_SendTelemetryV1	56	static
../Core/Src/main.c:1072:9:UNER_Send	96	static
../Core/Src/main.c:1110:9:UNER_SendInt16	24	static
../Core/Src/main.c:1120:6:UNER_Rx_Task	16	static
../Core/Src/main.c:1135:6:UNER_ProcessByteV1	40	static
../Core/Src/main.c:1268:6:UNER_ProcessByte	40	static
../Core/Src/main.c:1357:16:UNER_ReadInt16LE	16	static
../Core/Src/main.c:1362:14:UNER_ReadFloatLE	24	static
../Core/Src/main.c:1374:6:UNER_HandlePacket	40	static
../Core/Src/main.c:1694:6:sendCMD	16	static
../Core/Src/main.c:1705:6:DataToQt	4	static
../Core/Src/main.c:1713:6:Telemetry_UpdateMPU	64	static
../Core/Src/main.c:1761:6:screenScheduler	32	static
../Core/Src/main.c:1976:6:Filtrar_Sensores_IR	16	static
../Core/Src/main.c:1982:6:Iniciar_Calibracion_Linea	16	static
../Core/Src/main.c:1990:6:Procesar_Calibracion_Linea	16	static
../Core/Src/main.c:2004:6:Leer_Linea_Digital	16	static
../Core/Src/main.c:2014:6:Finalizar_Calibracion_Linea	4	static
../Core/Src/main.c:2027:6:PID_PITCH	32	static
../Core/Src/main.c:2087:7:calcularErrorYawDiscreto	24	static
../Core/Src/main.c:2102:7:calcularErrorYawContinuo	56	static
../Core/Src/main.c:2129:9:Calcular_PID_YAW	32	static
../Core/Src/main.c:2145:6:Procesar_Evasion_Obstaculo	4	static
../Core/Src/main.c:2197:6:Robot_Drive	16	static
../Core/Src/main.c:2242:6:MPU6050_Init	40	static
../Core/Src/main.c:2262:6:MPU6050_Calibrate	72	static
../Core/Src/main.c:2289:6:HAL_TIM_PeriodElapsedCallback	16	static
../Core/Src/main.c:2303:6:HAL_UART_RxCpltCallback	32	static
../Core/Src/main.c:2336:6:HAL_UART_ErrorCallback	24	static
../Core/Src/main.c:2350:5:main	8	static
../Core/Src/main.c:2522:6:SystemClock_Config	88	static
../Core/Src/main.c:2568:13:MX_ADC1_Init	24	static
../Core/Src/main.c:2683:13:MX_I2C1_Init	8	static
../Core/Src/main.c:2717:13:MX_TIM2_Init	64	static
../Core/Src/main.c:2776:13:MX_TIM3_Init	48	static
../Core/Src/main.c:2825:13:MX_TIM4_Init	32	static
../Core/Src/main.c:2870:13:MX_USART1_UART_Init	8	static
../Core/Src/main.c:2901:13:MX_DMA_Init	16	static
../Core/Src/main.c:2932:13:MX_GPIO_Init	48	static
../Core/Src/main.c:2987:6:Error_Handler	4	static,ignoring_inline_asm
