../Core/Src/main.c:344:6:Telemetry_UpdateMPU	56	static
../Core/Src/main.c:372:6:screenScheduler	40	static
../Core/Src/main.c:566:6:UNER_HandlePacket	64	static
../Core/Src/main.c:908:6:Robot_Drive	16	static
../Core/Src/main.c:948:6:ESP01_Generic_Functions	16	static
../Core/Src/main.c:962:6:HAL_TIM_PeriodElapsedCallback	16	static
../Core/Src/main.c:973:6:HAL_UART_RxCpltCallback	32	static
../Core/Src/main.c:997:6:HAL_UART_ErrorCallback	24	static
../Core/Src/main.c:1009:5:main	16	static
../Core/Src/main.c:1114:6:SystemClock_Config	88	static
../Core/Src/main.c:1160:13:MX_ADC1_Init	24	static
../Core/Src/main.c:1275:13:MX_I2C1_Init	8	static
../Core/Src/main.c:1309:13:MX_TIM2_Init	64	static
../Core/Src/main.c:1368:13:MX_TIM3_Init	48	static
../Core/Src/main.c:1417:13:MX_TIM4_Init	32	static
../Core/Src/main.c:1462:13:MX_TIM5_Init	56	static
../Core/Src/main.c:1502:13:MX_USART1_UART_Init	8	static
../Core/Src/main.c:1533:13:MX_DMA_Init	16	static
../Core/Src/main.c:1564:13:MX_GPIO_Init	48	static
../Core/Src/main.c:1625:6:Error_Handler	4	static,ignoring_inline_asm
