../Core/Src/main.c:322:7:ForwardMotion_Generate	40	static
../Core/Src/main.c:403:6:Telemetry_UpdateMPU	64	static
../Core/Src/main.c:437:6:screenScheduler	160	static
../Core/Src/main.c:1117:6:OLED_RequestUpdate	4	static
../Core/Src/main.c:1125:6:OLED_Service	8	static
../Core/Src/main.c:1137:6:UNER_HandlePacket	88	static
../Core/Src/main.c:1604:6:Robot_Drive	16	static
../Core/Src/main.c:1660:6:ESP01_Generic_Functions	16	static
../Core/Src/main.c:1670:6:HAL_TIM_PeriodElapsedCallback	16	static
../Core/Src/main.c:1685:6:HAL_I2C_MasterTxCpltCallback	16	static
../Core/Src/main.c:1699:6:HAL_I2C_ErrorCallback	16	static
../Core/Src/main.c:1708:6:HAL_UART_RxCpltCallback	32	static
../Core/Src/main.c:1732:6:HAL_UART_ErrorCallback	24	static
../Core/Src/main.c:1744:5:main	16	static
../Core/Src/main.c:1864:6:SystemClock_Config	88	static
../Core/Src/main.c:1910:13:MX_ADC1_Init	24	static
../Core/Src/main.c:2032:13:MX_I2C1_Init	8	static
../Core/Src/main.c:2066:13:MX_TIM2_Init	64	static
../Core/Src/main.c:2125:13:MX_TIM3_Init	48	static
../Core/Src/main.c:2174:13:MX_TIM4_Init	32	static
../Core/Src/main.c:2220:13:MX_USART1_UART_Init	8	static
../Core/Src/main.c:2251:13:MX_DMA_Init	16	static
../Core/Src/main.c:2282:13:MX_GPIO_Init	48	static
../Core/Src/main.c:2343:6:Error_Handler	4	static,ignoring_inline_asm
