../Core/Src/main.c:396:7:ForwardMotion_Generate	40	static
../Core/Src/main.c:480:6:Telemetry_UpdateMPU	64	static
../Core/Src/main.c:514:16:AccelLog_Start	4	static
../Core/Src/main.c:539:13:AccelLog_RecordSample	16	static
../Core/Src/main.c:567:13:AccelLog_ServiceTx	80	static
../Core/Src/main.c:637:13:IrRightLog_Clear	4	static
../Core/Src/main.c:651:16:IrRightLog_StartCapture	16	static
../Core/Src/main.c:672:13:IrRightLog_RecordSample	16	static
../Core/Src/main.c:698:16:IrRightLog_StartTransmit	4	static
../Core/Src/main.c:710:13:IrRightLog_ServiceTx	104	static
../Core/Src/main.c:780:6:screenScheduler	144	static
../Core/Src/main.c:1280:6:OLED_RequestUpdate	4	static
../Core/Src/main.c:1288:6:OLED_Service	8	static
../Core/Src/main.c:1300:6:UNER_HandlePacket	120	static
../Core/Src/main.c:1991:6:Robot_Drive	16	static
../Core/Src/main.c:2047:6:Robot_ShortBrake	8	static
../Core/Src/main.c:2060:6:ESP01_Generic_Functions	16	static
../Core/Src/main.c:2070:6:HAL_TIM_PeriodElapsedCallback	16	static
../Core/Src/main.c:2085:6:HAL_I2C_MasterTxCpltCallback	16	static
../Core/Src/main.c:2099:6:HAL_I2C_ErrorCallback	16	static
../Core/Src/main.c:2108:6:HAL_UART_RxCpltCallback	32	static
../Core/Src/main.c:2132:6:HAL_UART_ErrorCallback	24	static
../Core/Src/main.c:2144:5:main	16	static
../Core/Src/main.c:2268:6:SystemClock_Config	88	static
../Core/Src/main.c:2314:13:MX_ADC1_Init	24	static
../Core/Src/main.c:2436:13:MX_I2C1_Init	8	static
../Core/Src/main.c:2470:13:MX_TIM2_Init	64	static
../Core/Src/main.c:2529:13:MX_TIM3_Init	48	static
../Core/Src/main.c:2578:13:MX_TIM4_Init	32	static
../Core/Src/main.c:2624:13:MX_USART1_UART_Init	8	static
../Core/Src/main.c:2655:13:MX_DMA_Init	16	static
../Core/Src/main.c:2686:13:MX_GPIO_Init	48	static
../Core/Src/main.c:2747:6:Error_Handler	4	static,ignoring_inline_asm
