../Core/Src/main.c:390:7:ForwardMotion_Generate	40	static
../Core/Src/main.c:474:6:Telemetry_UpdateMPU	64	static
../Core/Src/main.c:508:16:AccelLog_Start	4	static
../Core/Src/main.c:533:13:AccelLog_RecordSample	16	static
../Core/Src/main.c:561:13:AccelLog_ServiceTx	80	static
../Core/Src/main.c:631:13:IrRightLog_Clear	4	static
../Core/Src/main.c:645:16:IrRightLog_StartCapture	16	static
../Core/Src/main.c:666:13:IrRightLog_RecordSample	8	static
../Core/Src/main.c:688:16:IrRightLog_StartTransmit	4	static
../Core/Src/main.c:704:13:IrRightLog_ServiceTx	104	static
../Core/Src/main.c:779:6:screenScheduler	144	static
../Core/Src/main.c:1257:6:OLED_RequestUpdate	4	static
../Core/Src/main.c:1265:6:OLED_Service	8	static
../Core/Src/main.c:1277:6:UNER_HandlePacket	104	static
../Core/Src/main.c:1930:6:Robot_Drive	16	static
../Core/Src/main.c:1986:6:Robot_ShortBrake	8	static
../Core/Src/main.c:1999:6:ESP01_Generic_Functions	16	static
../Core/Src/main.c:2009:6:HAL_TIM_PeriodElapsedCallback	16	static
../Core/Src/main.c:2024:6:HAL_I2C_MasterTxCpltCallback	16	static
../Core/Src/main.c:2038:6:HAL_I2C_ErrorCallback	16	static
../Core/Src/main.c:2047:6:HAL_UART_RxCpltCallback	32	static
../Core/Src/main.c:2071:6:HAL_UART_ErrorCallback	24	static
../Core/Src/main.c:2083:5:main	16	static
../Core/Src/main.c:2207:6:SystemClock_Config	88	static
../Core/Src/main.c:2253:13:MX_ADC1_Init	24	static
../Core/Src/main.c:2375:13:MX_I2C1_Init	8	static
../Core/Src/main.c:2409:13:MX_TIM2_Init	64	static
../Core/Src/main.c:2468:13:MX_TIM3_Init	48	static
../Core/Src/main.c:2517:13:MX_TIM4_Init	32	static
../Core/Src/main.c:2563:13:MX_USART1_UART_Init	8	static
../Core/Src/main.c:2594:13:MX_DMA_Init	16	static
../Core/Src/main.c:2625:13:MX_GPIO_Init	48	static
../Core/Src/main.c:2686:6:Error_Handler	4	static,ignoring_inline_asm
