../Core/Src/main.c:562:6:buzzerSecuence	24	static
../Core/Src/main.c:583:6:BS_tcpConnectSecuence	8	static
../Core/Src/main.c:591:6:BS_Error	8	static
../Core/Src/main.c:599:6:BS_ACK_NOT_FOUND	8	static
../Core/Src/main.c:607:6:BS_NEWPARAM_OK	8	static
../Core/Src/main.c:615:6:BS_NEWPARAM_ISNOTOK	8	static
../Core/Src/main.c:625:6:setESP01_CHPD	16	static
../Core/Src/main.c:637:5:ESP01_UART_Transmit	16	static
../Core/Src/main.c:652:6:ESP01_Data_Received	24	static
../Core/Src/main.c:705:6:onESP01ChangeState	24	static
../Core/Src/main.c:752:6:onESP01Debug	24	static
../Core/Src/main.c:773:6:ESP01_App_Task	8	static
../Core/Src/main.c:810:10:UNER_Crc16Ccitt	24	static
../Core/Src/main.c:829:9:UNER_SendV1	96	static
../Core/Src/main.c:861:9:UNER_SendAckV1	24	static
../Core/Src/main.c:872:9:UNER_SendTelemetryV1	56	static
../Core/Src/main.c:897:9:UNER_Send	96	static
../Core/Src/main.c:935:9:UNER_SendInt16	24	static
../Core/Src/main.c:945:6:UNER_Rx_Task	16	static
../Core/Src/main.c:960:6:UNER_ProcessByteV1	40	static
../Core/Src/main.c:1093:6:UNER_ProcessByte	40	static
../Core/Src/main.c:1182:6:UNER_HandlePacket	16	static
../Core/Src/main.c:1208:6:sendCMD	16	static
../Core/Src/main.c:1219:6:DataToQt	4	static
../Core/Src/main.c:1226:6:screenScheduler	24	static
../Core/Src/main.c:1401:6:Filtrar_Sensores_IR	16	static
../Core/Src/main.c:1407:6:Iniciar_Calibracion_Linea	16	static
../Core/Src/main.c:1415:6:Procesar_Calibracion_Linea	16	static
../Core/Src/main.c:1429:6:Leer_Linea_Digital	16	static
../Core/Src/main.c:1439:6:Finalizar_Calibracion_Linea	4	static
../Core/Src/main.c:1452:6:PID_PITCH	40	static
../Core/Src/main.c:1516:7:calcularErrorYawDiscreto	24	static
../Core/Src/main.c:1531:7:calcularErrorYawContinuo	56	static
../Core/Src/main.c:1558:9:Calcular_PID_YAW	32	static
../Core/Src/main.c:1574:6:Procesar_Evasion_Obstaculo	4	static
../Core/Src/main.c:1626:6:Robot_Drive	16	static
../Core/Src/main.c:1671:6:MPU6050_Init	40	static
../Core/Src/main.c:1691:6:MPU6050_Calibrate	72	static
../Core/Src/main.c:1718:6:HAL_TIM_PeriodElapsedCallback	16	static
../Core/Src/main.c:1732:6:HAL_UARTEx_RxEventCallback	32	static
../Core/Src/main.c:1769:6:HAL_UART_ErrorCallback	24	static
../Core/Src/main.c:1784:5:main	8	static
../Core/Src/main.c:1939:6:SystemClock_Config	88	static
../Core/Src/main.c:1985:13:MX_ADC1_Init	24	static
../Core/Src/main.c:2100:13:MX_I2C1_Init	8	static
../Core/Src/main.c:2134:13:MX_TIM2_Init	64	static
../Core/Src/main.c:2193:13:MX_TIM3_Init	48	static
../Core/Src/main.c:2242:13:MX_TIM4_Init	32	static
../Core/Src/main.c:2287:13:MX_USART1_UART_Init	8	static
../Core/Src/main.c:2318:13:MX_DMA_Init	16	static
../Core/Src/main.c:2349:13:MX_GPIO_Init	48	static
../Core/Src/main.c:2404:6:Error_Handler	4	static,ignoring_inline_asm
