../Core/Src/main.c:391:7:ForwardMotion_Generate	40	static
../Core/Src/main.c:475:6:Telemetry_UpdateMPU	64	static
../Core/Src/main.c:509:16:AccelLog_Start	4	static
../Core/Src/main.c:534:13:AccelLog_RecordSample	16	static
../Core/Src/main.c:562:13:AccelLog_ServiceTx	80	static
../Core/Src/main.c:632:13:IrRightLog_Clear	4	static
../Core/Src/main.c:646:16:IrRightLog_StartCapture	16	static
../Core/Src/main.c:667:13:IrRightLog_RecordSample	8	static
../Core/Src/main.c:689:16:IrRightLog_StartTransmit	4	static
../Core/Src/main.c:705:13:IrRightLog_ServiceTx	104	static
../Core/Src/main.c:780:6:screenScheduler	144	static
../Core/Src/main.c:1258:6:OLED_RequestUpdate	4	static
../Core/Src/main.c:1266:6:OLED_Service	8	static
../Core/Src/main.c:1278:6:UNER_HandlePacket	112	static
../Core/Src/main.c:1953:6:Robot_Drive	16	static
../Core/Src/main.c:2009:6:Robot_ShortBrake	8	static
../Core/Src/main.c:2022:6:ESP01_Generic_Functions	16	static
../Core/Src/main.c:2032:6:HAL_TIM_PeriodElapsedCallback	16	static
../Core/Src/main.c:2047:6:HAL_I2C_MasterTxCpltCallback	16	static
../Core/Src/main.c:2061:6:HAL_I2C_ErrorCallback	16	static
../Core/Src/main.c:2070:6:HAL_UART_RxCpltCallback	32	static
../Core/Src/main.c:2094:6:HAL_UART_ErrorCallback	24	static
../Core/Src/main.c:2106:5:main	16	static
../Core/Src/main.c:2230:6:SystemClock_Config	88	static
../Core/Src/main.c:2276:13:MX_ADC1_Init	24	static
../Core/Src/main.c:2398:13:MX_I2C1_Init	8	static
../Core/Src/main.c:2432:13:MX_TIM2_Init	64	static
../Core/Src/main.c:2491:13:MX_TIM3_Init	48	static
../Core/Src/main.c:2540:13:MX_TIM4_Init	32	static
../Core/Src/main.c:2586:13:MX_USART1_UART_Init	8	static
../Core/Src/main.c:2617:13:MX_DMA_Init	16	static
../Core/Src/main.c:2648:13:MX_GPIO_Init	48	static
../Core/Src/main.c:2709:6:Error_Handler	4	static,ignoring_inline_asm
