../Core/Src/main.c:594:6:buzzerSecuence	24	static
../Core/Src/main.c:615:6:BS_tcpConnectSecuence	8	static
../Core/Src/main.c:623:6:BS_Error	8	static
../Core/Src/main.c:631:6:BS_ACK_NOT_FOUND	8	static
../Core/Src/main.c:639:6:BS_NEWPARAM_OK	8	static
../Core/Src/main.c:647:6:BS_NEWPARAM_ISNOTOK	8	static
../Core/Src/main.c:657:6:setESP01_CHPD	16	static
../Core/Src/main.c:669:5:ESP01_UART_Transmit	16	static
../Core/Src/main.c:684:6:ESP01_Data_Received	24	static
../Core/Src/main.c:737:6:onESP01ChangeState	24	static
../Core/Src/main.c:797:6:onESP01Debug	24	static
../Core/Src/main.c:840:6:ESP01_App_Task	16	static
../Core/Src/main.c:880:10:UNER_Crc16Ccitt	24	static
../Core/Src/main.c:899:9:UNER_SendV1	96	static
../Core/Src/main.c:938:9:UNER_QueueTx	16	static
../Core/Src/main.c:959:6:UNER_Tx_Task	16	static
../Core/Src/main.c:1002:9:UNER_SendAckV1	24	static
../Core/Src/main.c:1013:9:UNER_SendTelemetryV1	16	static
../Core/Src/main.c:1025:9:UNER_Send	96	static
../Core/Src/main.c:1063:9:UNER_SendInt16	24	static
../Core/Src/main.c:1073:6:UNER_Rx_Task	16	static
../Core/Src/main.c:1088:6:UNER_ProcessByteV1	40	static
../Core/Src/main.c:1221:6:UNER_ProcessByte	40	static
../Core/Src/main.c:1310:6:UNER_HandlePacket	16	static
../Core/Src/main.c:1353:6:sendCMD	16	static
../Core/Src/main.c:1364:6:DataToQt	4	static
../Core/Src/main.c:1372:6:Telemetry_UpdateMPU	64	static
../Core/Src/main.c:1420:6:screenScheduler	24	static
../Core/Src/main.c:1597:6:Filtrar_Sensores_IR	16	static
../Core/Src/main.c:1603:6:Iniciar_Calibracion_Linea	16	static
../Core/Src/main.c:1611:6:Procesar_Calibracion_Linea	16	static
../Core/Src/main.c:1625:6:Leer_Linea_Digital	16	static
../Core/Src/main.c:1635:6:Finalizar_Calibracion_Linea	4	static
../Core/Src/main.c:1648:6:PID_PITCH	40	static
../Core/Src/main.c:1712:7:calcularErrorYawDiscreto	24	static
../Core/Src/main.c:1727:7:calcularErrorYawContinuo	56	static
../Core/Src/main.c:1754:9:Calcular_PID_YAW	32	static
../Core/Src/main.c:1770:6:Procesar_Evasion_Obstaculo	4	static
../Core/Src/main.c:1822:6:Robot_Drive	16	static
../Core/Src/main.c:1867:6:MPU6050_Init	40	static
../Core/Src/main.c:1887:6:MPU6050_Calibrate	72	static
../Core/Src/main.c:1914:6:HAL_TIM_PeriodElapsedCallback	16	static
../Core/Src/main.c:1928:6:HAL_UART_RxCpltCallback	32	static
../Core/Src/main.c:1961:6:HAL_UART_ErrorCallback	24	static
../Core/Src/main.c:1975:5:main	8	static
../Core/Src/main.c:2138:6:SystemClock_Config	88	static
../Core/Src/main.c:2184:13:MX_ADC1_Init	24	static
../Core/Src/main.c:2299:13:MX_I2C1_Init	8	static
../Core/Src/main.c:2333:13:MX_TIM2_Init	64	static
../Core/Src/main.c:2392:13:MX_TIM3_Init	48	static
../Core/Src/main.c:2441:13:MX_TIM4_Init	32	static
../Core/Src/main.c:2486:13:MX_USART1_UART_Init	8	static
../Core/Src/main.c:2517:13:MX_DMA_Init	16	static
../Core/Src/main.c:2548:13:MX_GPIO_Init	48	static
../Core/Src/main.c:2603:6:Error_Handler	4	static,ignoring_inline_asm
