../Core/Src/main.c:358:7:ForwardMotion_Generate	40	static
../Core/Src/main.c:442:6:Telemetry_UpdateMPU	64	static
../Core/Src/main.c:476:16:AccelLog_Start	4	static
../Core/Src/main.c:501:13:AccelLog_RecordSample	16	static
../Core/Src/main.c:529:13:AccelLog_ServiceTx	80	static
../Core/Src/main.c:599:6:screenScheduler	144	static
../Core/Src/main.c:1077:6:OLED_RequestUpdate	4	static
../Core/Src/main.c:1085:6:OLED_Service	8	static
../Core/Src/main.c:1097:6:UNER_HandlePacket	104	static
../Core/Src/main.c:1717:6:Robot_Drive	16	static
../Core/Src/main.c:1773:6:Robot_ShortBrake	8	static
../Core/Src/main.c:1786:6:ESP01_Generic_Functions	16	static
../Core/Src/main.c:1796:6:HAL_TIM_PeriodElapsedCallback	16	static
../Core/Src/main.c:1811:6:HAL_I2C_MasterTxCpltCallback	16	static
../Core/Src/main.c:1825:6:HAL_I2C_ErrorCallback	16	static
../Core/Src/main.c:1834:6:HAL_UART_RxCpltCallback	32	static
../Core/Src/main.c:1858:6:HAL_UART_ErrorCallback	24	static
../Core/Src/main.c:1870:5:main	16	static
../Core/Src/main.c:1992:6:SystemClock_Config	88	static
../Core/Src/main.c:2038:13:MX_ADC1_Init	24	static
../Core/Src/main.c:2160:13:MX_I2C1_Init	8	static
../Core/Src/main.c:2194:13:MX_TIM2_Init	64	static
../Core/Src/main.c:2253:13:MX_TIM3_Init	48	static
../Core/Src/main.c:2302:13:MX_TIM4_Init	32	static
../Core/Src/main.c:2348:13:MX_USART1_UART_Init	8	static
../Core/Src/main.c:2379:13:MX_DMA_Init	16	static
../Core/Src/main.c:2410:13:MX_GPIO_Init	48	static
../Core/Src/main.c:2471:6:Error_Handler	4	static,ignoring_inline_asm
