../Core/Src/main.c:226:7:aplicarKalman	56	static
../Core/Src/main.c:256:6:sendCMD	40	static
../Core/Src/main.c:271:6:DataToQt	88	static
../Core/Src/main.c:306:6:Robot_Drive	16	static
../Core/Src/main.c:343:6:MPU6050_Init	40	static
../Core/Src/main.c:363:6:MPU6050_Calibrate	48	static
../Core/Src/main.c:381:6:HAL_TIM_PeriodElapsedCallback	24	static
../Core/Src/main.c:399:6:HAL_I2C_MemRxCpltCallback	56	static
../Core/Src/main.c:503:6:HAL_UARTEx_RxEventCallback	40	static
../Core/Src/main.c:542:6:HAL_UART_ErrorCallback	16	static
../Core/Src/main.c:558:5:main	32	static
../Core/Src/main.c:643:6:SystemClock_Config	88	static
../Core/Src/main.c:689:13:MX_I2C1_Init	8	static
../Core/Src/main.c:723:13:MX_TIM2_Init	64	static
../Core/Src/main.c:782:13:MX_TIM3_Init	48	static
../Core/Src/main.c:831:13:MX_TIM4_Init	32	static
../Core/Src/main.c:876:13:MX_USART1_UART_Init	8	static
../Core/Src/main.c:907:13:MX_DMA_Init	16	static
../Core/Src/main.c:932:13:MX_GPIO_Init	48	static
../Core/Src/main.c:987:6:Error_Handler	4	static,ignoring_inline_asm
