../Core/Src/main.c:392:7:ForwardMotion_Generate	7
../Core/Src/main.c:476:6:Telemetry_UpdateMPU	2
../Core/Src/main.c:510:16:AccelLog_Start	3
../Core/Src/main.c:535:13:AccelLog_RecordSample	4
../Core/Src/main.c:563:13:AccelLog_ServiceTx	11
../Core/Src/main.c:633:13:IrRightLog_Clear	2
../Core/Src/main.c:647:16:IrRightLog_StartCapture	4
../Core/Src/main.c:668:13:IrRightLog_RecordSample	4
../Core/Src/main.c:690:16:IrRightLog_StartTransmit	3
../Core/Src/main.c:706:13:IrRightLog_ServiceTx	12
../Core/Src/main.c:781:6:screenScheduler	68
../Core/Src/main.c:1259:6:OLED_RequestUpdate	2
../Core/Src/main.c:1267:6:OLED_Service	7
../Core/Src/main.c:1279:6:UNER_HandlePacket	190
../Core/Src/main.c:1954:6:Robot_Drive	19
../Core/Src/main.c:2010:6:Robot_ShortBrake	1
../Core/Src/main.c:2023:6:ESP01_Generic_Functions	8
../Core/Src/main.c:2033:6:HAL_TIM_PeriodElapsedCallback	4
../Core/Src/main.c:2048:6:HAL_I2C_MasterTxCpltCallback	4
../Core/Src/main.c:2062:6:HAL_I2C_ErrorCallback	3
../Core/Src/main.c:2071:6:HAL_UART_RxCpltCallback	8
../Core/Src/main.c:2095:6:HAL_UART_ErrorCallback	2
../Core/Src/main.c:2107:5:main	12
../Core/Src/main.c:2231:6:SystemClock_Config	3
../Core/Src/main.c:2277:13:MX_ADC1_Init	10
../Core/Src/main.c:2399:13:MX_I2C1_Init	2
../Core/Src/main.c:2433:13:MX_TIM2_Init	6
../Core/Src/main.c:2492:13:MX_TIM3_Init	4
../Core/Src/main.c:2541:13:MX_TIM4_Init	4
../Core/Src/main.c:2587:13:MX_USART1_UART_Init	2
../Core/Src/main.c:2618:13:MX_DMA_Init	1
../Core/Src/main.c:2649:13:MX_GPIO_Init	1
../Core/Src/main.c:2710:6:Error_Handler	1
