../Core/Src/main.c:617:6:buzzerSecuence	24	static
../Core/Src/main.c:638:6:BS_tcpConnectSecuence	8	static
../Core/Src/main.c:646:6:BS_Error	8	static
../Core/Src/main.c:654:6:BS_ACK_NOT_FOUND	8	static
../Core/Src/main.c:662:6:BS_NEWPARAM_OK	8	static
../Core/Src/main.c:670:6:BS_NEWPARAM_ISNOTOK	8	static
../Core/Src/main.c:680:6:setESP01_CHPD	16	static
../Core/Src/main.c:692:5:ESP01_UART_Transmit	16	static
../Core/Src/main.c:707:6:ESP01_Data_Received	24	static
../Core/Src/main.c:760:6:onESP01ChangeState	24	static
../Core/Src/main.c:820:6:onESP01Debug	24	static
../Core/Src/main.c:863:6:ESP01_App_Task	16	static
../Core/Src/main.c:904:10:UNER_Crc16Ccitt	24	static
../Core/Src/main.c:923:9:UNER_SendV1	96	static
../Core/Src/main.c:962:9:UNER_QueueTx	16	static
../Core/Src/main.c:983:6:UNER_Tx_Task	16	static
../Core/Src/main.c:1026:9:UNER_SendAckV1	24	static
../Core/Src/main.c:1037:9:UNER_SendTelemetryV1	56	static
../Core/Src/main.c:1062:9:UNER_Send	96	static
../Core/Src/main.c:1100:9:UNER_SendInt16	24	static
../Core/Src/main.c:1110:6:UNER_Rx_Task	16	static
../Core/Src/main.c:1125:6:UNER_ProcessByteV1	40	static
../Core/Src/main.c:1258:6:UNER_ProcessByte	40	static
../Core/Src/main.c:1347:16:UNER_ReadInt16LE	16	static
../Core/Src/main.c:1352:14:UNER_ReadFloatLE	24	static
../Core/Src/main.c:1364:6:UNER_HandlePacket	40	static
../Core/Src/main.c:1664:6:sendCMD	16	static
../Core/Src/main.c:1675:6:DataToQt	4	static
../Core/Src/main.c:1683:6:Telemetry_UpdateMPU	64	static
../Core/Src/main.c:1731:6:screenScheduler	32	static
../Core/Src/main.c:1946:6:Filtrar_Sensores_IR	16	static
../Core/Src/main.c:1952:6:Iniciar_Calibracion_Linea	16	static
../Core/Src/main.c:1960:6:Procesar_Calibracion_Linea	16	static
../Core/Src/main.c:1974:6:Leer_Linea_Digital	16	static
../Core/Src/main.c:1984:6:Finalizar_Calibracion_Linea	4	static
../Core/Src/main.c:1997:6:PID_PITCH	32	static
../Core/Src/main.c:2057:7:calcularErrorYawDiscreto	24	static
../Core/Src/main.c:2072:7:calcularErrorYawContinuo	56	static
../Core/Src/main.c:2099:9:Calcular_PID_YAW	32	static
../Core/Src/main.c:2115:6:Procesar_Evasion_Obstaculo	4	static
../Core/Src/main.c:2167:6:Robot_Drive	16	static
../Core/Src/main.c:2212:6:MPU6050_Init	40	static
../Core/Src/main.c:2232:6:MPU6050_Calibrate	72	static
../Core/Src/main.c:2259:6:HAL_TIM_PeriodElapsedCallback	16	static
../Core/Src/main.c:2273:6:HAL_UART_RxCpltCallback	32	static
../Core/Src/main.c:2306:6:HAL_UART_ErrorCallback	24	static
../Core/Src/main.c:2320:5:main	8	static
../Core/Src/main.c:2492:6:SystemClock_Config	88	static
../Core/Src/main.c:2538:13:MX_ADC1_Init	24	static
../Core/Src/main.c:2653:13:MX_I2C1_Init	8	static
../Core/Src/main.c:2687:13:MX_TIM2_Init	64	static
../Core/Src/main.c:2746:13:MX_TIM3_Init	48	static
../Core/Src/main.c:2795:13:MX_TIM4_Init	32	static
../Core/Src/main.c:2840:13:MX_USART1_UART_Init	8	static
../Core/Src/main.c:2871:13:MX_DMA_Init	16	static
../Core/Src/main.c:2902:13:MX_GPIO_Init	48	static
../Core/Src/main.c:2957:6:Error_Handler	4	static,ignoring_inline_asm
