../Core/Src/main.c:532:6:buzzerSecuence	24	static
../Core/Src/main.c:553:6:BS_tcpConnectSecuence	8	static
../Core/Src/main.c:561:6:BS_Error	8	static
../Core/Src/main.c:569:6:BS_ACK_NOT_FOUND	8	static
../Core/Src/main.c:577:6:BS_NEWPARAM_OK	8	static
../Core/Src/main.c:585:6:BS_NEWPARAM_ISNOTOK	8	static
../Core/Src/main.c:595:6:setESP01_CHPD	16	static
../Core/Src/main.c:607:5:ESP01_UART_Transmit	16	static
../Core/Src/main.c:622:6:ESP01_Data_Received	16	static
../Core/Src/main.c:664:6:onESP01ChangeState	24	static
../Core/Src/main.c:711:6:onESP01Debug	24	static
../Core/Src/main.c:732:6:ESP01_App_Task	8	static
../Core/Src/main.c:754:9:UNER_Send	96	static
../Core/Src/main.c:792:9:UNER_SendInt16	24	static
../Core/Src/main.c:802:6:UNER_Rx_Task	16	static
../Core/Src/main.c:817:6:UNER_ProcessByte	32	static
../Core/Src/main.c:906:6:UNER_HandlePacket	16	static
../Core/Src/main.c:926:6:sendCMD	16	static
../Core/Src/main.c:937:6:DataToQt	4	static
../Core/Src/main.c:944:6:screenScheduler	24	static
../Core/Src/main.c:1119:6:Filtrar_Sensores_IR	16	static
../Core/Src/main.c:1125:6:Iniciar_Calibracion_Linea	16	static
../Core/Src/main.c:1133:6:Procesar_Calibracion_Linea	16	static
../Core/Src/main.c:1147:6:Leer_Linea_Digital	16	static
../Core/Src/main.c:1157:6:Finalizar_Calibracion_Linea	4	static
../Core/Src/main.c:1170:6:PID_PITCH	40	static
../Core/Src/main.c:1234:7:calcularErrorYawDiscreto	24	static
../Core/Src/main.c:1249:7:calcularErrorYawContinuo	56	static
../Core/Src/main.c:1276:9:Calcular_PID_YAW	32	static
../Core/Src/main.c:1292:6:Procesar_Evasion_Obstaculo	4	static
../Core/Src/main.c:1344:6:Robot_Drive	16	static
../Core/Src/main.c:1389:6:MPU6050_Init	40	static
../Core/Src/main.c:1409:6:MPU6050_Calibrate	72	static
../Core/Src/main.c:1436:6:HAL_TIM_PeriodElapsedCallback	16	static
../Core/Src/main.c:1450:6:HAL_UARTEx_RxEventCallback	32	static
../Core/Src/main.c:1487:6:HAL_UART_ErrorCallback	24	static
../Core/Src/main.c:1502:5:main	8	static
../Core/Src/main.c:1657:6:SystemClock_Config	88	static
../Core/Src/main.c:1703:13:MX_ADC1_Init	24	static
../Core/Src/main.c:1818:13:MX_I2C1_Init	8	static
../Core/Src/main.c:1852:13:MX_TIM2_Init	64	static
../Core/Src/main.c:1911:13:MX_TIM3_Init	48	static
../Core/Src/main.c:1960:13:MX_TIM4_Init	32	static
../Core/Src/main.c:2005:13:MX_USART1_UART_Init	8	static
../Core/Src/main.c:2036:13:MX_DMA_Init	16	static
../Core/Src/main.c:2067:13:MX_GPIO_Init	48	static
../Core/Src/main.c:2122:6:Error_Handler	4	static,ignoring_inline_asm
