../Core/Src/main.c:358:7:ForwardMotion_Generate	40	static
../Core/Src/main.c:442:6:Telemetry_UpdateMPU	64	static
../Core/Src/main.c:476:16:AccelLog_Start	4	static
../Core/Src/main.c:501:13:AccelLog_RecordSample	16	static
../Core/Src/main.c:529:13:AccelLog_ServiceTx	80	static
../Core/Src/main.c:599:6:screenScheduler	144	static
../Core/Src/main.c:1073:6:OLED_RequestUpdate	4	static
../Core/Src/main.c:1081:6:OLED_Service	8	static
../Core/Src/main.c:1093:6:UNER_HandlePacket	104	static
../Core/Src/main.c:1689:6:Robot_Drive	16	static
../Core/Src/main.c:1745:6:Robot_ShortBrake	8	static
../Core/Src/main.c:1758:6:ESP01_Generic_Functions	16	static
../Core/Src/main.c:1768:6:HAL_TIM_PeriodElapsedCallback	16	static
../Core/Src/main.c:1783:6:HAL_I2C_MasterTxCpltCallback	16	static
../Core/Src/main.c:1797:6:HAL_I2C_ErrorCallback	16	static
../Core/Src/main.c:1806:6:HAL_UART_RxCpltCallback	32	static
../Core/Src/main.c:1830:6:HAL_UART_ErrorCallback	24	static
../Core/Src/main.c:1842:5:main	16	static
../Core/Src/main.c:1964:6:SystemClock_Config	88	static
../Core/Src/main.c:2010:13:MX_ADC1_Init	24	static
../Core/Src/main.c:2132:13:MX_I2C1_Init	8	static
../Core/Src/main.c:2166:13:MX_TIM2_Init	64	static
../Core/Src/main.c:2225:13:MX_TIM3_Init	48	static
../Core/Src/main.c:2274:13:MX_TIM4_Init	32	static
../Core/Src/main.c:2320:13:MX_USART1_UART_Init	8	static
../Core/Src/main.c:2351:13:MX_DMA_Init	16	static
../Core/Src/main.c:2382:13:MX_GPIO_Init	48	static
../Core/Src/main.c:2443:6:Error_Handler	4	static,ignoring_inline_asm
