../Core/Src/main.c:234:6:calculoPID	48	static
../Core/Src/main.c:287:7:aplicarKalman	56	static
../Core/Src/main.c:309:6:sendCMD	40	static
../Core/Src/main.c:324:6:DataToQt	88	static
../Core/Src/main.c:358:6:Robot_Drive	16	static
../Core/Src/main.c:386:6:MPU6050_Init	40	static
../Core/Src/main.c:404:6:MPU6050_Calibrate	48	static
../Core/Src/main.c:422:6:HAL_TIM_PeriodElapsedCallback	24	static
../Core/Src/main.c:442:6:HAL_I2C_MemRxCpltCallback	16	static
../Core/Src/main.c:467:6:HAL_I2C_MasterTxCpltCallback	16	static
../Core/Src/main.c:475:6:HAL_UARTEx_RxEventCallback	40	static
../Core/Src/main.c:554:6:HAL_UART_ErrorCallback	16	static
../Core/Src/main.c:570:5:main	32	static
../Core/Src/main.c:671:6:SystemClock_Config	88	static
../Core/Src/main.c:717:13:MX_ADC1_Init	24	static
../Core/Src/main.c:832:13:MX_I2C1_Init	8	static
../Core/Src/main.c:866:13:MX_TIM2_Init	64	static
../Core/Src/main.c:925:13:MX_TIM3_Init	48	static
../Core/Src/main.c:974:13:MX_TIM4_Init	32	static
../Core/Src/main.c:1019:13:MX_USART1_UART_Init	8	static
../Core/Src/main.c:1050:13:MX_DMA_Init	16	static
../Core/Src/main.c:1081:13:MX_GPIO_Init	48	static
../Core/Src/main.c:1136:6:Error_Handler	4	static,ignoring_inline_asm
