../Core/Src/main.c:323:7:ForwardMotion_Generate	40	static
../Core/Src/main.c:404:6:Telemetry_UpdateMPU	64	static
../Core/Src/main.c:438:6:screenScheduler	176	static
../Core/Src/main.c:1101:6:OLED_RequestUpdate	4	static
../Core/Src/main.c:1109:6:OLED_Service	8	static
../Core/Src/main.c:1121:6:UNER_HandlePacket	96	static
../Core/Src/main.c:1614:6:Robot_Drive	16	static
../Core/Src/main.c:1670:6:ESP01_Generic_Functions	16	static
../Core/Src/main.c:1680:6:HAL_TIM_PeriodElapsedCallback	16	static
../Core/Src/main.c:1695:6:HAL_I2C_MasterTxCpltCallback	16	static
../Core/Src/main.c:1709:6:HAL_I2C_ErrorCallback	16	static
../Core/Src/main.c:1718:6:HAL_UART_RxCpltCallback	32	static
../Core/Src/main.c:1742:6:HAL_UART_ErrorCallback	24	static
../Core/Src/main.c:1754:5:main	16	static
../Core/Src/main.c:1874:6:SystemClock_Config	88	static
../Core/Src/main.c:1920:13:MX_ADC1_Init	24	static
../Core/Src/main.c:2042:13:MX_I2C1_Init	8	static
../Core/Src/main.c:2076:13:MX_TIM2_Init	64	static
../Core/Src/main.c:2135:13:MX_TIM3_Init	48	static
../Core/Src/main.c:2184:13:MX_TIM4_Init	32	static
../Core/Src/main.c:2230:13:MX_USART1_UART_Init	8	static
../Core/Src/main.c:2261:13:MX_DMA_Init	16	static
../Core/Src/main.c:2292:13:MX_GPIO_Init	48	static
../Core/Src/main.c:2353:6:Error_Handler	4	static,ignoring_inline_asm
