../Core/Src/main.c:338:6:Telemetry_UpdateMPU	56	static
../Core/Src/main.c:369:6:screenScheduler	40	static
../Core/Src/main.c:546:6:UNER_HandlePacket	40	static
../Core/Src/main.c:859:6:Robot_Drive	16	static
../Core/Src/main.c:901:6:HAL_TIM_PeriodElapsedCallback	16	static
../Core/Src/main.c:911:6:HAL_UART_RxCpltCallback	32	static
../Core/Src/main.c:935:6:HAL_UART_ErrorCallback	24	static
../Core/Src/main.c:947:5:main	8	static
../Core/Src/main.c:1037:6:SystemClock_Config	88	static
../Core/Src/main.c:1083:13:MX_ADC1_Init	24	static
../Core/Src/main.c:1198:13:MX_I2C1_Init	8	static
../Core/Src/main.c:1232:13:MX_TIM2_Init	64	static
../Core/Src/main.c:1291:13:MX_TIM3_Init	48	static
../Core/Src/main.c:1340:13:MX_TIM4_Init	32	static
../Core/Src/main.c:1385:13:MX_USART1_UART_Init	8	static
../Core/Src/main.c:1416:13:MX_DMA_Init	16	static
../Core/Src/main.c:1447:13:MX_GPIO_Init	48	static
../Core/Src/main.c:1508:6:Error_Handler	4	static,ignoring_inline_asm
