../Core/Src/main.c:350:6:buzzerSecuence	24	static
../Core/Src/main.c:368:6:BS_tcpConnectSecuence	8	static
../Core/Src/main.c:375:6:BS_Error	8	static
../Core/Src/main.c:383:6:BS_ACK_NOT_FOUND	8	static
../Core/Src/main.c:390:6:BS_NEWPARAM_OK	8	static
../Core/Src/main.c:397:6:BS_NEWPARAM_ISNOTOK	8	static
../Core/Src/main.c:404:6:calculoPID	40	static
../Core/Src/main.c:426:6:sendCMD	40	static
../Core/Src/main.c:442:6:DataToQt	32	static
../Core/Src/main.c:469:6:Robot_Drive	16	static
../Core/Src/main.c:509:6:MPU6050_Init	40	static
../Core/Src/main.c:529:6:MPU6050_Calibrate	72	static
../Core/Src/main.c:556:6:HAL_TIM_PeriodElapsedCallback	24	static
../Core/Src/main.c:574:6:HAL_I2C_MemRxCpltCallback	16	static
../Core/Src/main.c:593:6:HAL_I2C_MasterTxCpltCallback	16	static
../Core/Src/main.c:601:7:HAL_UARTEx_RxEventCallback	48	static
../Core/Src/main.c:701:6:HAL_UART_ErrorCallback	16	static
../Core/Src/main.c:714:5:main	40	static
../Core/Src/main.c:897:6:SystemClock_Config	88	static
../Core/Src/main.c:943:13:MX_ADC1_Init	24	static
../Core/Src/main.c:1058:13:MX_I2C1_Init	8	static
../Core/Src/main.c:1092:13:MX_TIM2_Init	64	static
../Core/Src/main.c:1151:13:MX_TIM3_Init	48	static
../Core/Src/main.c:1200:13:MX_TIM4_Init	32	static
../Core/Src/main.c:1245:13:MX_USART1_UART_Init	8	static
../Core/Src/main.c:1276:13:MX_DMA_Init	16	static
../Core/Src/main.c:1307:13:MX_GPIO_Init	48	static
../Core/Src/main.c:1362:6:Error_Handler	4	static,ignoring_inline_asm
