../Core/Src/main.c:173:6:Robot_Drive	16	static
../Core/Src/main.c:211:6:MPU6050_Init	40	static
../Core/Src/main.c:231:6:MPU6050_Calibrate	40	static
../Core/Src/main.c:249:6:HAL_TIM_PeriodElapsedCallback	24	static
../Core/Src/main.c:265:6:HAL_I2C_MemRxCpltCallback	56	static
../Core/Src/main.c:313:6:HAL_UARTEx_RxEventCallback	40	static
../Core/Src/main.c:357:6:HAL_UART_ErrorCallback	16	static
../Core/Src/main.c:373:5:main	128	static
../Core/Src/main.c:497:6:SystemClock_Config	88	static
../Core/Src/main.c:543:13:MX_I2C1_Init	8	static
../Core/Src/main.c:577:13:MX_TIM2_Init	64	static
../Core/Src/main.c:636:13:MX_TIM3_Init	48	static
../Core/Src/main.c:685:13:MX_TIM4_Init	32	static
../Core/Src/main.c:730:13:MX_USART1_UART_Init	8	static
../Core/Src/main.c:761:13:MX_DMA_Init	16	static
../Core/Src/main.c:786:13:MX_GPIO_Init	48	static
../Core/Src/main.c:841:6:Error_Handler	4	static,ignoring_inline_asm
