../Core/Src/main.c:357:7:ForwardMotion_Generate	40	static
../Core/Src/main.c:441:6:Telemetry_UpdateMPU	64	static
../Core/Src/main.c:475:16:AccelLog_Start	4	static
../Core/Src/main.c:500:13:AccelLog_RecordSample	16	static
../Core/Src/main.c:528:13:AccelLog_ServiceTx	80	static
../Core/Src/main.c:598:6:screenScheduler	144	static
../Core/Src/main.c:1072:6:OLED_RequestUpdate	4	static
../Core/Src/main.c:1080:6:OLED_Service	8	static
../Core/Src/main.c:1092:6:UNER_HandlePacket	104	static
../Core/Src/main.c:1655:6:Robot_Drive	16	static
../Core/Src/main.c:1711:6:Robot_ShortBrake	8	static
../Core/Src/main.c:1724:6:ESP01_Generic_Functions	16	static
../Core/Src/main.c:1734:6:HAL_TIM_PeriodElapsedCallback	16	static
../Core/Src/main.c:1749:6:HAL_I2C_MasterTxCpltCallback	16	static
../Core/Src/main.c:1763:6:HAL_I2C_ErrorCallback	16	static
../Core/Src/main.c:1772:6:HAL_UART_RxCpltCallback	32	static
../Core/Src/main.c:1796:6:HAL_UART_ErrorCallback	24	static
../Core/Src/main.c:1808:5:main	16	static
../Core/Src/main.c:1930:6:SystemClock_Config	88	static
../Core/Src/main.c:1976:13:MX_ADC1_Init	24	static
../Core/Src/main.c:2098:13:MX_I2C1_Init	8	static
../Core/Src/main.c:2132:13:MX_TIM2_Init	64	static
../Core/Src/main.c:2191:13:MX_TIM3_Init	48	static
../Core/Src/main.c:2240:13:MX_TIM4_Init	32	static
../Core/Src/main.c:2286:13:MX_USART1_UART_Init	8	static
../Core/Src/main.c:2317:13:MX_DMA_Init	16	static
../Core/Src/main.c:2348:13:MX_GPIO_Init	48	static
../Core/Src/main.c:2409:6:Error_Handler	4	static,ignoring_inline_asm
