../Core/Src/main.c:350:6:Telemetry_UpdateMPU	64	static
../Core/Src/main.c:384:6:screenScheduler	56	static
../Core/Src/main.c:618:6:OLED_RequestUpdate	4	static
../Core/Src/main.c:626:6:OLED_Service	8	static
../Core/Src/main.c:638:6:UNER_HandlePacket	88	static
../Core/Src/main.c:1043:6:Robot_Drive	16	static
../Core/Src/main.c:1083:6:ESP01_Generic_Functions	16	static
../Core/Src/main.c:1093:6:HAL_TIM_PeriodElapsedCallback	16	static
../Core/Src/main.c:1108:6:HAL_I2C_MasterTxCpltCallback	16	static
../Core/Src/main.c:1122:6:HAL_I2C_ErrorCallback	16	static
../Core/Src/main.c:1131:6:HAL_UART_RxCpltCallback	32	static
../Core/Src/main.c:1155:6:HAL_UART_ErrorCallback	24	static
../Core/Src/main.c:1167:5:main	16	static
../Core/Src/main.c:1277:6:SystemClock_Config	88	static
../Core/Src/main.c:1323:13:MX_ADC1_Init	24	static
../Core/Src/main.c:1438:13:MX_I2C1_Init	8	static
../Core/Src/main.c:1472:13:MX_TIM2_Init	64	static
../Core/Src/main.c:1531:13:MX_TIM3_Init	48	static
../Core/Src/main.c:1580:13:MX_TIM4_Init	32	static
../Core/Src/main.c:1626:13:MX_USART1_UART_Init	8	static
../Core/Src/main.c:1657:13:MX_DMA_Init	16	static
../Core/Src/main.c:1688:13:MX_GPIO_Init	48	static
../Core/Src/main.c:1749:6:Error_Handler	4	static,ignoring_inline_asm
