../Core/Src/main.c:346:6:Telemetry_UpdateMPU	64	static
../Core/Src/main.c:379:6:screenScheduler	40	static
../Core/Src/main.c:599:6:UNER_HandlePacket	72	static
../Core/Src/main.c:987:6:Robot_Drive	16	static
../Core/Src/main.c:1027:6:ESP01_Generic_Functions	16	static
../Core/Src/main.c:1041:6:HAL_TIM_PeriodElapsedCallback	16	static
../Core/Src/main.c:1052:6:HAL_UART_RxCpltCallback	32	static
../Core/Src/main.c:1076:6:HAL_UART_ErrorCallback	24	static
../Core/Src/main.c:1088:5:main	16	static
../Core/Src/main.c:1193:6:SystemClock_Config	88	static
../Core/Src/main.c:1239:13:MX_ADC1_Init	24	static
../Core/Src/main.c:1354:13:MX_I2C1_Init	8	static
../Core/Src/main.c:1388:13:MX_TIM2_Init	64	static
../Core/Src/main.c:1447:13:MX_TIM3_Init	48	static
../Core/Src/main.c:1496:13:MX_TIM4_Init	32	static
../Core/Src/main.c:1542:13:MX_USART1_UART_Init	8	static
../Core/Src/main.c:1573:13:MX_DMA_Init	16	static
../Core/Src/main.c:1604:13:MX_GPIO_Init	48	static
../Core/Src/main.c:1665:6:Error_Handler	4	static,ignoring_inline_asm
