../Core/Src/main.c:623:6:buzzerSecuence	24	static
../Core/Src/main.c:644:6:BS_tcpConnectSecuence	8	static
../Core/Src/main.c:652:6:BS_Error	8	static
../Core/Src/main.c:660:6:BS_ACK_NOT_FOUND	8	static
../Core/Src/main.c:668:6:BS_NEWPARAM_OK	8	static
../Core/Src/main.c:676:6:BS_NEWPARAM_ISNOTOK	8	static
../Core/Src/main.c:686:6:setESP01_CHPD	16	static
../Core/Src/main.c:698:5:ESP01_UART_Transmit	16	static
../Core/Src/main.c:713:6:ESP01_Data_Received	24	static
../Core/Src/main.c:766:6:onESP01ChangeState	24	static
../Core/Src/main.c:826:6:onESP01Debug	24	static
../Core/Src/main.c:869:6:ESP01_App_Task	16	static
../Core/Src/main.c:919:10:UNER_Crc16Ccitt	24	static
../Core/Src/main.c:938:9:UNER_SendV1	96	static
../Core/Src/main.c:977:9:UNER_QueueTx	16	static
../Core/Src/main.c:998:15:ESP01_StartTransport	8	static
../Core/Src/main.c:1007:6:UNER_Tx_Task	16	static
../Core/Src/main.c:1051:9:UNER_SendAckV1	24	static
../Core/Src/main.c:1062:9:UNER_SendTelemetryV1	56	static
../Core/Src/main.c:1087:9:UNER_Send	96	static
../Core/Src/main.c:1125:9:UNER_SendInt16	24	static
../Core/Src/main.c:1135:6:UNER_Rx_Task	16	static
../Core/Src/main.c:1150:6:UNER_ProcessByteV1	40	static
../Core/Src/main.c:1283:6:UNER_ProcessByte	40	static
../Core/Src/main.c:1372:16:UNER_ReadInt16LE	16	static
../Core/Src/main.c:1377:14:UNER_ReadFloatLE	24	static
../Core/Src/main.c:1389:6:UNER_HandlePacket	40	static
../Core/Src/main.c:1709:6:sendCMD	16	static
../Core/Src/main.c:1720:6:DataToQt	4	static
../Core/Src/main.c:1728:6:Telemetry_UpdateMPU	64	static
../Core/Src/main.c:1776:6:screenScheduler	32	static
../Core/Src/main.c:1995:6:Filtrar_Sensores_IR	16	static
../Core/Src/main.c:2001:6:Iniciar_Calibracion_Linea	16	static
../Core/Src/main.c:2009:6:Procesar_Calibracion_Linea	16	static
../Core/Src/main.c:2023:6:Leer_Linea_Digital	16	static
../Core/Src/main.c:2033:6:Finalizar_Calibracion_Linea	4	static
../Core/Src/main.c:2046:6:PID_PITCH	32	static
../Core/Src/main.c:2106:7:calcularErrorYawDiscreto	24	static
../Core/Src/main.c:2121:7:calcularErrorYawContinuo	56	static
../Core/Src/main.c:2148:9:Calcular_PID_YAW	32	static
../Core/Src/main.c:2164:6:Procesar_Evasion_Obstaculo	4	static
../Core/Src/main.c:2216:6:Robot_Drive	16	static
../Core/Src/main.c:2261:6:MPU6050_Init	40	static
../Core/Src/main.c:2281:6:MPU6050_Calibrate	72	static
../Core/Src/main.c:2308:6:HAL_TIM_PeriodElapsedCallback	16	static
../Core/Src/main.c:2322:6:HAL_UART_RxCpltCallback	32	static
../Core/Src/main.c:2355:6:HAL_UART_ErrorCallback	24	static
../Core/Src/main.c:2369:5:main	8	static
../Core/Src/main.c:2541:6:SystemClock_Config	88	static
../Core/Src/main.c:2587:13:MX_ADC1_Init	24	static
../Core/Src/main.c:2702:13:MX_I2C1_Init	8	static
../Core/Src/main.c:2736:13:MX_TIM2_Init	64	static
../Core/Src/main.c:2795:13:MX_TIM3_Init	48	static
../Core/Src/main.c:2844:13:MX_TIM4_Init	32	static
../Core/Src/main.c:2889:13:MX_USART1_UART_Init	8	static
../Core/Src/main.c:2920:13:MX_DMA_Init	16	static
../Core/Src/main.c:2951:13:MX_GPIO_Init	48	static
../Core/Src/main.c:3006:6:Error_Handler	4	static,ignoring_inline_asm
