../Core/Src/obstacle_follow.c:45:14:ObstacleFollow_ClampFloat	16	static
../Core/Src/obstacle_follow.c:59:13:ObstacleFollow_UpdateRightSensor	4	static
../Core/Src/obstacle_follow.c:90:13:ObstacleFollow_SetState	16	static
../Core/Src/obstacle_follow.c:97:13:ObstacleFollow_ClearOutput	4	static
../Core/Src/obstacle_follow.c:113:9:ObstacleFollow_Start	16	static
../Core/Src/obstacle_follow.c:133:6:ObstacleFollow_Stop	8	static
../Core/Src/obstacle_follow.c:140:9:ObstacleFollow_IsActive	4	static
../Core/Src/obstacle_follow.c:145:6:ObstacleFollow_Task	40	static
