../Core/Src/obstacle_follow.c:92:14:ObstacleFollow_ClampFloat	16	static
../Core/Src/obstacle_follow.c:106:17:ObstacleFollow_EstimateDistanceMm	40	static
../Core/Src/obstacle_follow.c:131:17:ObstacleFollow_ApplyRearAdcOffset	24	static
../Core/Src/obstacle_follow.c:145:13:ObstacleFollow_ResetValidSteeringHistory	16	static
../Core/Src/obstacle_follow.c:156:13:ObstacleFollow_UpdateValidSteeringHistory	16	static
../Core/Src/obstacle_follow.c:180:13:ObstacleFollow_StartFixedCorner	16	static
../Core/Src/obstacle_follow.c:196:13:ObstacleFollow_UpdateRightSensor	8	static
../Core/Src/obstacle_follow.c:239:13:ObstacleFollow_SetState	16	static
../Core/Src/obstacle_follow.c:246:13:ObstacleFollow_ClearOutput	8	static
../Core/Src/obstacle_follow.c:269:9:ObstacleFollow_Start	16	static
../Core/Src/obstacle_follow.c:297:6:ObstacleFollow_Stop	8	static
../Core/Src/obstacle_follow.c:304:9:ObstacleFollow_IsActive	4	static
../Core/Src/obstacle_follow.c:309:6:ObstacleFollow_Task	40	static
