../Core/Src/main.c:89:6:HAL_ADC_ConvCpltCallback	64	static
../Core/Src/main.c:119:5:main	8	static
../Core/Src/main.c:201:6:SystemClock_Config	88	static
../Core/Src/main.c:249:13:MX_ADC1_Init	24	static
../Core/Src/main.c:359:13:MX_I2C1_Init	8	static
../Core/Src/main.c:393:13:MX_TIM1_Init	32	static
../Core/Src/main.c:439:13:MX_USART1_UART_Init	8	static
../Core/Src/main.c:470:13:MX_DMA_Init	16	static
../Core/Src/main.c:488:13:MX_GPIO_Init	40	static
../Core/Src/main.c:524:6:Error_Handler	4	static,ignoring_inline_asm
